Component: Arm Compiler for Embedded 6.22 Tool: armlink [5ee90200]

==============================================================================

Section Cross References

    startup_stm32f103xb.o(RESET) refers to startup_stm32f103xb.o(STACK) for __initial_sp
    startup_stm32f103xb.o(RESET) refers to startup_stm32f103xb.o(.text) for Reset_Handler
    startup_stm32f103xb.o(RESET) refers to stm32f1xx_it.o(.text.NMI_Handler) for NMI_Handler
    startup_stm32f103xb.o(RESET) refers to stm32f1xx_it.o(.text.HardFault_Handler) for HardFault_Handler
    startup_stm32f103xb.o(RESET) refers to stm32f1xx_it.o(.text.MemManage_Handler) for MemManage_Handler
    startup_stm32f103xb.o(RESET) refers to stm32f1xx_it.o(.text.BusFault_Handler) for BusFault_Handler
    startup_stm32f103xb.o(RESET) refers to stm32f1xx_it.o(.text.UsageFault_Handler) for UsageFault_Handler
    startup_stm32f103xb.o(RESET) refers to stm32f1xx_it.o(.text.SVC_Handler) for SVC_Handler
    startup_stm32f103xb.o(RESET) refers to stm32f1xx_it.o(.text.DebugMon_Handler) for DebugMon_Handler
    startup_stm32f103xb.o(RESET) refers to stm32f1xx_it.o(.text.PendSV_Handler) for PendSV_Handler
    startup_stm32f103xb.o(RESET) refers to stm32f1xx_it.o(.text.SysTick_Handler) for SysTick_Handler
    startup_stm32f103xb.o(RESET) refers to stm32f1xx_it.o(.text.EXTI0_IRQHandler) for EXTI0_IRQHandler
    startup_stm32f103xb.o(RESET) refers to stm32f1xx_it.o(.text.EXTI1_IRQHandler) for EXTI1_IRQHandler
    startup_stm32f103xb.o(RESET) refers to stm32f1xx_it.o(.text.EXTI3_IRQHandler) for EXTI3_IRQHandler
    startup_stm32f103xb.o(RESET) refers to stm32f1xx_it.o(.text.EXTI4_IRQHandler) for EXTI4_IRQHandler
    startup_stm32f103xb.o(RESET) refers to stm32f1xx_it.o(.text.TIM2_IRQHandler) for TIM2_IRQHandler
    startup_stm32f103xb.o(RESET) refers to stm32f1xx_it.o(.text.TIM3_IRQHandler) for TIM3_IRQHandler
    startup_stm32f103xb.o(RESET) refers to stm32f1xx_it.o(.text.USART1_IRQHandler) for USART1_IRQHandler
    startup_stm32f103xb.o(RESET) refers to stm32f1xx_it.o(.text.EXTI15_10_IRQHandler) for EXTI15_10_IRQHandler
    startup_stm32f103xb.o(.text) refers to system_stm32f1xx.o(.text.SystemInit) for SystemInit
    startup_stm32f103xb.o(.text) refers to entry.o(.ARM.Collect$$$$00000000) for __main
    main.o(.text.main) refers to stm32f1xx_hal.o(.text.HAL_Init) for HAL_Init
    main.o(.text.main) refers to memseta.o(.text) for __aeabi_memclr4
    main.o(.text.main) refers to stm32f1xx_hal_rcc.o(.text.HAL_RCC_OscConfig) for HAL_RCC_OscConfig
    main.o(.text.main) refers to stm32f1xx_hal_rcc.o(.text.HAL_RCC_ClockConfig) for HAL_RCC_ClockConfig
    main.o(.text.main) refers to gpio.o(.text.MX_GPIO_Init) for MX_GPIO_Init
    main.o(.text.main) refers to tim.o(.text.MX_TIM1_Init) for MX_TIM1_Init
    main.o(.text.main) refers to usart.o(.text.MX_USART1_UART_Init) for MX_USART1_UART_Init
    main.o(.text.main) refers to tim.o(.text.MX_TIM2_Init) for MX_TIM2_Init
    main.o(.text.main) refers to tim.o(.text.MX_TIM3_Init) for MX_TIM3_Init
    main.o(.text.main) refers to tim.o(.text.MX_TIM4_Init) for MX_TIM4_Init
    main.o(.text.main) refers to stm32f1xx_hal_cortex.o(.text.HAL_NVIC_SetPriority) for HAL_NVIC_SetPriority
    main.o(.text.main) refers to stm32f1xx_hal_cortex.o(.text.HAL_NVIC_EnableIRQ) for HAL_NVIC_EnableIRQ
    main.o(.text.main) refers to tim.o(.bss.htim4) for htim4
    main.o(.text.main) refers to stm32f1xx_hal_tim.o(.text.HAL_TIM_Encoder_Start) for HAL_TIM_Encoder_Start
    main.o(.text.main) refers to stm32utilities.o(.text.timing_init) for timing_init
    main.o(.text.main) refers to stm32utilities.o(.text.uart_init) for uart_init
    main.o(.text.main) refers to eeprom.o(.text.eeprom_init) for eeprom_init
    main.o(.text.main) refers to serial.o(.text.serial_init) for serial_init
    main.o(.text.main) refers to settings.o(.text.settings_init) for settings_init
    main.o(.text.main) refers to stepper.o(.text.stepper_init) for stepper_init
    main.o(.text.main) refers to system.o(.text.system_init) for system_init
    main.o(.text.main) refers to main.o(.bss.sys_position) for sys_position
    main.o(.text.main) refers to settings.o(.bss.settings) for settings
    main.o(.text.main) refers to main.o(.bss.sys) for sys
    main.o(.text.main) refers to main.o(.bss.sys_probe_position) for sys_probe_position
    main.o(.text.main) refers to main.o(.bss.sys_probe_state) for sys_probe_state
    main.o(.text.main) refers to main.o(.bss.sys_rt_exec_state) for sys_rt_exec_state
    main.o(.text.main) refers to main.o(.bss.sys_rt_exec_alarm) for sys_rt_exec_alarm
    main.o(.text.main) refers to main.o(.bss.sys_rt_exec_motion_override) for sys_rt_exec_motion_override
    main.o(.text.main) refers to main.o(.bss.sys_rt_exec_accessory_override) for sys_rt_exec_accessory_override
    main.o(.text.main) refers to serial.o(.text.serial_reset_read_buffer) for serial_reset_read_buffer
    main.o(.text.main) refers to gcode.o(.text.gc_init) for gc_init
[...]
    [Anonymous Symbol]                       0x20002cc8   Section        0  planner.o(.bss.block_buffer_head)
    block_buffer_planned                     0x20002cc9   Data           1  planner.o(.bss.block_buffer_planned)
    [Anonymous Symbol]                       0x20002cc9   Section        0  planner.o(.bss.block_buffer_planned)
    block_buffer_tail                        0x20002cca   Data           1  planner.o(.bss.block_buffer_tail)
    [Anonymous Symbol]                       0x20002cca   Section        0  planner.o(.bss.block_buffer_tail)
    busy                                     0x20002ccb   Data           1  stepper.o(.bss.busy)
    [Anonymous Symbol]                       0x20002ccb   Section        0  stepper.o(.bss.busy)
    dir_port_invert_mask                     0x20002ccc   Data           2  stepper.o(.bss.dir_port_invert_mask)
    [Anonymous Symbol]                       0x20002ccc   Section        0  stepper.o(.bss.dir_port_invert_mask)
    line                                     0x20002db0   Data          80  protocol.o(.bss.line)
    [Anonymous Symbol]                       0x20002db0   Section        0  protocol.o(.bss.line)
    next_buffer_head                         0x20002e00   Data           1  planner.o(.bss.next_buffer_head)
    [Anonymous Symbol]                       0x20002e00   Section        0  planner.o(.bss.next_buffer_head)
    pl                                       0x20002e78   Data          28  planner.o(.bss.pl)
    [Anonymous Symbol]                       0x20002e78   Section        0  planner.o(.bss.pl)
    pl_block                                 0x20002e94   Data           4  stepper.o(.bss.pl_block)
    [Anonymous Symbol]                       0x20002e94   Section        0  stepper.o(.bss.pl_block)
    prep                                     0x20002e98   Data          56  stepper.o(.bss.prep)
    [Anonymous Symbol]                       0x20002e98   Section        0  stepper.o(.bss.prep)
    pwm_gradient                             0x20002ed4   Data           4  spindle_control.o(.bss.pwm_gradient)
    [Anonymous Symbol]                       0x20002ed4   Section        0  spindle_control.o(.bss.pwm_gradient)
    segment_buffer                           0x20002ed8   Data         256  stepper.o(.bss.segment_buffer)
    [Anonymous Symbol]                       0x20002ed8   Section        0  stepper.o(.bss.segment_buffer)
    segment_buffer_head                      0x20002fd8   Data           1  stepper.o(.bss.segment_buffer_head)
    [Anonymous Symbol]                       0x20002fd8   Section        0  stepper.o(.bss.segment_buffer_head)
    segment_buffer_tail                      0x20002fd9   Data           1  stepper.o(.bss.segment_buffer_tail)
    [Anonymous Symbol]                       0x20002fd9   Section        0  stepper.o(.bss.segment_buffer_tail)
    segment_next_head                        0x20002fda   Data           1  stepper.o(.bss.segment_next_head)
    [Anonymous Symbol]                       0x20002fda   Section        0  stepper.o(.bss.segment_next_head)
    st                                       0x20003140   Data          56  stepper.o(.bss.st)
    [Anonymous Symbol]                       0x20003140   Section        0  stepper.o(.bss.st)
    st_block_buffer                          0x20003178   Data         620  stepper.o(.bss.st_block_buffer)
    [Anonymous Symbol]                       0x20003178   Section        0  stepper.o(.bss.st_block_buffer)
    st_prep_block                            0x200033e4   Data           4  stepper.o(.bss.st_prep_block)
    [Anonymous Symbol]                       0x200033e4   Section        0  stepper.o(.bss.st_prep_block)
    step_port_invert_mask                    0x200033e8   Data           2  stepper.o(.bss.step_port_invert_mask)
    [Anonymous Symbol]                       0x200033e8   Section        0  stepper.o(.bss.step_port_invert_mask)
    STACK                                    0x20003428   Section     1024  startup_stm32f103xb.o(STACK)

    Global Symbols

    Symbol Name                              Value     Ov Type        Size  Object(Section)

    BuildAttributes$$THM_ISAv4$P$D$K$B$S$PE$A:L22UL41UL21$X:L11$S22US41US21$IEEE1$IW$~IW$USESV6$~STKCKD$USESV7$~SHL$OTIME$ROPI$IEEEX$EBA8$MICROLIB$REQ8$PRES8$EABIv2 0x00000000   Number         0  anon$$obj.o ABSOLUTE
    __cpp_initialize__aeabi_                  - Undefined Weak Reference
    __cxa_finalize                            - Undefined Weak Reference
    __decompress                              - Undefined Weak Reference
    _clock_init                               - Undefined Weak Reference
    _microlib_exit                            - Undefined Weak Reference
    __Vectors_Size                           0x000000ec   Number         0  startup_stm32f103xb.o ABSOLUTE
    __Vectors                                0x08000000   Data           4  startup_stm32f103xb.o(RESET)
    __Vectors_End                            0x080000ec   Data           0  startup_stm32f103xb.o(RESET)
    __main                                   0x080000ed   Thumb Code     0  entry.o(.ARM.Collect$$$$00000000)
    _main_stk                                0x080000ed   Thumb Code     0  entry2.o(.ARM.Collect$$$$00000001)
    _main_scatterload                        0x080000f1   Thumb Code     0  entry5.o(.ARM.Collect$$$$00000004)
    __main_after_scatterload                 0x080000f5   Thumb Code     0  entry5.o(.ARM.Collect$$$$00000004)
    _main_clock                              0x080000f5   Thumb Code     0  entry7b.o(.ARM.Collect$$$$00000008)
    _main_cpp_init                           0x080000f5   Thumb Code     0  entry8b.o(.ARM.Collect$$$$0000000A)
    _main_init                               0x080000f5   Thumb Code     0  entry9a.o(.ARM.Collect$$$$0000000B)
    __rt_final_cpp                           0x080000fd   Thumb Code     0  entry10a.o(.ARM.Collect$$$$0000000D)
    __rt_final_exit                          0x080000fd   Thumb Code     0  entry11a.o(.ARM.Collect$$$$0000000F)
    Reset_Handler                            0x08000101   Thumb Code     8  startup_stm32f103xb.o(.text)
    ADC1_2_IRQHandler                        0x0800011b   Thumb Code     0  startup_stm32f103xb.o(.text)
    CAN1_RX1_IRQHandler                      0x0800011b   Thumb Code     0  startup_stm32f103xb.o(.text)
    CAN1_SCE_IRQHandler                      0x0800011b   Thumb Code     0  startup_stm32f103xb.o(.text)
    DMA1_Channel1_IRQHandler                 0x0800011b   Thumb Code     0  startup_stm32f103xb.o(.text)
    DMA1_Channel2_IRQHandler                 0x0800011b   Thumb Code     0  startup_stm32f103xb.o(.text)
    DMA1_Channel3_IRQHandler                 0x0800011b   Thumb Code     0  startup_stm32f103xb.o(.text)
    DMA1_Channel4_IRQHandler                 0x0800011b   Thumb Code     0  startup_stm32f103xb.o(.text)
    DMA1_Channel5_IRQHandler                 0x0800011b   Thumb Code     0  startup_stm32f103xb.o(.text)
    DMA1_Channel6_IRQHandler                 0x0800011b   Thumb Code     0  startup_stm32f103xb.o(.text)
    DMA1_Channel7_IRQHandler                 0x0800011b   Thumb Code     0  startup_stm32f103xb.o(.text)
    EXTI2_IRQHandler                         0x0800011b   Thumb Code     0  startup_stm32f103xb.o(.text)
    EXTI9_5_IRQHandler                       0x0800011b   Thumb Code     0  startup_stm32f103xb.o(.text)
    FLASH_IRQHandler                         0x0800011b   Thumb Code     0  startup_stm32f103xb.o(.text)
    I2C1_ER_IRQHandler                       0x0800011b   Thumb Code     0  startup_stm32f103xb.o(.text)
    I2C1_EV_IRQHandler                       0x0800011b   Thumb Code     0  startup_stm32f103xb.o(.text)
    I2C2_ER_IRQHandler                       0x0800011b   Thumb Code     0  startup_stm32f103xb.o(.text)
    I2C2_EV_IRQHandler                       0x0800011b   Thumb Code     0  startup_stm32f103xb.o(.text)
    PVD_IRQHandler                           0x0800011b   Thumb Code     0  startup_stm32f103xb.o(.text)
    RCC_IRQHandler                           0x0800011b   Thumb Code     0  startup_stm32f103xb.o(.text)
    RTC_Alarm_IRQHandler                     0x0800011b   Thumb Code     0  startup_stm32f103xb.o(.text)
    RTC_IRQHandler                           0x0800011b   Thumb Code     0  startup_stm32f103xb.o(.text)
    SPI1_IRQHandler                          0x0800011b   Thumb Code     0  startup_stm32f103xb.o(.text)
    SPI2_IRQHandler                          0x0800011b   Thumb Code     0  startup_stm32f103xb.o(.text)
    TAMPER_IRQHandler                        0x0800011b   Thumb Code     0  startup_stm32f103xb.o(.text)
    TIM1_BRK_IRQHandler                      0x0800011b   Thumb Code     0  startup_stm32f103xb.o(.text)
    TIM1_CC_IRQHandler                       0x0800011b   Thumb Code     0  startup_stm32f103xb.o(.text)
    TIM1_TRG_COM_IRQHandler                  0x0800011b   Thumb Code     0  startup_stm32f103xb.o(.text)
    TIM1_UP_IRQHandler                       0x0800011b   Thumb Code     0  startup_stm32f103xb.o(.text)
    TIM4_IRQHandler                          0x0800011b   Thumb Code     0  startup_stm32f103xb.o(.text)
    USART2_IRQHandler                        0x0800011b   Thumb Code     0  startup_stm32f103xb.o(.text)
    USART3_IRQHandler                        0x0800011b   Thumb Code     0  startup_stm32f103xb.o(.text)
    USBWakeUp_IRQHandler                     0x0800011b   Thumb Code     0  startup_stm32f103xb.o(.text)
    USB_HP_CAN1_TX_IRQHandler                0x0800011b   Thumb Code     0  startup_stm32f103xb.o(.text)
    USB_LP_CAN1_RX0_IRQHandler               0x0800011b   Thumb Code     0  startup_stm32f103xb.o(.text)
    WWDG_IRQHandler                          0x0800011b   Thumb Code     0  startup_stm32f103xb.o(.text)
    __aeabi_memset                           0x08000125   Thumb Code    14  memseta.o(.text)
    __aeabi_memset4                          0x08000125   Thumb Code     0  memseta.o(.text)
    __aeabi_memset8                          0x08000125   Thumb Code     0  memseta.o(.text)
    __aeabi_memclr                           0x08000133   Thumb Code     4  memseta.o(.text)
    __aeabi_memclr4                          0x08000133   Thumb Code     0  memseta.o(.text)
    __aeabi_memclr8                          0x08000133   Thumb Code     0  memseta.o(.text)
    _memset$wrapper                          0x08000137   Thumb Code    18  memseta.o(.text)
    memcmp                                   0x08000149   Thumb Code    26  memcmp.o(.text)
    __aeabi_fadd                             0x08000163   Thumb Code   164  fadd.o(.text)
    __aeabi_fsub                             0x08000207   Thumb Code     6  fadd.o(.text)
    __aeabi_frsub                            0x0800020d   Thumb Code     6  fadd.o(.text)
    __aeabi_fmul                             0x08000213   Thumb Code   100  fmul.o(.text)
    __aeabi_fdiv                             0x08000277   Thumb Code   124  fdiv.o(.text)
    __aeabi_dadd                             0x080002f3   Thumb Code   322  dadd.o(.text)
    __aeabi_dsub                             0x08000435   Thumb Code     6  dadd.o(.text)
    __aeabi_drsub                            0x0800043b   Thumb Code     6  dadd.o(.text)
    __aeabi_dmul                             0x08000441   Thumb Code   228  dmul.o(.text)
    __aeabi_ddiv                             0x08000525   Thumb Code   222  ddiv.o(.text)
    __aeabi_fcmple                           0x08000603   Thumb Code    28  fcmple.o(.text)
    __aeabi_fcmplt                           0x0800061f   Thumb Code    28  fcmplt.o(.text)
    __aeabi_fcmpge                           0x0800063b   Thumb Code    28  fcmpge.o(.text)
    __aeabi_fcmpgt                           0x08000657   Thumb Code    28  fcmpgt.o(.text)
    __aeabi_fcmpeq                           0x08000673   Thumb Code    28  fcmpeq.o(.text)
    __aeabi_dcmple                           0x0800068f   Thumb Code    54  dcmple.o(.text)
    __aeabi_dcmplt                           0x080006c5   Thumb Code    54  dcmplt.o(.text)
    __aeabi_dcmpgt                           0x080006fb   Thumb Code    54  dcmpgt.o(.text)
    __aeabi_i2f                              0x08000731   Thumb Code    18  fflti.o(.text)
    __aeabi_ui2f                             0x08000743   Thumb Code    10  ffltui.o(.text)
    __aeabi_ui2d                             0x0800074d   Thumb Code    26  dfltui.o(.text)
    __aeabi_f2iz                             0x08000767   Thumb Code    50  ffixi.o(.text)
    __aeabi_f2uiz                            0x08000799   Thumb Code    40  ffixui.o(.text)
    __aeabi_d2iz                             0x080007c1   Thumb Code    62  dfixi.o(.text)
    __aeabi_f2d                              0x080007ff   Thumb Code    38  f2d.o(.text)
    __aeabi_d2f                              0x08000825   Thumb Code    56  d2f.o(.text)
    __aeabi_llsl                             0x0800085d   Thumb Code    30  llshl.o(.text)
    _ll_shift_l                              0x0800085d   Thumb Code     0  llshl.o(.text)
    __aeabi_llsr                             0x0800087b   Thumb Code    32  llushr.o(.text)
    _ll_ushift_r                             0x0800087b   Thumb Code     0  llushr.o(.text)
    __aeabi_lasr                             0x0800089b   Thumb Code    36  llsshr.o(.text)
    _ll_sshift_r                             0x0800089b   Thumb Code     0  llsshr.o(.text)
    __I$use$fp                               0x080008bf   Thumb Code     0  iusefp.o(.text)
    _float_round                             0x080008bf   Thumb Code    18  fepilogue.o(.text)
    _float_epilogue                          0x080008d1   Thumb Code    92  fepilogue.o(.text)
    _fsqrt                                   0x0800092d   Thumb Code    94  fsqrt.o(.text)
    _frnd                                    0x0800098b   Thumb Code    60  frnd.o(.text)
    _double_round                            0x080009c7   Thumb Code    30  depilogue.o(.text)
    _double_epilogue                         0x080009e5   Thumb Code   156  depilogue.o(.text)
    _dsqrt                                   0x08000a81   Thumb Code   162  dsqrt.o(.text)
    _drnd                                    0x08000b25   Thumb Code   132  drnd.o(.text)
    _dfix_r                                  0x08000bad   Thumb Code   168  dfixir.o(.text)
    __aeabi_cdcmpeq                          0x08000c55   Thumb Code     0  cdcmple.o(.text)
    __aeabi_cdcmple                          0x08000c55   Thumb Code    48  cdcmple.o(.text)
    __aeabi_cdrcmple                         0x08000c85   Thumb Code    48  cdrcmple.o(.text)
    __scatterload                            0x08000cb5   Thumb Code    38  init.o(.text)
    __scatterload_rt2                        0x08000cb5   Thumb Code     0  init.o(.text)
    __ARM_scalbnf                            0x08000ce5   Thumb Code    24  fscalb.o(.text)
    scalbnf                                  0x08000ce5   Thumb Code     0  fscalb.o(.text)
    BusFault_Handler                         0x08000cfd   Thumb Code     2  stm32f1xx_it.o(.text.BusFault_Handler)
    DebugMon_Handler                         0x08000d01   Thumb Code     2  stm32f1xx_it.o(.text.DebugMon_Handler)
    EXTI0_IRQHandler                         0x08000d05   Thumb Code    28  stm32f1xx_it.o(.text.EXTI0_IRQHandler)
    EXTI15_10_IRQHandler                     0x08000d21   Thumb Code    48  stm32f1xx_it.o(.text.EXTI15_10_IRQHandler)
    EXTI1_IRQHandler                         0x08000d51   Thumb Code    28  stm32f1xx_it.o(.text.EXTI1_IRQHandler)
    EXTI3_IRQHandler                         0x08000d6d   Thumb Code    30  stm32f1xx_it.o(.text.EXTI3_IRQHandler)
    EXTI4_IRQHandler                         0x08000d8d   Thumb Code    30  stm32f1xx_it.o(.text.EXTI4_IRQHandler)
    Error_Handler                            0x08000dad   Thumb Code     2  main.o(.text.Error_Handler)
    FLASH_PageErase                          0x08000db1   Thumb Code    40  stm32f1xx_hal_flash_ex.o(.text.FLASH_PageErase)
    FLASH_WaitForLastOperation               0x08000dd9   Thumb Code   186  stm32f1xx_hal_flash.o(.text.FLASH_WaitForLastOperation)
    GPIO_ResetBits                           0x08000e95   Thumb Code     6  stm32utilities.o(.text.GPIO_ResetBits)
    GPIO_SetBits                             0x08000e9d   Thumb Code     6  stm32utilities.o(.text.GPIO_SetBits)
    HAL_Delay                                0x08000ea5   Thumb Code    40  stm32f1xx_hal.o(.text.HAL_Delay)
    HAL_FLASH_Lock                           0x08000ecd   Thumb Code    20  stm32f1xx_hal_flash.o(.text.HAL_FLASH_Lock)
    HAL_FLASH_Program                        0x08000ee1   Thumb Code   194  stm32f1xx_hal_flash.o(.text.HAL_FLASH_Program)
    HAL_FLASH_Unlock                         0x08000fa5   Thumb Code    46  stm32f1xx_hal_flash.o(.text.HAL_FLASH_Unlock)
    HAL_GPIO_EXTI_Callback                   0x08000fd5   Thumb Code     2  stm32f1xx_hal_gpio.o(.text.HAL_GPIO_EXTI_Callback)
    HAL_GPIO_EXTI_IRQHandler                 0x08000fd9   Thumb Code    22  stm32f1xx_hal_gpio.o(.text.HAL_GPIO_EXTI_IRQHandler)
    HAL_GPIO_Init                            0x08000ff1   Thumb Code   518  stm32f1xx_hal_gpio.o(.text.HAL_GPIO_Init)
    HAL_GPIO_WritePin                        0x080011f9   Thumb Code    10  stm32f1xx_hal_gpio.o(.text.HAL_GPIO_WritePin)
    HAL_GetTick                              0x08001205   Thumb Code    12  stm32f1xx_hal.o(.text.HAL_GetTick)
    HAL_IncTick                              0x08001211   Thumb Code    26  stm32f1xx_hal.o(.text.HAL_IncTick)
    HAL_Init                                 0x0800122d   Thumb Code    38  stm32f1xx_hal.o(.text.HAL_Init)
    HAL_InitTick                             0x08001255   Thumb Code    80  stm32f1xx_hal.o(.text.HAL_InitTick)
    HAL_MspInit                              0x080012a5   Thumb Code    66  stm32f1xx_hal_msp.o(.text.HAL_MspInit)
    HAL_NVIC_ClearPendingIRQ                 0x080012e9   Thumb Code    34  stm32f1xx_hal_cortex.o(.text.HAL_NVIC_ClearPendingIRQ)
    HAL_NVIC_EnableIRQ                       0x0800130d   Thumb Code    34  stm32f1xx_hal_cortex.o(.text.HAL_NVIC_EnableIRQ)
    HAL_NVIC_SetPriority                     0x08001331   Thumb Code    86  stm32f1xx_hal_cortex.o(.text.HAL_NVIC_SetPriority)
    HAL_NVIC_SetPriorityGrouping             0x08001389   Thumb Code    32  stm32f1xx_hal_cortex.o(.text.HAL_NVIC_SetPriorityGrouping)
    HAL_RCC_ClockConfig                      0x080013a9   Thumb Code   434  stm32f1xx_hal_rcc.o(.text.HAL_RCC_ClockConfig)
    HAL_RCC_OscConfig                        0x0800155d   Thumb Code   824  stm32f1xx_hal_rcc.o(.text.HAL_RCC_OscConfig)
    HAL_SYSTICK_Config                       0x08001895   Thumb Code    44  stm32f1xx_hal_cortex.o(.text.HAL_SYSTICK_Config)
    HAL_TIMEx_MasterConfigSynchronization    0x080018c1   Thumb Code   122  stm32f1xx_hal_tim_ex.o(.text.HAL_TIMEx_MasterConfigSynchronization)
    HAL_TIM_Encoder_Init                     0x0800193d   Thumb Code   316  stm32f1xx_hal_tim.o(.text.HAL_TIM_Encoder_Init)
    HAL_TIM_Encoder_MspInit                  0x08001a79   Thumb Code    98  tim.o(.text.HAL_TIM_Encoder_MspInit)
    HAL_TIM_Encoder_Start                    0x08001add   Thumb Code   188  stm32f1xx_hal_tim.o(.text.HAL_TIM_Encoder_Start)
    HandleControlIT                          0x08001b99   Thumb Code   152  system.o(.text.HandleControlIT)
    HandleLimitIT                            0x08001c31   Thumb Code   124  limits.o(.text.HandleLimitIT)
    HandleStepResetIT                        0x08001cad   Thumb Code    28  stepper.o(.text.HandleStepResetIT)
    HandleStepSetIT                          0x08001cc9   Thumb Code   658  stepper.o(.text.HandleStepSetIT)
    HandleUartIT                             0x08001f5d   Thumb Code   364  serial.o(.text.HandleUartIT)
    HardFault_Handler                        0x080020c9   Thumb Code     2  stm32f1xx_it.o(.text.HardFault_Handler)
    LL_GPIO_Init                             0x080020cd   Thumb Code   184  stm32f1xx_ll_gpio.o(.text.LL_GPIO_Init)
    LL_RCC_GetSystemClocksFreq               0x08002185   Thumb Code   138  stm32f1xx_ll_rcc.o(.text.LL_RCC_GetSystemClocksFreq)
    LL_TIM_BDTR_Init                         0x08002211   Thumb Code    60  stm32f1xx_ll_tim.o(.text.LL_TIM_BDTR_Init)
    LL_TIM_Init                              0x0800224d   Thumb Code   134  stm32f1xx_ll_tim.o(.text.LL_TIM_Init)
    LL_TIM_OC_Init                           0x080022d5   Thumb Code   464  stm32f1xx_ll_tim.o(.text.LL_TIM_OC_Init)
    LL_USART_Init                            0x080024a5   Thumb Code   202  stm32f1xx_ll_usart.o(.text.LL_USART_Init)
    MX_GPIO_Init                             0x08002571   Thumb Code   300  gpio.o(.text.MX_GPIO_Init)
    MX_TIM1_Init                             0x0800269d   Thumb Code   264  tim.o(.text.MX_TIM1_Init)
    MX_TIM2_Init                             0x080027a5   Thumb Code   146  tim.o(.text.MX_TIM2_Init)
    MX_TIM3_Init                             0x08002839   Thumb Code   154  tim.o(.text.MX_TIM3_Init)
    MX_TIM4_Init                             0x080028d5   Thumb Code   118  tim.o(.text.MX_TIM4_Init)
    MX_USART1_UART_Init                      0x0800294d   Thumb Code   224  usart.o(.text.MX_USART1_UART_Init)
    MemManage_Handler                        0x08002a2d   Thumb Code     2  stm32f1xx_it.o(.text.MemManage_Handler)
    NMI_Handler                              0x08002a31   Thumb Code     2  stm32f1xx_it.o(.text.NMI_Handler)
    PendSV_Handler                           0x08002a35   Thumb Code     2  stm32f1xx_it.o(.text.PendSV_Handler)
    SVC_Handler                              0x08002a39   Thumb Code     2  stm32f1xx_it.o(.text.SVC_Handler)
    Spindle_Disable                          0x08002a3d   Thumb Code    54  stm32utilities.o(.text.Spindle_Disable)
    Spindle_Enable                           0x08002a75   Thumb Code    56  stm32utilities.o(.text.Spindle_Enable)
    SysTick_Handler                          0x08002aad   Thumb Code     4  stm32f1xx_it.o(.text.SysTick_Handler)
    SystemInit                               0x08002ab1   Thumb Code    80  system_stm32f1xx.o(.text.SystemInit)
    TIM2_IRQHandler                          0x08002b01   Thumb Code    28  stm32f1xx_it.o(.text.TIM2_IRQHandler)
    TIM3_IRQHandler                          0x08002b1d   Thumb Code    52  stm32f1xx_it.o(.text.TIM3_IRQHandler)
    USART1_IRQHandler                        0x08002b51   Thumb Code    34  stm32f1xx_it.o(.text.USART1_IRQHandler)
    UsageFault_Handler                       0x08002b75   Thumb Code     2  stm32f1xx_it.o(.text.UsageFault_Handler)
    acceleration_scaling                     0x08002b79   Thumb Code   140  settings.o(.text.acceleration_scaling)
    convert_delta_vector_to_unit_vector      0x08002c05   Thumb Code   106  nuts_bolts.o(.text.convert_delta_vector_to_unit_vector)
    coolant_get_state                        0x08002c71   Thumb Code    26  coolant_control.o(.text.coolant_get_state)
    coolant_init                             0x08002c8d   Thumb Code    34  coolant_control.o(.text.coolant_init)
    coolant_set_state                        0x08002cb1   Thumb Code   106  coolant_control.o(.text.coolant_set_state)
    coolant_stop                             0x08002d1d   Thumb Code    34  coolant_control.o(.text.coolant_stop)
    coolant_sync                             0x08002d41   Thumb Code   112  coolant_control.o(.text.coolant_sync)
    delay_ms                                 0x08002db1   Thumb Code     2  nuts_bolts.o(.text.delay_ms)
    delay_sec                                0x08002db5   Thumb Code    76  nuts_bolts.o(.text.delay_sec)
    eeprom_flush                             0x08002e01   Thumb Code   124  eeprom.o(.text.eeprom_flush)
    eeprom_get_char                          0x08002e7d   Thumb Code    12  eeprom.o(.text.eeprom_get_char)
    eeprom_init                              0x08002e89   Thumb Code    60  eeprom.o(.text.eeprom_init)
    eeprom_put_char                          0x08002ec5   Thumb Code    12  eeprom.o(.text.eeprom_put_char)
    gc_execute_line                          0x08002ed1   Thumb Code  4520  gcode.o(.text.gc_execute_line)
    gc_init                                  0x08004079   Thumb Code    44  gcode.o(.text.gc_init)
    gc_sync_position                         0x080040a5   Thumb Code    22  gcode.o(.text.gc_sync_position)
    hypot_f                                  0x080040bd   Thumb Code    34  nuts_bolts.o(.text.hypot_f)
    inoutputs_init                           0x080040e1   Thumb Code    38  inoutputs.o(.text.inoutputs_init)
    jog_execute                              0x08004109   Thumb Code   100  jog.o(.text.jog_execute)
    limit_value_by_axis_maximum              0x0800416d   Thumb Code    76  nuts_bolts.o(.text.limit_value_by_axis_maximum)
    limits_disable                           0x080041b9   Thumb Code    24  limits.o(.text.limits_disable)
    limits_get_state                         0x080041d1   Thumb Code    84  limits.o(.text.limits_get_state)
    limits_go_home                           0x08004225   Thumb Code  1086  limits.o(.text.limits_go_home)
    limits_init                              0x08004665   Thumb Code    42  limits.o(.text.limits_init)
    limits_soft_check                        0x08004691   Thumb Code    70  limits.o(.text.limits_soft_check)
    main                                     0x080046d9   Thumb Code   406  main.o(.text.main)
    mc_arc                                   0x08004871   Thumb Code   932  motion_control.o(.text.mc_arc)
    mc_dwell                                 0x08004c15   Thumb Code    36  motion_control.o(.text.mc_dwell)
    mc_homing_cycle                          0x08004c39   Thumb Code    82  motion_control.o(.text.mc_homing_cycle)
    mc_line                                  0x08004c8d   Thumb Code   120  motion_control.o(.text.mc_line)
    mc_probe_cycle                           0x08004d05   Thumb Code   212  motion_control.o(.text.mc_probe_cycle)
    mc_reset                                 0x08004dd9   Thumb Code   100  motion_control.o(.text.mc_reset)
    memcpy_from_eeprom_with_checksum         0x08004e3d   Thumb Code    70  eeprom.o(.text.memcpy_from_eeprom_with_checksum)
    memcpy_to_eeprom_with_checksum           0x08004e85   Thumb Code    70  eeprom.o(.text.memcpy_to_eeprom_with_checksum)
    outputs_analog_action                    0x08004ecd   Thumb Code     2  inoutputs.o(.text.outputs_analog_action)
    outputs_analog_init                      0x08004ed1   Thumb Code     2  inoutputs.o(.text.outputs_analog_init)
    outputs_digital_action                   0x08004ed5   Thumb Code   166  inoutputs.o(.text.outputs_digital_action)
    plan_buffer_line                         0x08004f7d   Thumb Code  1000  planner.o(.text.plan_buffer_line)
    plan_check_full_buffer                   0x08005365   Thumb Code    30  planner.o(.text.plan_check_full_buffer)
    plan_compute_profile_nominal_speed       0x08005385   Thumb Code   190  planner.o(.text.plan_compute_profile_nominal_speed)
    plan_cycle_reinitialize                  0x08005445   Thumb Code    34  planner.o(.text.plan_cycle_reinitialize)
    plan_discard_current_block               0x08005469   Thumb Code    66  planner.o(.text.plan_discard_current_block)
    plan_get_block_buffer_available          0x080054ad   Thumb Code    38  planner.o(.text.plan_get_block_buffer_available)
    plan_get_current_block                   0x080054d5   Thumb Code    42  planner.o(.text.plan_get_current_block)
    plan_get_exec_block_exit_speed_sqr       0x08005501   Thumb Code    58  planner.o(.text.plan_get_exec_block_exit_speed_sqr)
    plan_get_system_motion_block             0x0800553d   Thumb Code    26  planner.o(.text.plan_get_system_motion_block)
    plan_reset                               0x08005559   Thumb Code    68  planner.o(.text.plan_reset)
    plan_sync_position                       0x0800559d   Thumb Code    66  planner.o(.text.plan_sync_position)
    plan_update_velocity_profile_parameters  0x080055e1   Thumb Code   166  planner.o(.text.plan_update_velocity_profile_parameters)
    printFloat                               0x0800585d   Thumb Code   250  print.o(.text.printFloat)
    printFloat_CoordValue                    0x08005959   Thumb Code    62  print.o(.text.printFloat_CoordValue)
    printFloat_RateValue                     0x08005999   Thumb Code    62  print.o(.text.printFloat_RateValue)
    printString                              0x080059d9   Thumb Code    32  print.o(.text.printString)
    print_uint8_base10                       0x080059f9   Thumb Code    96  print.o(.text.print_uint8_base10)
    probe_configure_invert_mask              0x08005a59   Thumb Code    44  probe.o(.text.probe_configure_invert_mask)
    probe_get_state                          0x08005a85   Thumb Code    34  probe.o(.text.probe_get_state)
    probe_init                               0x08005aa9   Thumb Code    36  probe.o(.text.probe_init)
    probe_state_monitor                      0x08005acd   Thumb Code    88  probe.o(.text.probe_state_monitor)
    protocol_auto_cycle_start                0x08005b25   Thumb Code    22  protocol.o(.text.protocol_auto_cycle_start)
    protocol_buffer_synchronize              0x08005b3d   Thumb Code    52  protocol.o(.text.protocol_buffer_synchronize)
    protocol_exec_rt_system                  0x08005b71   Thumb Code   958  protocol.o(.text.protocol_exec_rt_system)
    protocol_execute_realtime                0x08005f31   Thumb Code   460  protocol.o(.text.protocol_execute_realtime)
    protocol_main_loop                       0x080060fd   Thumb Code   336  protocol.o(.text.protocol_main_loop)
    read_float                               0x0800624d   Thumb Code   290  nuts_bolts.o(.text.read_float)
    report_alarm_message                     0x08006371   Thumb Code    40  report.o(.text.report_alarm_message)
    report_build_info                        0x080063a1   Thumb Code   108  report.o(.text.report_build_info)
    report_execute_startup_message           0x08006431   Thumb Code    76  report.o(.text.report_execute_startup_message)
    report_feedback_message                  0x0800647d   Thumb Code    52  report.o(.text.report_feedback_message)
    report_gcode_modes                       0x080064e5   Thumb Code   332  report.o(.text.report_gcode_modes)
    report_grbl_help                         0x08006649   Thumb Code    12  report.o(.text.report_grbl_help)
    report_grbl_settings                     0x08006655   Thumb Code  1004  report.o(.text.report_grbl_settings)
    report_init_message                      0x08006a41   Thumb Code     8  report.o(.text.report_init_message)
    report_ngc_parameters                    0x08006a6d   Thumb Code   276  report.o(.text.report_ngc_parameters)
    report_probe_parameters                  0x08006b9d   Thumb Code   100  report.o(.text.report_probe_parameters)
    report_realtime_status                   0x08006c09   Thumb Code   860  report.o(.text.report_realtime_status)
    report_startup_line                      0x08006fe1   Thumb Code    48  report.o(.text.report_startup_line)
    report_status_message                    0x08007015   Thumb Code    52  report.o(.text.report_status_message)
    serial_get_rx_buffer_available           0x08007049   Thumb Code    38  serial.o(.text.serial_get_rx_buffer_available)
    serial_init                              0x08007071   Thumb Code     2  serial.o(.text.serial_init)
    serial_read                              0x08007075   Thumb Code    52  serial.o(.text.serial_read)
    serial_reset_read_buffer                 0x080070a9   Thumb Code    22  serial.o(.text.serial_reset_read_buffer)
    serial_write                             0x080070c1   Thumb Code     4  serial.o(.text.serial_write)
    settings_init                            0x080070c5   Thumb Code    88  settings.o(.text.settings_init)
    settings_read_build_info                 0x0800711d   Thumb Code    42  settings.o(.text.settings_read_build_info)
    settings_read_coord_data                 0x08007149   Thumb Code    56  settings.o(.text.settings_read_coord_data)
    settings_read_startup_line               0x08007181   Thumb Code    52  settings.o(.text.settings_read_startup_line)
    settings_restore                         0x080071b5   Thumb Code   302  settings.o(.text.settings_restore)
    settings_store_build_info                0x080072e5   Thumb Code    12  settings.o(.text.settings_store_build_info)
    settings_store_global_setting            0x080072f1   Thumb Code   832  settings.o(.text.settings_store_global_setting)
    settings_store_startup_line              0x08007631   Thumb Code    30  settings.o(.text.settings_store_startup_line)
    settings_write_coord_data                0x08007651   Thumb Code    30  settings.o(.text.settings_write_coord_data)
    spindle_compute_pwm_value                0x08007671   Thumb Code   182  spindle_control.o(.text.spindle_compute_pwm_value)
    spindle_get_state                        0x08007729   Thumb Code    14  spindle_control.o(.text.spindle_get_state)
    spindle_init                             0x08007739   Thumb Code    82  spindle_control.o(.text.spindle_init)
    spindle_set_speed                        0x0800778d   Thumb Code    22  spindle_control.o(.text.spindle_set_speed)
    spindle_set_state                        0x080077a5   Thumb Code   130  spindle_control.o(.text.spindle_set_state)
    spindle_stop                             0x08007829   Thumb Code     4  spindle_control.o(.text.spindle_stop)
    spindle_sync                             0x0800782d   Thumb Code   136  spindle_control.o(.text.spindle_sync)
    st_generate_step_dir_invert_masks        0x080078b5   Thumb Code   116  stepper.o(.text.st_generate_step_dir_invert_masks)
    st_get_realtime_rate                     0x08007929   Thumb Code    30  stepper.o(.text.st_get_realtime_rate)
    st_go_idle                               0x08007949   Thumb Code   168  stepper.o(.text.st_go_idle)
    st_prep_buffer                           0x080079f1   Thumb Code  2248  stepper.o(.text.st_prep_buffer)
    st_reset                                 0x080082b9   Thumb Code   378  stepper.o(.text.st_reset)
    st_update_plan_block_parameters          0x08008435   Thumb Code    50  stepper.o(.text.st_update_plan_block_parameters)
    st_wake_up                               0x08008469   Thumb Code   154  stepper.o(.text.st_wake_up)
    stepper_init                             0x08008505   Thumb Code    88  stepper.o(.text.stepper_init)
    system_check_safety_door_ajar            0x0800855d   Thumb Code    32  system.o(.text.system_check_safety_door_ajar)
    system_check_travel_limits               0x0800857d   Thumb Code    58  system.o(.text.system_check_travel_limits)
    system_clear_exec_accessory_overrides    0x080085b9   Thumb Code    22  system.o(.text.system_clear_exec_accessory_overrides)
    system_clear_exec_alarm                  0x080085d1   Thumb Code    22  system.o(.text.system_clear_exec_alarm)
    system_clear_exec_motion_overrides       0x080085e9   Thumb Code    22  system.o(.text.system_clear_exec_motion_overrides)
    system_clear_exec_state_flag             0x08008601   Thumb Code    26  system.o(.text.system_clear_exec_state_flag)
    system_control_get_state                 0x0800861d   Thumb Code    52  system.o(.text.system_control_get_state)
    system_convert_array_steps_to_mpos       0x08008651   Thumb Code    28  system.o(.text.system_convert_array_steps_to_mpos)
    system_convert_axis_steps_to_mpos        0x0800866d   Thumb Code    78  system.o(.text.system_convert_axis_steps_to_mpos)
    system_convert_corexy_to_x_axis_steps    0x080086bd   Thumb Code    12  system.o(.text.system_convert_corexy_to_x_axis_steps)
    system_convert_corexy_to_y_axis_steps    0x080086c9   Thumb Code    12  system.o(.text.system_convert_corexy_to_y_axis_steps)
    system_execute_line                      0x080086d5   Thumb Code   978  system.o(.text.system_execute_line)
    system_execute_startup                   0x08008aa9   Thumb Code    60  system.o(.text.system_execute_startup)
    system_flag_wco_change                   0x08008ae5   Thumb Code    20  system.o(.text.system_flag_wco_change)
    system_init                              0x08008af9   Thumb Code     2  system.o(.text.system_init)
    system_set_exec_accessory_override_flag  0x08008afd   Thumb Code    24  system.o(.text.system_set_exec_accessory_override_flag)
    system_set_exec_alarm                    0x08008b15   Thumb Code    24  system.o(.text.system_set_exec_alarm)
    system_set_exec_motion_override_flag     0x08008b2d   Thumb Code    24  system.o(.text.system_set_exec_motion_override_flag)
    system_set_exec_state_flag               0x08008b45   Thumb Code    24  system.o(.text.system_set_exec_state_flag)
    timing_init                              0x08008b5d   Thumb Code    62  stm32utilities.o(.text.timing_init)
    uart_init                                0x08008b9d   Thumb Code    34  stm32utilities.o(.text.uart_init)
    uart_sendch                              0x08008bc1   Thumb Code    20  stm32utilities.o(.text.uart_sendch)
    wait_on_input_action                     0x08008bd5   Thumb Code     2  inoutputs.o(.text.wait_on_input_action)
    __ARM_fpclassifyf                        0x08008bd7   Thumb Code    38  fpclassifyf.o(i.__ARM_fpclassifyf)
    __mathlib_flt_infnan                     0x08008bfd   Thumb Code     6  funder.o(i.__mathlib_flt_infnan)
    __mathlib_flt_infnan2                    0x08008c03   Thumb Code     4  funder.o(i.__mathlib_flt_infnan2)
    __mathlib_flt_invalid                    0x08008c07   Thumb Code     8  funder.o(i.__mathlib_flt_invalid)
    __mathlib_flt_underflow                  0x08008c0f   Thumb Code    10  funder.o(i.__mathlib_flt_underflow)
    __mathlib_rredf2                         0x08008c19   Thumb Code   344  rredf.o(i.__mathlib_rredf2)
    __scatterload_copy                       0x08008d81   Thumb Code    14  handlers.o(i.__scatterload_copy)
    __scatterload_null                       0x08008d8f   Thumb Code     2  handlers.o(i.__scatterload_null)
    __scatterload_zeroinit                   0x08008d91   Thumb Code    14  handlers.o(i.__scatterload_zeroinit)
    __set_errno                              0x08008da1   Thumb Code     6  errno.o(i.__set_errno)
    atan2f                                   0x08008dad   Thumb Code   598  atan2f.o(i.atan2f)
    __mathlib_ceilf                          0x08009051   Thumb Code     0  ceilf.o(i.ceilf)
    ceilf                                    0x08009051   Thumb Code   110  ceilf.o(i.ceilf)
    cosf                                     0x080090c9   Thumb Code   328  cosf.o(i.cosf)
    floor                                    0x08009245   Thumb Code   204  floor.o(i.floor)
    floorf                                   0x08009321   Thumb Code   112  floorf.o(i.floorf)
    lround                                   0x0800939d   Thumb Code   170  lround.o(i.lround)
    roundf                                   0x08009461   Thumb Code   114  roundf.o(i.roundf)
    sinf                                     0x080094d5   Thumb Code   338  sinf.o(i.sinf)
    sqrt                                     0x0800965d   Thumb Code    76  sqrt.o(i.sqrt)
    sqrtf                                    0x080096a9   Thumb Code    44  sqrtf.o(i.sqrtf)
    truncf                                   0x080096d5   Thumb Code    82  truncf.o(i.truncf)
    AHBPrescTable                            0x0800974a   Data          16  system_stm32f1xx.o(.rodata.AHBPrescTable)
    APBPrescTable                            0x0800975a   Data           8  system_stm32f1xx.o(.rodata.APBPrescTable)
    direction_pin_mask                       0x08009772   Data           6  stm32utilities.o(.rodata.direction_pin_mask)
    limit_pin_mask                           0x08009778   Data           6  stm32utilities.o(.rodata.limit_pin_mask)
    outputs_pin_mask                         0x0800977e   Data           8  inoutputs.o(.rodata.outputs_pin_mask)
    step_pin_mask                            0x08009786   Data           6  stm32utilities.o(.rodata.step_pin_mask)
    Region$$Table$$Base                      0x08009880   Number         0  anon$$obj.o(Region$$Table)
    Region$$Table$$Limit                     0x080098a0   Number         0  anon$$obj.o(Region$$Table)
    SystemCoreClock                          0x20000004   Data           4  system_stm32f1xx.o(.data.SystemCoreClock)
    uwTickFreq                               0x20000008   Data           1  stm32f1xx_hal.o(.data.uwTickFreq)
    uwTickPrio                               0x2000000c   Data           4  stm32f1xx_hal.o(.data.uwTickPrio)
    EE_Buffer                                0x20000010   Data        1024  eeprom.o(.bss.EE_Buffer)
    adjustments                              0x20000410   Data          24  settings.o(.bss.adjustments)
    fTICKS_PER_MINUTE                        0x20002cd0   Data           4  stm32utilities.o(.bss.fTICKS_PER_MINUTE)
    gc_block                                 0x20002cd4   Data          76  gcode.o(.bss.gc_block)
    gc_state                                 0x20002d20   Data          72  gcode.o(.bss.gc_state)
    htim4                                    0x20002d68   Data          72  tim.o(.bss.htim4)
    pDbgStr                                  0x20002e04   Data          80  stm32utilities.o(.bss.pDbgStr)
    pFlash                                   0x20002e58   Data          32  stm32f1xx_hal_flash.o(.bss.pFlash)
    probe_invert_mask                        0x20002ed0   Data           2  probe.o(.bss.probe_invert_mask)
    serial_rx_buffer                         0x20002fdb   Data         254  serial.o(.bss.serial_rx_buffer)
    serial_rx_buffer_head                    0x200030d9   Data           1  serial.o(.bss.serial_rx_buffer_head)
    serial_rx_buffer_tail                    0x200030da   Data           1  serial.o(.bss.serial_rx_buffer_tail)
    settings                                 0x200030dc   Data         100  settings.o(.bss.settings)
    sys                                      0x200033ec   Data          20  main.o(.bss.sys)
    sys_position                             0x20003400   Data          12  main.o(.bss.sys_position)
    sys_probe_position                       0x2000340c   Data          12  main.o(.bss.sys_probe_position)
    sys_probe_state                          0x20003418   Data           1  main.o(.bss.sys_probe_state)
    sys_rt_exec_accessory_override           0x20003419   Data           1  main.o(.bss.sys_rt_exec_accessory_override)
    sys_rt_exec_alarm                        0x2000341a   Data           1  main.o(.bss.sys_rt_exec_alarm)
    sys_rt_exec_motion_override              0x2000341b   Data           1  main.o(.bss.sys_rt_exec_motion_override)
    sys_rt_exec_state                        0x2000341c   Data           1  main.o(.bss.sys_rt_exec_state)
    uTICKS_PER_MICROSECOND                   0x20003420   Data           4  stm32utilities.o(.bss.uTICKS_PER_MICROSECOND)
    uwTick                                   0x20003424   Data           4  stm32f1xx_hal.o(.bss.uwTick)
    __initial_sp                             0x20003828   Data           0  startup_stm32f103xb.o(STACK)



==============================================================================

Memory Map of the image

  Image Entry point : 0x080000ed

  Load Region LR_IROM1 (Base: 0x08000000, Size: 0x000098b0, Max: 0x00100000, ABSOLUTE)

    Execution Region ER_IROM1 (Exec base: 0x08000000, Load base: 0x08000000, Size: 0x000098a0, Max: 0x00100000, ABSOLUTE)

    Exec Addr    Load Addr    Size         Type   Attr      Idx    E Section Name        Object

    0x08000000   0x08000000   0x000000ec   Data   RO            3    RESET               startup_stm32f103xb.o
    0x080000ec   0x080000ec   0x00000000   Code   RO         1508  * .ARM.Collect$$$$00000000  mc_w.l(entry.o)
    0x080000ec   0x080000ec   0x00000004   Code   RO         1578    .ARM.Collect$$$$00000001  mc_w.l(entry2.o)
    0x080000f0   0x080000f0   0x00000004   Code   RO         1581    .ARM.Collect$$$$00000004  mc_w.l(entry5.o)
    0x080000f4   0x080000f4   0x00000000   Code   RO         1583    .ARM.Collect$$$$00000008  mc_w.l(entry7b.o)
    0x080000f4   0x080000f4   0x00000000   Code   RO         1585    .ARM.Collect$$$$0000000A  mc_w.l(entry8b.o)
    0x080000f4   0x080000f4   0x00000008   Code   RO         1586    .ARM.Collect$$$$0000000B  mc_w.l(entry9a.o)
    0x080000fc   0x080000fc   0x00000000   Code   RO         1588    .ARM.Collect$$$$0000000D  mc_w.l(entry10a.o)
    0x080000fc   0x080000fc   0x00000000   Code   RO         1590    .ARM.Collect$$$$0000000F  mc_w.l(entry11a.o)
    0x080000fc   0x080000fc   0x00000004   Code   RO         1579    .ARM.Collect$$$$00002712  mc_w.l(entry2.o)
    0x08000100   0x08000100   0x00000024   Code   RO            4    .text               startup_stm32f103xb.o
    0x08000124   0x08000124   0x00000024   Code   RO         1511    .text               mc_w.l(memseta.o)
    0x08000148   0x08000148   0x0000001a   Code   RO         1513    .text               mc_w.l(memcmp.o)
    0x08000162   0x08000162   0x000000b0   Code   RO         1515    .text               mf_w.l(fadd.o)
    0x08000212   0x08000212   0x00000064   Code   RO         1517    .text               mf_w.l(fmul.o)
    0x08000276   0x08000276   0x0000007c   Code   RO         1519    .text               mf_w.l(fdiv.o)
    0x080002f2   0x080002f2   0x0000014e   Code   RO         1521    .text               mf_w.l(dadd.o)
    0x08000440   0x08000440   0x000000e4   Code   RO         1523    .text               mf_w.l(dmul.o)
    0x08000524   0x08000524   0x000000de   Code   RO         1525    .text               mf_w.l(ddiv.o)
    0x08000602   0x08000602   0x0000001c   Code   RO         1527    .text               mf_w.l(fcmple.o)
    0x0800061e   0x0800061e   0x0000001c   Code   RO         1529    .text               mf_w.l(fcmplt.o)
    0x0800063a   0x0800063a   0x0000001c   Code   RO         1531    .text               mf_w.l(fcmpge.o)
    0x08000656   0x08000656   0x0000001c   Code   RO         1533    .text               mf_w.l(fcmpgt.o)
    0x08000672   0x08000672   0x0000001c   Code   RO         1535    .text               mf_w.l(fcmpeq.o)
    0x0800068e   0x0800068e   0x00000036   Code   RO         1537    .text               mf_w.l(dcmple.o)
    0x080006c4   0x080006c4   0x00000036   Code   RO         1539    .text               mf_w.l(dcmplt.o)
    0x080006fa   0x080006fa   0x00000036   Code   RO         1541    .text               mf_w.l(dcmpgt.o)
    0x08000730   0x08000730   0x00000012   Code   RO         1543    .text               mf_w.l(fflti.o)
    0x08000742   0x08000742   0x0000000a   Code   RO         1545    .text               mf_w.l(ffltui.o)
    0x0800074c   0x0800074c   0x0000001a   Code   RO         1547    .text               mf_w.l(dfltui.o)
    0x08000766   0x08000766   0x00000032   Code   RO         1549    .text               mf_w.l(ffixi.o)
    0x08000798   0x08000798   0x00000028   Code   RO         1551    .text               mf_w.l(ffixui.o)
    0x080007c0   0x080007c0   0x0000003e   Code   RO         1553    .text               mf_w.l(dfixi.o)
    0x080007fe   0x080007fe   0x00000026   Code   RO         1555    .text               mf_w.l(f2d.o)
    0x08000824   0x08000824   0x00000038   Code   RO         1557    .text               mf_w.l(d2f.o)
    0x0800085c   0x0800085c   0x0000001e   Code   RO         1592    .text               mc_w.l(llshl.o)
    0x0800087a   0x0800087a   0x00000020   Code   RO         1594    .text               mc_w.l(llushr.o)
    0x0800089a   0x0800089a   0x00000024   Code   RO         1596    .text               mc_w.l(llsshr.o)
    0x080008be   0x080008be   0x00000000   Code   RO         1605    .text               mc_w.l(iusefp.o)
    0x080008be   0x080008be   0x0000006e   Code   RO         1606    .text               mf_w.l(fepilogue.o)
    0x0800092c   0x0800092c   0x0000005e   Code   RO         1608    .text               mf_w.l(fsqrt.o)
    0x0800098a   0x0800098a   0x0000003c   Code   RO         1610    .text               mf_w.l(frnd.o)
    0x080009c6   0x080009c6   0x000000ba   Code   RO         1612    .text               mf_w.l(depilogue.o)
    0x08000a80   0x08000a80   0x000000a2   Code   RO         1614    .text               mf_w.l(dsqrt.o)
    0x08000b22   0x08000b22   0x00000002   PAD
    0x08000b24   0x08000b24   0x00000088   Code   RO         1616    .text               mf_w.l(drnd.o)
    0x08000bac   0x08000bac   0x000000a8   Code   RO         1618    .text               mf_w.l(dfixir.o)
    0x08000c54   0x08000c54   0x00000030   Code   RO         1620    .text               mf_w.l(cdcmple.o)
    0x08000c84   0x08000c84   0x00000030   Code   RO         1622    .text               mf_w.l(cdrcmple.o)
    0x08000cb4   0x08000cb4   0x00000030   Code   RO         1624    .text               mc_w.l(init.o)
    0x08000ce4   0x08000ce4   0x00000018   Code   RO         1626    .text               mf_w.l(fscalb.o)
    0x08000cfc   0x08000cfc   0x00000002   Code   RO           78    .text.BusFault_Handler  stm32f1xx_it.o
    0x08000cfe   0x08000cfe   0x00000002   PAD
    0x08000d00   0x08000d00   0x00000002   Code   RO           84    .text.DebugMon_Handler  stm32f1xx_it.o
    0x08000d02   0x08000d02   0x00000002   PAD
    0x08000d04   0x08000d04   0x0000001c   Code   RO           90    .text.EXTI0_IRQHandler  stm32f1xx_it.o
    0x08000d20   0x08000d20   0x00000030   Code   RO          104    .text.EXTI15_10_IRQHandler  stm32f1xx_it.o
    0x08000d50   0x08000d50   0x0000001c   Code   RO           92    .text.EXTI1_IRQHandler  stm32f1xx_it.o
    0x08000d6c   0x08000d6c   0x0000001e   Code   RO           94    .text.EXTI3_IRQHandler  stm32f1xx_it.o
    0x08000d8a   0x08000d8a   0x00000002   PAD
    0x08000d8c   0x08000d8c   0x0000001e   Code   RO           96    .text.EXTI4_IRQHandler  stm32f1xx_it.o
    0x08000daa   0x08000daa   0x00000002   PAD
    0x08000dac   0x08000dac   0x00000002   Code   RO           15    .text.Error_Handler  main.o
    0x08000dae   0x08000dae   0x00000002   PAD
    0x08000db0   0x08000db0   0x00000028   Code   RO          807    .text.FLASH_PageErase  stm32f1xx_hal_flash_ex.o
    0x08000dd8   0x08000dd8   0x000000ba   Code   RO          774    .text.FLASH_WaitForLastOperation  stm32f1xx_hal_flash.o
    0x08000e92   0x08000e92   0x00000002   PAD
    0x08000e94   0x08000e94   0x00000006   Code   RO          997    .text.GPIO_ResetBits  stm32utilities.o
    0x08000e9a   0x08000e9a   0x00000002   PAD
    0x08000e9c   0x08000e9c   0x00000006   Code   RO          999    .text.GPIO_SetBits  stm32utilities.o
    0x08000ea2   0x08000ea2   0x00000002   PAD
    0x08000ea4   0x08000ea4   0x00000028   Code   RO          539    .text.HAL_Delay     stm32f1xx_hal.o
    0x08000ecc   0x08000ecc   0x00000014   Code   RO          786    .text.HAL_FLASH_Lock  stm32f1xx_hal_flash.o
    0x08000ee0   0x08000ee0   0x000000c2   Code   RO          772    .text.HAL_FLASH_Program  stm32f1xx_hal_flash.o
    0x08000fa2   0x08000fa2   0x00000002   PAD
    0x08000fa4   0x08000fa4   0x0000002e   Code   RO          784    .text.HAL_FLASH_Unlock  stm32f1xx_hal_flash.o
    0x08000fd2   0x08000fd2   0x00000002   PAD
    0x08000fd4   0x08000fd4   0x00000002   Code   RO          646    .text.HAL_GPIO_EXTI_Callback  stm32f1xx_hal_gpio.o
    0x08000fd6   0x08000fd6   0x00000002   PAD
    0x08000fd8   0x08000fd8   0x00000016   Code   RO          644    .text.HAL_GPIO_EXTI_IRQHandler  stm32f1xx_hal_gpio.o
    0x08000fee   0x08000fee   0x00000002   PAD
    0x08000ff0   0x08000ff0   0x00000206   Code   RO          632    .text.HAL_GPIO_Init  stm32f1xx_hal_gpio.o
    0x080011f6   0x080011f6   0x00000002   PAD
    0x080011f8   0x080011f8   0x0000000a   Code   RO          638    .text.HAL_GPIO_WritePin  stm32f1xx_hal_gpio.o
    0x08001202   0x08001202   0x00000002   PAD
    0x08001204   0x08001204   0x0000000c   Code   RO          531    .text.HAL_GetTick   stm32f1xx_hal.o
    0x08001210   0x08001210   0x0000001a   Code   RO          529    .text.HAL_IncTick   stm32f1xx_hal.o
    0x0800122a   0x0800122a   0x00000002   PAD
    0x0800122c   0x0800122c   0x00000026   Code   RO          519    .text.HAL_Init      stm32f1xx_hal.o
    0x08001252   0x08001252   0x00000002   PAD
    0x08001254   0x08001254   0x00000050   Code   RO          521    .text.HAL_InitTick  stm32f1xx_hal.o
    0x080012a4   0x080012a4   0x00000042   Code   RO          115    .text.HAL_MspInit   stm32f1xx_hal_msp.o
    0x080012e6   0x080012e6   0x00000002   PAD
    0x080012e8   0x080012e8   0x00000022   Code   RO          710    .text.HAL_NVIC_ClearPendingIRQ  stm32f1xx_hal_cortex.o
    0x0800130a   0x0800130a   0x00000002   PAD
    0x0800130c   0x0800130c   0x00000022   Code   RO          692    .text.HAL_NVIC_EnableIRQ  stm32f1xx_hal_cortex.o
    0x0800132e   0x0800132e   0x00000002   PAD
    0x08001330   0x08001330   0x00000056   Code   RO          690    .text.HAL_NVIC_SetPriority  stm32f1xx_hal_cortex.o
    0x08001386   0x08001386   0x00000002   PAD
    0x08001388   0x08001388   0x00000020   Code   RO          688    .text.HAL_NVIC_SetPriorityGrouping  stm32f1xx_hal_cortex.o
    0x080013a8   0x080013a8   0x000001b2   Code   RO          584    .text.HAL_RCC_ClockConfig  stm32f1xx_hal_rcc.o
    0x0800155a   0x0800155a   0x00000002   PAD
    0x0800155c   0x0800155c   0x00000338   Code   RO          582    .text.HAL_RCC_OscConfig  stm32f1xx_hal_rcc.o
    0x08001894   0x08001894   0x0000002c   Code   RO          700    .text.HAL_SYSTICK_Config  stm32f1xx_hal_cortex.o
    0x080018c0   0x080018c0   0x0000007a   Code   RO          433    .text.HAL_TIMEx_MasterConfigSynchronization  stm32f1xx_hal_tim_ex.o
    0x0800193a   0x0800193a   0x00000002   PAD
    0x0800193c   0x0800193c   0x0000013c   Code   RO          252    .text.HAL_TIM_Encoder_Init  stm32f1xx_hal_tim.o
    0x08001a78   0x08001a78   0x00000062   Code   RO           51    .text.HAL_TIM_Encoder_MspInit  tim.o
    0x08001ada   0x08001ada   0x00000002   PAD
    0x08001adc   0x08001adc   0x000000bc   Code   RO          260    .text.HAL_TIM_Encoder_Start  stm32f1xx_hal_tim.o
    0x08001b98   0x08001b98   0x00000098   Code   RO         1427    .text.HandleControlIT  system.o
    0x08001c30   0x08001c30   0x0000007c   Code   RO         1096    .text.HandleLimitIT  limits.o
    0x08001cac   0x08001cac   0x0000001c   Code   RO         1389    .text.HandleStepResetIT  stepper.o
    0x08001cc8   0x08001cc8   0x00000292   Code   RO         1387    .text.HandleStepSetIT  stepper.o
    0x08001f5a   0x08001f5a   0x00000002   PAD
    0x08001f5c   0x08001f5c   0x0000016c   Code   RO         1308    .text.HandleUartIT  serial.o
    0x080020c8   0x080020c8   0x00000002   Code   RO           74    .text.HardFault_Handler  stm32f1xx_it.o
    0x080020ca   0x080020ca   0x00000002   PAD
    0x080020cc   0x080020cc   0x000000b8   Code   RO          493    .text.LL_GPIO_Init  stm32f1xx_ll_gpio.o
    0x08002184   0x08002184   0x0000008a   Code   RO          855    .text.LL_RCC_GetSystemClocksFreq  stm32f1xx_ll_rcc.o
    0x0800220e   0x0800220e   0x00000002   PAD
    0x08002210   0x08002210   0x0000003c   Code   RO          481    .text.LL_TIM_BDTR_Init  stm32f1xx_ll_tim.o
    0x0800224c   0x0800224c   0x00000086   Code   RO          461    .text.LL_TIM_Init   stm32f1xx_ll_tim.o
    0x080022d2   0x080022d2   0x00000002   PAD
    0x080022d4   0x080022d4   0x000001d0   Code   RO          465    .text.LL_TIM_OC_Init  stm32f1xx_ll_tim.o
    0x080024a4   0x080024a4   0x000000ca   Code   RO          917    .text.LL_USART_Init  stm32f1xx_ll_usart.o
    0x0800256e   0x0800256e   0x00000002   PAD
    0x08002570   0x08002570   0x0000012c   Code   RO           34    .text.MX_GPIO_Init  gpio.o
    0x0800269c   0x0800269c   0x00000108   Code   RO           43    .text.MX_TIM1_Init  tim.o
    0x080027a4   0x080027a4   0x00000092   Code   RO           45    .text.MX_TIM2_Init  tim.o
    0x08002836   0x08002836   0x00000002   PAD
    0x08002838   0x08002838   0x0000009a   Code   RO           47    .text.MX_TIM3_Init  tim.o
    0x080028d2   0x080028d2   0x00000002   PAD
    0x080028d4   0x080028d4   0x00000076   Code   RO           49    .text.MX_TIM4_Init  tim.o
    0x0800294a   0x0800294a   0x00000002   PAD
    0x0800294c   0x0800294c   0x000000e0   Code   RO           64    .text.MX_USART1_UART_Init  usart.o
    0x08002a2c   0x08002a2c   0x00000002   Code   RO           76    .text.MemManage_Handler  stm32f1xx_it.o
    0x08002a2e   0x08002a2e   0x00000002   PAD
    0x08002a30   0x08002a30   0x00000002   Code   RO           72    .text.NMI_Handler   stm32f1xx_it.o
    0x08002a32   0x08002a32   0x00000002   PAD
    0x08002a34   0x08002a34   0x00000002   Code   RO           86    .text.PendSV_Handler  stm32f1xx_it.o
    0x08002a36   0x08002a36   0x00000002   PAD
    0x08002a38   0x08002a38   0x00000002   Code   RO           82    .text.SVC_Handler   stm32f1xx_it.o
    0x08002a3a   0x08002a3a   0x00000002   PAD
    0x08002a3c   0x08002a3c   0x00000036   Code   RO          995    .text.Spindle_Disable  stm32utilities.o
    0x08002a72   0x08002a72   0x00000002   PAD
    0x08002a74   0x08002a74   0x00000038   Code   RO         1001    .text.Spindle_Enable  stm32utilities.o
    0x08002aac   0x08002aac   0x00000004   Code   RO           88    .text.SysTick_Handler  stm32f1xx_it.o
    0x08002ab0   0x08002ab0   0x00000050   Code   RO          933    .text.SystemInit    system_stm32f1xx.o
    0x08002b00   0x08002b00   0x0000001c   Code   RO           98    .text.TIM2_IRQHandler  stm32f1xx_it.o
    0x08002b1c   0x08002b1c   0x00000034   Code   RO          100    .text.TIM3_IRQHandler  stm32f1xx_it.o
    0x08002b50   0x08002b50   0x00000022   Code   RO          102    .text.USART1_IRQHandler  stm32f1xx_it.o
    0x08002b72   0x08002b72   0x00000002   PAD
    0x08002b74   0x08002b74   0x00000002   Code   RO           80    .text.UsageFault_Handler  stm32f1xx_it.o
    0x08002b76   0x08002b76   0x00000002   PAD
    0x08002b78   0x08002b78   0x0000008c   Code   RO         1346    .text.acceleration_scaling  settings.o
    0x08002c04   0x08002c04   0x0000006a   Code   RO         1140    .text.convert_delta_vector_to_unit_vector  nuts_bolts.o
    0x08002c6e   0x08002c6e   0x00000002   PAD
    0x08002c70   0x08002c70   0x0000001a   Code   RO         1026    .text.coolant_get_state  coolant_control.o
    0x08002c8a   0x08002c8a   0x00000002   PAD
    0x08002c8c   0x08002c8c   0x00000022   Code   RO         1024    .text.coolant_init  coolant_control.o
    0x08002cae   0x08002cae   0x00000002   PAD
    0x08002cb0   0x08002cb0   0x0000006a   Code   RO         1030    .text.coolant_set_state  coolant_control.o
    0x08002d1a   0x08002d1a   0x00000002   PAD
    0x08002d1c   0x08002d1c   0x00000022   Code   RO         1028    .text.coolant_stop  coolant_control.o
    0x08002d3e   0x08002d3e   0x00000002   PAD
    0x08002d40   0x08002d40   0x00000070   Code   RO         1032    .text.coolant_sync  coolant_control.o
    0x08002db0   0x08002db0   0x00000002   Code   RO         1136    .text.delay_ms      nuts_bolts.o
    0x08002db2   0x08002db2   0x00000002   PAD
    0x08002db4   0x08002db4   0x0000004c   Code   RO         1132    .text.delay_sec     nuts_bolts.o
    0x08002e00   0x08002e00   0x0000007c   Code   RO         1042    .text.eeprom_flush  eeprom.o
    0x08002e7c   0x08002e7c   0x0000000c   Code   RO         1046    .text.eeprom_get_char  eeprom.o
    0x08002e88   0x08002e88   0x0000003c   Code   RO         1044    .text.eeprom_init   eeprom.o
    0x08002ec4   0x08002ec4   0x0000000c   Code   RO         1048    .text.eeprom_put_char  eeprom.o
    0x08002ed0   0x08002ed0   0x000011a8   Code   RO         1067    .text.gc_execute_line  gcode.o
    0x08004078   0x08004078   0x0000002c   Code   RO         1063    .text.gc_init       gcode.o
    0x080040a4   0x080040a4   0x00000016   Code   RO         1065    .text.gc_sync_position  gcode.o
    0x080040ba   0x080040ba   0x00000002   PAD
    0x080040bc   0x080040bc   0x00000022   Code   RO         1138    .text.hypot_f       nuts_bolts.o
    0x080040de   0x080040de   0x00000002   PAD
    0x080040e0   0x080040e0   0x00000026   Code   RO          948    .text.inoutputs_init  inoutputs.o
    0x08004106   0x08004106   0x00000002   PAD
    0x08004108   0x08004108   0x00000064   Code   RO         1079    .text.jog_execute   jog.o
    0x0800416c   0x0800416c   0x0000004c   Code   RO         1142    .text.limit_value_by_axis_maximum  nuts_bolts.o
    0x080041b8   0x080041b8   0x00000018   Code   RO         1090    .text.limits_disable  limits.o
    0x080041d0   0x080041d0   0x00000054   Code   RO         1094    .text.limits_get_state  limits.o
    0x08004224   0x08004224   0x0000043e   Code   RO         1098    .text.limits_go_home  limits.o
    0x08004662   0x08004662   0x00000002   PAD
    0x08004664   0x08004664   0x0000002a   Code   RO         1088    .text.limits_init   limits.o
    0x0800468e   0x0800468e   0x00000002   PAD
    0x08004690   0x08004690   0x00000046   Code   RO         1100    .text.limits_soft_check  limits.o
    0x080046d6   0x080046d6   0x00000002   PAD
    0x080046d8   0x080046d8   0x00000196   Code   RO           11    .text.main          main.o
    0x0800486e   0x0800486e   0x00000002   PAD
    0x08004870   0x08004870   0x000003a4   Code   RO         1112    .text.mc_arc        motion_control.o
    0x08004c14   0x08004c14   0x00000024   Code   RO         1114    .text.mc_dwell      motion_control.o
    0x08004c38   0x08004c38   0x00000052   Code   RO         1116    .text.mc_homing_cycle  motion_control.o
    0x08004c8a   0x08004c8a   0x00000002   PAD
    0x08004c8c   0x08004c8c   0x00000078   Code   RO         1110    .text.mc_line       motion_control.o
    0x08004d04   0x08004d04   0x000000d4   Code   RO         1118    .text.mc_probe_cycle  motion_control.o
    0x08004dd8   0x08004dd8   0x00000064   Code   RO         1120    .text.mc_reset      motion_control.o
    0x08004e3c   0x08004e3c   0x00000046   Code   RO         1052    .text.memcpy_from_eeprom_with_checksum  eeprom.o
    0x08004e82   0x08004e82   0x00000002   PAD
    0x08004e84   0x08004e84   0x00000046   Code   RO         1050    .text.memcpy_to_eeprom_with_checksum  eeprom.o
    0x08004eca   0x08004eca   0x00000002   PAD
    0x08004ecc   0x08004ecc   0x00000002   Code   RO          968    .text.outputs_analog_action  inoutputs.o
    0x08004ece   0x08004ece   0x00000002   PAD
    0x08004ed0   0x08004ed0   0x00000002   Code   RO          962    .text.outputs_analog_init  inoutputs.o
    0x08004ed2   0x08004ed2   0x00000002   PAD
    0x08004ed4   0x08004ed4   0x000000a6   Code   RO          960    .text.outputs_digital_action  inoutputs.o
    0x08004f7a   0x08004f7a   0x00000002   PAD
    0x08004f7c   0x08004f7c   0x000003e8   Code   RO         1172    .text.plan_buffer_line  planner.o
    0x08005364   0x08005364   0x0000001e   Code   RO         1166    .text.plan_check_full_buffer  planner.o
    0x08005382   0x08005382   0x00000002   PAD
    0x08005384   0x08005384   0x000000be   Code   RO         1168    .text.plan_compute_profile_nominal_speed  planner.o
    0x08005442   0x08005442   0x00000002   PAD
    0x08005444   0x08005444   0x00000022   Code   RO         1180    .text.plan_cycle_reinitialize  planner.o
    0x08005466   0x08005466   0x00000002   PAD
    0x08005468   0x08005468   0x00000042   Code   RO         1158    .text.plan_discard_current_block  planner.o
    0x080054aa   0x080054aa   0x00000002   PAD
    0x080054ac   0x080054ac   0x00000026   Code   RO         1176    .text.plan_get_block_buffer_available  planner.o
    0x080054d2   0x080054d2   0x00000002   PAD
    0x080054d4   0x080054d4   0x0000002a   Code   RO         1162    .text.plan_get_current_block  planner.o
    0x080054fe   0x080054fe   0x00000002   PAD
    0x08005500   0x08005500   0x0000003a   Code   RO         1164    .text.plan_get_exec_block_exit_speed_sqr  planner.o
    0x0800553a   0x0800553a   0x00000002   PAD
    0x0800553c   0x0800553c   0x0000001a   Code   RO         1160    .text.plan_get_system_motion_block  planner.o
    0x08005556   0x08005556   0x00000002   PAD
    0x08005558   0x08005558   0x00000044   Code   RO         1154    .text.plan_reset    planner.o
    0x0800559c   0x0800559c   0x00000042   Code   RO         1174    .text.plan_sync_position  planner.o
    0x080055de   0x080055de   0x00000002   PAD
    0x080055e0   0x080055e0   0x000000a6   Code   RO         1170    .text.plan_update_velocity_profile_parameters  planner.o
    0x08005686   0x08005686   0x00000002   PAD
    0x08005688   0x08005688   0x000001d2   Code   RO         1182    .text.planner_recalculate  planner.o
    0x0800585a   0x0800585a   0x00000002   PAD
    0x0800585c   0x0800585c   0x000000fa   Code   RO         1208    .text.printFloat    print.o
    0x08005956   0x08005956   0x00000002   PAD
    0x08005958   0x08005958   0x0000003e   Code   RO         1210    .text.printFloat_CoordValue  print.o
    0x08005996   0x08005996   0x00000002   PAD
    0x08005998   0x08005998   0x0000003e   Code   RO         1212    .text.printFloat_RateValue  print.o
    0x080059d6   0x080059d6   0x00000002   PAD
    0x080059d8   0x080059d8   0x00000020   Code   RO         1198    .text.printString   print.o
    0x080059f8   0x080059f8   0x00000060   Code   RO         1200    .text.print_uint8_base10  print.o
    0x08005a58   0x08005a58   0x0000002c   Code   RO         1224    .text.probe_configure_invert_mask  probe.o
    0x08005a84   0x08005a84   0x00000022   Code   RO         1226    .text.probe_get_state  probe.o
    0x08005aa6   0x08005aa6   0x00000002   PAD
    0x08005aa8   0x08005aa8   0x00000024   Code   RO         1222    .text.probe_init    probe.o
    0x08005acc   0x08005acc   0x00000058   Code   RO         1228    .text.probe_state_monitor  probe.o
    0x08005b24   0x08005b24   0x00000016   Code   RO         1242    .text.protocol_auto_cycle_start  protocol.o
    0x08005b3a   0x08005b3a   0x00000002   PAD
    0x08005b3c   0x08005b3c   0x00000034   Code   RO         1240    .text.protocol_buffer_synchronize  protocol.o
    0x08005b70   0x08005b70   0x000003be   Code   RO         1246    .text.protocol_exec_rt_system  protocol.o
    0x08005f2e   0x08005f2e   0x00000002   PAD
    0x08005f30   0x08005f30   0x000001cc   Code   RO         1244    .text.protocol_execute_realtime  protocol.o
    0x080060fc   0x080060fc   0x00000150   Code   RO         1238    .text.protocol_main_loop  protocol.o
    0x0800624c   0x0800624c   0x00000122   Code   RO         1130    .text.read_float    nuts_bolts.o
    0x0800636e   0x0800636e   0x00000002   PAD
    0x08006370   0x08006370   0x00000030   Code   RO         1261    .text.report_alarm_message  report.o
    0x080063a0   0x080063a0   0x00000090   Code   RO         1281    .text.report_build_info  report.o
    0x08006430   0x08006430   0x0000004c   Code   RO         1279    .text.report_execute_startup_message  report.o
    0x0800647c   0x0800647c   0x00000068   Code   RO         1263    .text.report_feedback_message  report.o
    0x080064e4   0x080064e4   0x00000164   Code   RO         1275    .text.report_gcode_modes  report.o
    0x08006648   0x08006648   0x0000000c   Code   RO         1267    .text.report_grbl_help  report.o
    0x08006654   0x08006654   0x000003ec   Code   RO         1269    .text.report_grbl_settings  report.o
    0x08006a40   0x08006a40   0x0000002c   Code   RO         1265    .text.report_init_message  report.o
    0x08006a6c   0x08006a6c   0x00000130   Code   RO         1273    .text.report_ngc_parameters  report.o
    0x08006b9c   0x08006b9c   0x0000006c   Code   RO         1271    .text.report_probe_parameters  report.o
    0x08006c08   0x08006c08   0x000003d8   Code   RO         1285    .text.report_realtime_status  report.o
    0x08006fe0   0x08006fe0   0x00000034   Code   RO         1277    .text.report_startup_line  report.o
    0x08007014   0x08007014   0x00000034   Code   RO         1259    .text.report_status_message  report.o
    0x08007048   0x08007048   0x00000026   Code   RO         1296    .text.serial_get_rx_buffer_available  serial.o
    0x0800706e   0x0800706e   0x00000002   PAD
    0x08007070   0x08007070   0x00000002   Code   RO         1302    .text.serial_init   serial.o
    0x08007072   0x08007072   0x00000002   PAD
    0x08007074   0x08007074   0x00000034   Code   RO         1306    .text.serial_read   serial.o
    0x080070a8   0x080070a8   0x00000016   Code   RO         1310    .text.serial_reset_read_buffer  serial.o
    0x080070be   0x080070be   0x00000002   PAD
    0x080070c0   0x080070c0   0x00000004   Code   RO         1304    .text.serial_write  serial.o
    0x080070c4   0x080070c4   0x00000058   Code   RO         1348    .text.settings_init  settings.o
    0x0800711c   0x0800711c   0x0000002a   Code   RO         1338    .text.settings_read_build_info  settings.o
    0x08007146   0x08007146   0x00000002   PAD
    0x08007148   0x08007148   0x00000038   Code   RO         1340    .text.settings_read_coord_data  settings.o
    0x08007180   0x08007180   0x00000034   Code   RO         1336    .text.settings_read_startup_line  settings.o
    0x080071b4   0x080071b4   0x0000012e   Code   RO         1334    .text.settings_restore  settings.o
    0x080072e2   0x080072e2   0x00000002   PAD
    0x080072e4   0x080072e4   0x0000000c   Code   RO         1328    .text.settings_store_build_info  settings.o
    0x080072f0   0x080072f0   0x00000340   Code   RO         1344    .text.settings_store_global_setting  settings.o
    0x08007630   0x08007630   0x0000001e   Code   RO         1326    .text.settings_store_startup_line  settings.o
    0x0800764e   0x0800764e   0x00000002   PAD
    0x08007650   0x08007650   0x0000001e   Code   RO         1330    .text.settings_write_coord_data  settings.o
    0x0800766e   0x0800766e   0x00000002   PAD
    0x08007670   0x08007670   0x000000b6   Code   RO         1368    .text.spindle_compute_pwm_value  spindle_control.o
    0x08007726   0x08007726   0x00000002   PAD
    0x08007728   0x08007728   0x0000000e   Code   RO         1362    .text.spindle_get_state  spindle_control.o
    0x08007736   0x08007736   0x00000002   PAD
    0x08007738   0x08007738   0x00000052   Code   RO         1360    .text.spindle_init  spindle_control.o
    0x0800778a   0x0800778a   0x00000002   PAD
    0x0800778c   0x0800778c   0x00000016   Code   RO         1366    .text.spindle_set_speed  spindle_control.o
    0x080077a2   0x080077a2   0x00000002   PAD
    0x080077a4   0x080077a4   0x00000082   Code   RO         1370    .text.spindle_set_state  spindle_control.o
    0x08007826   0x08007826   0x00000002   PAD
    0x08007828   0x08007828   0x00000004   Code   RO         1364    .text.spindle_stop  spindle_control.o
    0x0800782c   0x0800782c   0x00000088   Code   RO         1372    .text.spindle_sync  spindle_control.o
    0x080078b4   0x080078b4   0x00000074   Code   RO         1391    .text.st_generate_step_dir_invert_masks  stepper.o
    0x08007928   0x08007928   0x0000001e   Code   RO         1401    .text.st_get_realtime_rate  stepper.o
    0x08007946   0x08007946   0x00000002   PAD
    0x08007948   0x08007948   0x000000a8   Code   RO         1385    .text.st_go_idle    stepper.o
    0x080079f0   0x080079f0   0x000008c8   Code   RO         1399    .text.st_prep_buffer  stepper.o
    0x080082b8   0x080082b8   0x0000017a   Code   RO         1393    .text.st_reset      stepper.o
    0x08008432   0x08008432   0x00000002   PAD
    0x08008434   0x08008434   0x00000032   Code   RO         1397    .text.st_update_plan_block_parameters  stepper.o
    0x08008466   0x08008466   0x00000002   PAD
    0x08008468   0x08008468   0x0000009a   Code   RO         1383    .text.st_wake_up    stepper.o
    0x08008502   0x08008502   0x00000002   PAD
    0x08008504   0x08008504   0x00000058   Code   RO         1395    .text.stepper_init  stepper.o
    0x0800855c   0x0800855c   0x00000020   Code   RO         1429    .text.system_check_safety_door_ajar  system.o
    0x0800857c   0x0800857c   0x0000003a   Code   RO         1447    .text.system_check_travel_limits  system.o
    0x080085b6   0x080085b6   0x00000002   PAD
    0x080085b8   0x080085b8   0x00000016   Code   RO         1461    .text.system_clear_exec_accessory_overrides  system.o
    0x080085ce   0x080085ce   0x00000002   PAD
    0x080085d0   0x080085d0   0x00000016   Code   RO         1453    .text.system_clear_exec_alarm  system.o
    0x080085e6   0x080085e6   0x00000002   PAD
    0x080085e8   0x080085e8   0x00000016   Code   RO         1459    .text.system_clear_exec_motion_overrides  system.o
    0x080085fe   0x080085fe   0x00000002   PAD
    0x08008600   0x08008600   0x0000001a   Code   RO         1449    .text.system_clear_exec_state_flag  system.o
    0x0800861a   0x0800861a   0x00000002   PAD
    0x0800861c   0x0800861c   0x00000034   Code   RO         1425    .text.system_control_get_state  system.o
    0x08008650   0x08008650   0x0000001c   Code   RO         1445    .text.system_convert_array_steps_to_mpos  system.o
    0x0800866c   0x0800866c   0x0000004e   Code   RO         1439    .text.system_convert_axis_steps_to_mpos  system.o
    0x080086ba   0x080086ba   0x00000002   PAD
    0x080086bc   0x080086bc   0x0000000c   Code   RO         1441    .text.system_convert_corexy_to_x_axis_steps  system.o
    0x080086c8   0x080086c8   0x0000000c   Code   RO         1443    .text.system_convert_corexy_to_y_axis_steps  system.o
    0x080086d4   0x080086d4   0x000003d2   Code   RO         1433    .text.system_execute_line  system.o
    0x08008aa6   0x08008aa6   0x00000002   PAD
    0x08008aa8   0x08008aa8   0x0000003c   Code   RO         1431    .text.system_execute_startup  system.o
    0x08008ae4   0x08008ae4   0x00000014   Code   RO         1437    .text.system_flag_wco_change  system.o
    0x08008af8   0x08008af8   0x00000002   Code   RO         1423    .text.system_init   system.o
    0x08008afa   0x08008afa   0x00000002   PAD
    0x08008afc   0x08008afc   0x00000018   Code   RO         1457    .text.system_set_exec_accessory_override_flag  system.o
    0x08008b14   0x08008b14   0x00000018   Code   RO         1451    .text.system_set_exec_alarm  system.o
    0x08008b2c   0x08008b2c   0x00000018   Code   RO         1455    .text.system_set_exec_motion_override_flag  system.o
    0x08008b44   0x08008b44   0x00000018   Code   RO         1435    .text.system_set_exec_state_flag  system.o
    0x08008b5c   0x08008b5c   0x0000003e   Code   RO          983    .text.timing_init   stm32utilities.o
    0x08008b9a   0x08008b9a   0x00000002   PAD
    0x08008b9c   0x08008b9c   0x00000022   Code   RO          989    .text.uart_init     stm32utilities.o
    0x08008bbe   0x08008bbe   0x00000002   PAD
    0x08008bc0   0x08008bc0   0x00000014   Code   RO          993    .text.uart_sendch   stm32utilities.o
    0x08008bd4   0x08008bd4   0x00000002   Code   RO          972    .text.wait_on_input_action  inoutputs.o
    0x08008bd6   0x08008bd6   0x00000026   Code   RO         1559    i.__ARM_fpclassifyf  m_ws.l(fpclassifyf.o)
    0x08008bfc   0x08008bfc   0x00000006   Code   RO         1562    i.__mathlib_flt_infnan  m_ws.l(funder.o)
    0x08008c02   0x08008c02   0x00000004   Code   RO         1563    i.__mathlib_flt_infnan2  m_ws.l(funder.o)
    0x08008c06   0x08008c06   0x00000008   Code   RO         1564    i.__mathlib_flt_invalid  m_ws.l(funder.o)
    0x08008c0e   0x08008c0e   0x0000000a   Code   RO         1567    i.__mathlib_flt_underflow  m_ws.l(funder.o)
    0x08008c18   0x08008c18   0x00000168   Code   RO         1575    i.__mathlib_rredf2  m_ws.l(rredf.o)
    0x08008d80   0x08008d80   0x0000000e   Code   RO         1630    i.__scatterload_copy  mc_w.l(handlers.o)
    0x08008d8e   0x08008d8e   0x00000002   Code   RO         1631    i.__scatterload_null  mc_w.l(handlers.o)
    0x08008d90   0x08008d90   0x0000000e   Code   RO         1632    i.__scatterload_zeroinit  mc_w.l(handlers.o)
    0x08008d9e   0x08008d9e   0x00000002   PAD
    0x08008da0   0x08008da0   0x0000000c   Code   RO         1600    i.__set_errno       mc_w.l(errno.o)
    0x08008dac   0x08008dac   0x000002a4   Code   RO         1471    i.atan2f            m_ws.l(atan2f.o)
    0x08009050   0x08009050   0x00000078   Code   RO         1475    i.ceilf             m_ws.l(ceilf.o)
    0x080090c8   0x080090c8   0x0000017c   Code   RO         1479    i.cosf              m_ws.l(cosf.o)
    0x08009244   0x08009244   0x000000dc   Code   RO         1483    i.floor             m_ws.l(floor.o)
    0x08009320   0x08009320   0x0000007c   Code   RO         1487    i.floorf            m_ws.l(floorf.o)
    0x0800939c   0x0800939c   0x000000c4   Code   RO         1502    i.lround            m_ws.l(lround.o)
    0x08009460   0x08009460   0x00000072   Code   RO         1504    i.roundf            m_ws.l(roundf.o)
    0x080094d2   0x080094d2   0x00000002   PAD
    0x080094d4   0x080094d4   0x00000188   Code   RO         1491    i.sinf              m_ws.l(sinf.o)
    0x0800965c   0x0800965c   0x0000004c   Code   RO         1495    i.sqrt              m_ws.l(sqrt.o)
    0x080096a8   0x080096a8   0x0000002c   Code   RO         1499    i.sqrtf             m_ws.l(sqrtf.o)
    0x080096d4   0x080096d4   0x00000052   Code   RO         1506    i.truncf            m_ws.l(truncf.o)
    0x08009726   0x08009726   0x00000002   PAD
    0x08009728   0x08009728   0x00000020   Data   RO         1576    .constdata          m_ws.l(rredf.o)
    0x08009748   0x08009748   0x00000002   Data   RO          609    .rodata..L__const.HAL_RCC_GetSysClockFreq.aPredivFactorTable  stm32f1xx_hal_rcc.o
    0x0800974a   0x0800974a   0x00000010   Data   RO          938    .rodata.AHBPrescTable  system_stm32f1xx.o
    0x0800975a   0x0800975a   0x00000008   Data   RO          939    .rodata.APBPrescTable  system_stm32f1xx.o
    0x08009762   0x08009762   0x00000010   Data   RO          608    .rodata.cst16       stm32f1xx_hal_rcc.o
    0x08009772   0x08009772   0x00000006   Data   RO         1006    .rodata.direction_pin_mask  stm32utilities.o
    0x08009778   0x08009778   0x00000006   Data   RO         1007    .rodata.limit_pin_mask  stm32utilities.o
    0x0800977e   0x0800977e   0x00000008   Data   RO          974    .rodata.outputs_pin_mask  inoutputs.o
    0x08009786   0x08009786   0x00000006   Data   RO         1005    .rodata.step_pin_mask  stm32utilities.o
    0x0800978c   0x0800978c   0x000000f3   Data   RO         1287    .rodata.str1.1      report.o
    0x0800987f   0x0800987f   0x00000001   PAD
    0x08009880   0x08009880   0x00000020   Data   RO         1629    Region$$Table       anon$$obj.o


    Execution Region RW_IRAM1 (Exec base: 0x20000000, Load base: 0x080098a0, Size: 0x00003828, Max: 0x00018000, ABSOLUTE)

    Exec Addr    Load Addr    Size         Type   Attr      Idx    E Section Name        Object

    0x20000000   0x080098a0   0x00000004   Data   RW         1601    .data               mc_w.l(errno.o)
    0x20000004   0x080098a4   0x00000004   Data   RW          937    .data.SystemCoreClock  system_stm32f1xx.o
    0x20000008   0x080098a8   0x00000001   Data   RW          570    .data.uwTickFreq    stm32f1xx_hal.o
    0x20000009   0x080098a9   0x00000003   PAD
    0x2000000c   0x080098ac   0x00000004   Data   RW          569    .data.uwTickPrio    stm32f1xx_hal.o
    0x20000010        -       0x00000400   Zero   RW         1054    .bss.EE_Buffer      eeprom.o
    0x20000410        -       0x00000018   Zero   RW         1351    .bss.adjustments    settings.o
    0x20000428        -       0x000028a0   Zero   RW         1189    .bss.block_buffer   planner.o
    0x20002cc8        -       0x00000001   Zero   RW         1186    .bss.block_buffer_head  planner.o
    0x20002cc9        -       0x00000001   Zero   RW         1188    .bss.block_buffer_planned  planner.o
    0x20002cca        -       0x00000001   Zero   RW         1185    .bss.block_buffer_tail  planner.o
    0x20002ccb        -       0x00000001   Zero   RW         1405    .bss.busy           stepper.o
    0x20002ccc        -       0x00000002   Zero   RW         1410    .bss.dir_port_invert_mask  stepper.o
    0x20002cce   0x080098b0   0x00000002   PAD
    0x20002cd0        -       0x00000004   Zero   RW         1011    .bss.fTICKS_PER_MINUTE  stm32utilities.o
    0x20002cd4        -       0x0000004c   Zero   RW         1070    .bss.gc_block       gcode.o
    0x20002d20        -       0x00000048   Zero   RW         1069    .bss.gc_state       gcode.o
    0x20002d68        -       0x00000048   Zero   RW           55    .bss.htim4          tim.o
    0x20002db0        -       0x00000050   Zero   RW         1248    .bss.line           protocol.o
    0x20002e00        -       0x00000001   Zero   RW         1187    .bss.next_buffer_head  planner.o
    0x20002e01   0x080098b0   0x00000003   PAD
    0x20002e04        -       0x00000050   Zero   RW         1012    .bss.pDbgStr        stm32utilities.o
    0x20002e54   0x080098b0   0x00000004   PAD
    0x20002e58        -       0x00000020   Zero   RW          796    .bss.pFlash         stm32f1xx_hal_flash.o
    0x20002e78        -       0x0000001c   Zero   RW         1184    .bss.pl             planner.o
    0x20002e94        -       0x00000004   Zero   RW         1412    .bss.pl_block       stepper.o
    0x20002e98        -       0x00000038   Zero   RW         1411    .bss.prep           stepper.o
    0x20002ed0        -       0x00000002   Zero   RW         1230    .bss.probe_invert_mask  probe.o
    0x20002ed2   0x080098b0   0x00000002   PAD
    0x20002ed4        -       0x00000004   Zero   RW         1374    .bss.pwm_gradient   spindle_control.o
    0x20002ed8        -       0x00000100   Zero   RW         1408    .bss.segment_buffer  stepper.o
    0x20002fd8        -       0x00000001   Zero   RW         1406    .bss.segment_buffer_head  stepper.o
    0x20002fd9        -       0x00000001   Zero   RW         1407    .bss.segment_buffer_tail  stepper.o
    0x20002fda        -       0x00000001   Zero   RW         1413    .bss.segment_next_head  stepper.o
    0x20002fdb        -       0x000000fe   Zero   RW         1316    .bss.serial_rx_buffer  serial.o
    0x200030d9        -       0x00000001   Zero   RW         1312    .bss.serial_rx_buffer_head  serial.o
    0x200030da        -       0x00000001   Zero   RW         1313    .bss.serial_rx_buffer_tail  serial.o
    0x200030db   0x080098b0   0x00000001   PAD
    0x200030dc        -       0x00000064   Zero   RW         1350    .bss.settings       settings.o
    0x20003140        -       0x00000038   Zero   RW         1404    .bss.st             stepper.o
    0x20003178        -       0x0000026c   Zero   RW         1409    .bss.st_block_buffer  stepper.o
    0x200033e4        -       0x00000004   Zero   RW         1414    .bss.st_prep_block  stepper.o
    0x200033e8        -       0x00000002   Zero   RW         1403    .bss.step_port_invert_mask  stepper.o
    0x200033ea   0x080098b0   0x00000002   PAD
    0x200033ec        -       0x00000014   Zero   RW           18    .bss.sys            main.o
    0x20003400        -       0x0000000c   Zero   RW           17    .bss.sys_position   main.o
    0x2000340c        -       0x0000000c   Zero   RW           19    .bss.sys_probe_position  main.o
    0x20003418        -       0x00000001   Zero   RW           20    .bss.sys_probe_state  main.o
    0x20003419        -       0x00000001   Zero   RW           24    .bss.sys_rt_exec_accessory_override  main.o
    0x2000341a        -       0x00000001   Zero   RW           22    .bss.sys_rt_exec_alarm  main.o
    0x2000341b        -       0x00000001   Zero   RW           23    .bss.sys_rt_exec_motion_override  main.o
    0x2000341c        -       0x00000001   Zero   RW           21    .bss.sys_rt_exec_state  main.o
    0x2000341d   0x080098b0   0x00000003   PAD
    0x20003420        -       0x00000004   Zero   RW         1010    .bss.uTICKS_PER_MICROSECOND  stm32utilities.o
    0x20003424        -       0x00000004   Zero   RW          571    .bss.uwTick         stm32f1xx_hal.o
    0x20003428        -       0x00000400   Zero   RW            1    STACK               startup_stm32f103xb.o


==============================================================================

Image component sizes


      Code (inc. data)   RO Data    RW Data    ZI Data      Debug   Object Name

       312          0          0          0          0       2306   coolant_control.o
       348          0          0          0       1024       3576   eeprom.o
      4586        472          0          0        148      10189   gcode.o
       300          0          0          0          0       2722   gpio.o
       210          0          8          0          0       4025   inoutputs.o
       100          0          0          0          0       1668   jog.o
      1430          0          0          0          0       6945   limits.o
       408          0          0          0         49       5123   main.o
      1482          0          0          0          0       5981   motion_control.o
       584          0          0          0          0       3529   nuts_bolts.o
      2250          0          0          0      10432       7592   planner.o
       502          0          0          0          0       4150   print.o
       202          0          0          0          2       1667   probe.o
      1828          0          0          0         80       4046   protocol.o
      3288        392        243          0          0      10673   report.o
       482         30          0          0        256       2831   serial.o
      1584        106          0          0        124       6374   settings.o
       570          0          0          0          4       4001   spindle_control.o
        36          8        236          0       1024        784   startup_stm32f103xb.o
      3918          0          0          0       1004      12102   stepper.o
       196          0          0          5          4       5754   stm32f1xx_hal.o
       230          0          0          0          0       8412   stm32f1xx_hal_cortex.o
       446          0          0          0         32       5416   stm32f1xx_hal_flash.o
        40          0          0          0          0       6622   stm32f1xx_hal_flash_ex.o
       552         20          0          0          0       4678   stm32f1xx_hal_gpio.o
        66          0          0          0          0       1200   stm32f1xx_hal_msp.o
      1258          0         18          0          0       7584   stm32f1xx_hal_rcc.o
       504          0          0          0          0      54008   stm32f1xx_hal_tim.o
       122          0          0          0          0      20188   stm32f1xx_hal_tim_ex.o
       298          0          0          0          0       5883   stm32f1xx_it.o
       184          0          0          0          0       3304   stm32f1xx_ll_gpio.o
       138          0          0          0          0       6538   stm32f1xx_ll_rcc.o
       658          0          0          0          0      10386   stm32f1xx_ll_tim.o
       202          0          0          0          0       4481   stm32f1xx_ll_usart.o
       238          0         18          0         88       4540   stm32utilities.o
      1672        136          0          0          0       7580   system.o
        80          0         24          4          0       2139   system_stm32f1xx.o
       780          0          0          0         72      10576   tim.o
       224          0          0          0          0       4664   usart.o

    ----------------------------------------------------------------------
     32510       1164        580         12      14360     274237   Object Totals
         0          0         32          0          0          0   (incl. Generated)
       202          0          1          3         17          0   (incl. Padding)

    ----------------------------------------------------------------------

      Code (inc. data)   RO Data    RW Data    ZI Data      Debug   Library Member Name

       676         78          0          0          0        116   atan2f.o
       120         10          0          0          0         84   ceilf.o
       380         52          0          0          0        124   cosf.o
       220         16          0          0          0         84   floor.o
       124         12          0          0          0         84   floorf.o
        38          0          0          0          0         68   fpclassifyf.o
        28          0          0          0          0        272   funder.o
       196         26          0          0          0        100   lround.o
       114          0          0          0          0         80   roundf.o
       360         16         32          0          0         88   rredf.o
       392         54          0          0          0        124   sinf.o
        76          0          0          0          0         84   sqrt.o
        44          0          0          0          0         80   sqrtf.o
        82          0          0          0          0         80   truncf.o
         0          0          0          0          0          0   entry.o
         0          0          0          0          0          0   entry10a.o
         0          0          0          0          0          0   entry11a.o
         8          4          0          0          0          0   entry2.o
         4          0          0          0          0          0   entry5.o
         0          0          0          0          0          0   entry7b.o
         0          0          0          0          0          0   entry8b.o
         8          4          0          0          0          0   entry9a.o
        12          6          0          4          0         68   errno.o
        30          0          0          0          0          0   handlers.o
        48         10          0          0          0         68   init.o
         0          0          0          0          0          0   iusefp.o
        30          0          0          0          0         68   llshl.o
        36          0          0          0          0         68   llsshr.o
        32          0          0          0          0         68   llushr.o
        26          0          0          0          0         80   memcmp.o
        36          0          0          0          0        108   memseta.o
        48          0          0          0          0         68   cdcmple.o
        48          0          0          0          0         68   cdrcmple.o
        56          0          0          0          0         88   d2f.o
       334          0          0          0          0        148   dadd.o
        54          0          0          0          0         80   dcmpgt.o
        54          0          0          0          0         80   dcmple.o
        54          0          0          0          0         80   dcmplt.o
       222          0          0          0          0        100   ddiv.o
       186          0          0          0          0        176   depilogue.o
        62          0          0          0          0         80   dfixi.o
       168          0          0          0          0         88   dfixir.o
        26          0          0          0          0         76   dfltui.o
       228          0          0          0          0         96   dmul.o
       136          4          0          0          0         92   drnd.o
       162          0          0          0          0        100   dsqrt.o
        38          0          0          0          0         68   f2d.o
       176          0          0          0          0        140   fadd.o
        28          0          0          0          0         68   fcmpeq.o
        28          0          0          0          0         68   fcmpge.o
        28          0          0          0          0         68   fcmpgt.o
        28          0          0          0          0         68   fcmple.o
        28          0          0          0          0         68   fcmplt.o
       124          0          0          0          0         88   fdiv.o
       110          0          0          0          0        168   fepilogue.o
        50          0          0          0          0         68   ffixi.o
        40          0          0          0          0         68   ffixui.o
        18          0          0          0          0         68   fflti.o
        10          0          0          0          0         68   ffltui.o
       100          0          0          0          0         76   fmul.o
        60          0          0          0          0         76   frnd.o
        24          0          0          0          0         68   fscalb.o
        94          0          0          0          0         96   fsqrt.o

    ----------------------------------------------------------------------
      5950        292         32          4          0       4808   Library Totals
         8          0          0          0          0          0   (incl. Padding)

    ----------------------------------------------------------------------

      Code (inc. data)   RO Data    RW Data    ZI Data      Debug   Library Name

      2850        264         32          0          0       1468   m_ws.l
       270         24          0          4          0        528   mc_w.l
      2822          4          0          0          0       2812   mf_w.l

    ----------------------------------------------------------------------
      5950        292         32          4          0       4808   Library Totals

    ----------------------------------------------------------------------

==============================================================================


      Code (inc. data)   RO Data    RW Data    ZI Data      Debug   

     38460       1456        612         16      14360     275701   Grand Totals
     38460       1456        612         16      14360     275701   ELF Image Totals
     38460       1456        612         16          0          0   ROM Totals

==============================================================================

    Total RO  Size (Code + RO Data)                39072 (  38.16kB)
    Total RW  Size (RW Data + ZI Data)             14376 (  14.04kB)
    Total ROM Size (Code + RO Data + RW Data)      39088 (  38.17kB)

==============================================================================

