Component: Arm Compiler for Embedded 6.22 Tool: armlink [5ee90200]

==============================================================================

Section Cross References

    startup_stm32f407xx.o(STACK) refers (Special) to heapauxi.o(.text) for __use_two_region_memory
    startup_stm32f407xx.o(HEAP) refers (Special) to heapauxi.o(.text) for __use_two_region_memory
    startup_stm32f407xx.o(RESET) refers (Special) to heapauxi.o(.text) for __use_two_region_memory
    startup_stm32f407xx.o(RESET) refers to startup_stm32f407xx.o(STACK) for __initial_sp
    startup_stm32f407xx.o(RESET) refers to startup_stm32f407xx.o(.text) for Reset_Handler
    startup_stm32f407xx.o(RESET) refers to stm32f4xx_it.o(.text.NMI_Handler) for NMI_Handler
    startup_stm32f407xx.o(RESET) refers to stm32f4xx_it.o(.text.HardFault_Handler) for HardFault_Handler
    startup_stm32f407xx.o(RESET) refers to stm32f4xx_it.o(.text.MemManage_Handler) for MemManage_Handler
    startup_stm32f407xx.o(RESET) refers to stm32f4xx_it.o(.text.BusFault_Handler) for BusFault_Handler
    startup_stm32f407xx.o(RESET) refers to stm32f4xx_it.o(.text.UsageFault_Handler) for UsageFault_Handler
    startup_stm32f407xx.o(RESET) refers to stm32f4xx_it.o(.text.SVC_Handler) for SVC_Handler
    startup_stm32f407xx.o(RESET) refers to stm32f4xx_it.o(.text.DebugMon_Handler) for DebugMon_Handler
    startup_stm32f407xx.o(RESET) refers to stm32f4xx_it.o(.text.PendSV_Handler) for PendSV_Handler
    startup_stm32f407xx.o(RESET) refers to stm32f4xx_it.o(.text.SysTick_Handler) for SysTick_Handler
    startup_stm32f407xx.o(RESET) refers to stm32f4xx_it.o(.text.EXTI0_IRQHandler) for EXTI0_IRQHandler
    startup_stm32f407xx.o(RESET) refers to stm32f4xx_it.o(.text.EXTI1_IRQHandler) for EXTI1_IRQHandler
    startup_stm32f407xx.o(RESET) refers to stm32f4xx_it.o(.text.EXTI2_IRQHandler) for EXTI2_IRQHandler
    startup_stm32f407xx.o(RESET) refers to stm32f4xx_it.o(.text.EXTI3_IRQHandler) for EXTI3_IRQHandler
    startup_stm32f407xx.o(RESET) refers to stm32f4xx_it.o(.text.USART1_IRQHandler) for USART1_IRQHandler
    startup_stm32f407xx.o(RESET) refers to stm32f4xx_it.o(.text.EXTI15_10_IRQHandler) for EXTI15_10_IRQHandler
    startup_stm32f407xx.o(RESET) refers to stm32f4xx_it.o(.text.TIM5_IRQHandler) for TIM5_IRQHandler
    startup_stm32f407xx.o(RESET) refers to stm32f4xx_it.o(.text.TIM7_IRQHandler) for TIM7_IRQHandler
    startup_stm32f407xx.o(.text) refers (Special) to heapauxi.o(.text) for __use_two_region_memory
    startup_stm32f407xx.o(.text) refers to system_stm32f4xx.o(.text.SystemInit) for SystemInit
    startup_stm32f407xx.o(.text) refers to __main.o(!!!main) for __main
    startup_stm32f407xx.o(.text) refers to startup_stm32f407xx.o(HEAP) for Heap_Mem
    startup_stm32f407xx.o(.text) refers to startup_stm32f407xx.o(STACK) for Stack_Mem
    main.o(.text.main) refers to stm32f4xx_hal.o(.text.HAL_Init) for HAL_Init
    main.o(.text.main) refers to rt_memclr_w.o(.text) for __aeabi_memclr4
    main.o(.text.main) refers to stm32f4xx_hal_rcc.o(.text.HAL_RCC_OscConfig) for HAL_RCC_OscConfig
    main.o(.text.main) refers to stm32f4xx_hal_rcc.o(.text.HAL_RCC_ClockConfig) for HAL_RCC_ClockConfig
    main.o(.text.main) refers to gpio.o(.text.MX_GPIO_Init) for MX_GPIO_Init
    main.o(.text.main) refers to tim.o(.text.MX_TIM3_Init) for MX_TIM3_Init
    main.o(.text.main) refers to tim.o(.text.MX_TIM1_Init) for MX_TIM1_Init
    main.o(.text.main) refers to tim.o(.text.MX_TIM2_Init) for MX_TIM2_Init
    main.o(.text.main) refers to usart.o(.text.MX_USART1_UART_Init) for MX_USART1_UART_Init
    main.o(.text.main) refers to tim.o(.text.MX_TIM5_Init) for MX_TIM5_Init
    main.o(.text.main) refers to i2c.o(.text.MX_I2C1_Init) for MX_I2C1_Init
    main.o(.text.main) refers to spi.o(.text.MX_SPI3_Init) for MX_SPI3_Init
    main.o(.text.main) refers to usart.o(.text.MX_UART5_Init) for MX_UART5_Init
    main.o(.text.main) refers to tim.o(.text.MX_TIM7_Init) for MX_TIM7_Init
    main.o(.text.main) refers to stm32f4xx_hal_cortex.o(.text.HAL_NVIC_SetPriority) for HAL_NVIC_SetPriority
    main.o(.text.main) refers to stm32f4xx_hal_cortex.o(.text.HAL_NVIC_EnableIRQ) for HAL_NVIC_EnableIRQ
    main.o(.text.main) refers to stm32utilities.o(.text.timing_init) for timing_init
    main.o(.text.main) refers to stm32utilities.o(.text.uart_init) for uart_init
    main.o(.text.main) refers to eeprom_1.o(.text.eeprom_init) for eeprom_init
    main.o(.text.main) refers to serial_1.o(.text.serial_init) for serial_init
    main.o(.text.main) refers to settings_1.o(.text.settings_init) for settings_init
    main.o(.text.main) refers to stepper_1.o(.text.stepper_init) for stepper_init
    main.o(.text.main) refers to system_1.o(.text.system_init) for system_init
    main.o(.text.main) refers to settings_1.o(.bss.settings) for settings
    main.o(.text.main) refers to main.o(.bss..L_MergedGlobals) for .L_MergedGlobals
[...]
    __use_no_semihosting_swi                 0x08000655   Thumb Code     2  use_no_semi.o(.text)
    __semihosting_library_function           0x08000657   Thumb Code     0  indicate_semi.o(.text)
    Analog_Timer_Init                        0x08000659   Thumb Code   120  main.o(.text.Analog_Timer_Init)
    BusFault_Handler                         0x080006d1   Thumb Code     2  stm32f4xx_it.o(.text.BusFault_Handler)
    DebugMon_Handler                         0x080006d5   Thumb Code     2  stm32f4xx_it.o(.text.DebugMon_Handler)
    EXTI0_IRQHandler                         0x080006d9   Thumb Code    28  stm32f4xx_it.o(.text.EXTI0_IRQHandler)
    EXTI15_10_IRQHandler                     0x080006f5   Thumb Code    32  stm32f4xx_it.o(.text.EXTI15_10_IRQHandler)
    EXTI1_IRQHandler                         0x08000715   Thumb Code    28  stm32f4xx_it.o(.text.EXTI1_IRQHandler)
    EXTI2_IRQHandler                         0x08000731   Thumb Code    30  stm32f4xx_it.o(.text.EXTI2_IRQHandler)
    EXTI3_IRQHandler                         0x08000751   Thumb Code    30  stm32f4xx_it.o(.text.EXTI3_IRQHandler)
    EnableLimitsINT                          0x08000771   Thumb Code   216  stm32utilities.o(.text.EnableLimitsINT)
    Error_Handler                            0x08000849   Thumb Code     2  main.o(.text.Error_Handler)
    FLASH_Erase_Sector                       0x0800084d   Thumb Code    70  stm32f4xx_hal_flash_ex.o(.text.FLASH_Erase_Sector)
    FLASH_WaitForLastOperation               0x08000895   Thumb Code   250  stm32f4xx_hal_flash.o(.text.FLASH_WaitForLastOperation)
    GPIO_ResetBits                           0x08000991   Thumb Code     6  stm32utilities.o(.text.GPIO_ResetBits)
    GPIO_SetBits                             0x08000999   Thumb Code     6  stm32utilities.o(.text.GPIO_SetBits)
    GetLimitsState                           0x080009a1   Thumb Code   354  stm32utilities.o(.text.GetLimitsState)
    HAL_Delay                                0x08000b05   Thumb Code    40  stm32f4xx_hal.o(.text.HAL_Delay)
    HAL_FLASH_Lock                           0x08000b2d   Thumb Code    20  stm32f4xx_hal_flash.o(.text.HAL_FLASH_Lock)
    HAL_FLASH_Program                        0x08000b41   Thumb Code   218  stm32f4xx_hal_flash.o(.text.HAL_FLASH_Program)
    HAL_FLASH_Unlock                         0x08000c1d   Thumb Code    46  stm32f4xx_hal_flash.o(.text.HAL_FLASH_Unlock)
    HAL_GPIO_EXTI_Callback                   0x08000c4d   Thumb Code     2  stm32f4xx_hal_gpio.o(.text.HAL_GPIO_EXTI_Callback)
    HAL_GPIO_EXTI_IRQHandler                 0x08000c51   Thumb Code    22  stm32f4xx_hal_gpio.o(.text.HAL_GPIO_EXTI_IRQHandler)
    HAL_GPIO_Init                            0x08000c69   Thumb Code   414  stm32f4xx_hal_gpio.o(.text.HAL_GPIO_Init)
    HAL_GPIO_WritePin                        0x08000e09   Thumb Code    10  stm32f4xx_hal_gpio.o(.text.HAL_GPIO_WritePin)
    HAL_GetTick                              0x08000e15   Thumb Code    12  stm32f4xx_hal.o(.text.HAL_GetTick)
    HAL_HalfDuplex_Init                      0x08000e21   Thumb Code   104  stm32f4xx_hal_uart.o(.text.HAL_HalfDuplex_Init)
    HAL_I2C_Init                             0x08000e89   Thumb Code   356  stm32f4xx_hal_i2c.o(.text.HAL_I2C_Init)
    HAL_I2C_MspInit                          0x08000fed   Thumb Code   120  i2c.o(.text.HAL_I2C_MspInit)
    HAL_IncTick                              0x08001065   Thumb Code    26  stm32f4xx_hal.o(.text.HAL_IncTick)
    HAL_Init                                 0x08001081   Thumb Code    54  stm32f4xx_hal.o(.text.HAL_Init)
    HAL_InitTick                             0x080010b9   Thumb Code    72  stm32f4xx_hal.o(.text.HAL_InitTick)
    HAL_MspInit                              0x08001101   Thumb Code    56  stm32f4xx_hal_msp.o(.text.HAL_MspInit)
    HAL_NVIC_ClearPendingIRQ                 0x08001139   Thumb Code    34  stm32f4xx_hal_cortex.o(.text.HAL_NVIC_ClearPendingIRQ)
    HAL_NVIC_EnableIRQ                       0x0800115d   Thumb Code    34  stm32f4xx_hal_cortex.o(.text.HAL_NVIC_EnableIRQ)
    HAL_NVIC_SetPriority                     0x08001181   Thumb Code    86  stm32f4xx_hal_cortex.o(.text.HAL_NVIC_SetPriority)
    HAL_NVIC_SetPriorityGrouping             0x080011d9   Thumb Code    32  stm32f4xx_hal_cortex.o(.text.HAL_NVIC_SetPriorityGrouping)
    HAL_RCC_ClockConfig                      0x080011f9   Thumb Code   356  stm32f4xx_hal_rcc.o(.text.HAL_RCC_ClockConfig)
    HAL_RCC_GetPCLK1Freq                     0x0800135d   Thumb Code    38  stm32f4xx_hal_rcc.o(.text.HAL_RCC_GetPCLK1Freq)
    HAL_RCC_GetPCLK2Freq                     0x08001385   Thumb Code    38  stm32f4xx_hal_rcc.o(.text.HAL_RCC_GetPCLK2Freq)
    HAL_RCC_GetSysClockFreq                  0x080013ad   Thumb Code   106  stm32f4xx_hal_rcc.o(.text.HAL_RCC_GetSysClockFreq)
    HAL_RCC_OscConfig                        0x08001419   Thumb Code   940  stm32f4xx_hal_rcc.o(.text.HAL_RCC_OscConfig)
    HAL_SPI_Init                             0x080017c5   Thumb Code   176  stm32f4xx_hal_spi.o(.text.HAL_SPI_Init)
    HAL_SPI_MspInit                          0x08001875   Thumb Code   174  spi.o(.text.HAL_SPI_MspInit)
    HAL_SPI_Receive                          0x08001925   Thumb Code   512  stm32f4xx_hal_spi.o(.text.HAL_SPI_Receive)
    HAL_SPI_Transmit                         0x08001b25   Thumb Code   634  stm32f4xx_hal_spi.o(.text.HAL_SPI_Transmit)
    HAL_SPI_TransmitReceive                  0x08001da1   Thumb Code   838  stm32f4xx_hal_spi.o(.text.HAL_SPI_TransmitReceive)
    HAL_SYSTICK_Config                       0x080020e9   Thumb Code    44  stm32f4xx_hal_cortex.o(.text.HAL_SYSTICK_Config)
    HAL_UART_MspInit                         0x08002115   Thumb Code   118  usart.o(.text.HAL_UART_MspInit)
    HandleControlIT                          0x0800218d   Thumb Code   160  system_1.o(.text.HandleControlIT)
    HandleLimitIT                            0x0800222d   Thumb Code   172  limits_1.o(.text.HandleLimitIT)
    HandleStepResetIT                        0x080022d9   Thumb Code    28  stepper_1.o(.text.HandleStepResetIT)
    HandleStepSetIT                          0x080022f5   Thumb Code   734  stepper_1.o(.text.HandleStepSetIT)
    HandleUartIT                             0x080025d5   Thumb Code   398  serial_1.o(.text.HandleUartIT)
    HardFault_Handler                        0x08002765   Thumb Code     2  stm32f4xx_it.o(.text.HardFault_Handler)
    LL_GPIO_Init                             0x08002769   Thumb Code   240  stm32f4xx_ll_gpio.o(.text.LL_GPIO_Init)
    LL_RCC_GetSystemClocksFreq               0x08002859   Thumb Code   170  stm32f4xx_ll_rcc.o(.text.LL_RCC_GetSystemClocksFreq)
    LL_TIM_BDTR_Init                         0x08002905   Thumb Code    60  stm32f4xx_ll_tim.o(.text.LL_TIM_BDTR_Init)
    LL_TIM_Init                              0x08002941   Thumb Code   302  stm32f4xx_ll_tim.o(.text.LL_TIM_Init)
    LL_TIM_OC_Init                           0x08002a71   Thumb Code   488  stm32f4xx_ll_tim.o(.text.LL_TIM_OC_Init)
    LL_USART_Init                            0x08002c59   Thumb Code   358  stm32f4xx_ll_usart.o(.text.LL_USART_Init)
    MX_GPIO_Init                             0x08002dc1   Thumb Code   346  gpio.o(.text.MX_GPIO_Init)
    MX_I2C1_Init                             0x08002f1d   Thumb Code    66  i2c.o(.text.MX_I2C1_Init)
    MX_SPI3_Init                             0x08002f61   Thumb Code    76  spi.o(.text.MX_SPI3_Init)
    MX_TIM1_Init                             0x08002fad   Thumb Code   370  tim.o(.text.MX_TIM1_Init)
    MX_TIM2_Init                             0x08003121   Thumb Code   236  tim.o(.text.MX_TIM2_Init)
    MX_TIM3_Init                             0x0800320d   Thumb Code   352  tim.o(.text.MX_TIM3_Init)
    MX_TIM5_Init                             0x0800336d   Thumb Code   150  tim.o(.text.MX_TIM5_Init)
    MX_TIM7_Init                             0x08003405   Thumb Code   132  tim.o(.text.MX_TIM7_Init)
    MX_UART5_Init                            0x08003489   Thumb Code    60  usart.o(.text.MX_UART5_Init)
    MX_USART1_UART_Init                      0x080034c5   Thumb Code   174  usart.o(.text.MX_USART1_UART_Init)
    MemManage_Handler                        0x08003575   Thumb Code     2  stm32f4xx_it.o(.text.MemManage_Handler)
    NMI_Handler                              0x08003579   Thumb Code     2  stm32f4xx_it.o(.text.NMI_Handler)
    PendSV_Handler                           0x0800357d   Thumb Code     2  stm32f4xx_it.o(.text.PendSV_Handler)
    ReadInputByte                            0x08003581   Thumb Code    96  stm32utilities.o(.text.ReadInputByte)
    SPIInit                                  0x080035e1   Thumb Code  1146  stm32utilities.o(.text.SPIInit)
    SVC_Handler                              0x08003b7d   Thumb Code     2  stm32f4xx_it.o(.text.SVC_Handler)
    SysTick_Handler                          0x08003b81   Thumb Code     4  stm32f4xx_it.o(.text.SysTick_Handler)
    SystemInit                               0x08003b85   Thumb Code    86  system_stm32f4xx.o(.text.SystemInit)
    TIM5_IRQHandler                          0x08003bdd   Thumb Code    30  stm32f4xx_it.o(.text.TIM5_IRQHandler)
    TIM7_IRQHandler                          0x08003bfd   Thumb Code    52  stm32f4xx_it.o(.text.TIM7_IRQHandler)
    USART1_IRQHandler                        0x08003d19   Thumb Code    34  stm32f4xx_it.o(.text.USART1_IRQHandler)
    UsageFault_Handler                       0x08003d3d   Thumb Code     2  stm32f4xx_it.o(.text.UsageFault_Handler)
    acceleration_scaling                     0x08003d41   Thumb Code   218  settings_1.o(.text.acceleration_scaling)
    convert_delta_vector_to_unit_vector      0x08003e1d   Thumb Code   220  nuts_bolts_1.o(.text.convert_delta_vector_to_unit_vector)
    coolant_get_state                        0x08003efd   Thumb Code    26  coolant_control_1.o(.text.coolant_get_state)
    coolant_init                             0x08003f19   Thumb Code    30  coolant_control_1.o(.text.coolant_init)
    coolant_set_state                        0x08003f39   Thumb Code   120  coolant_control_1.o(.text.coolant_set_state)
    coolant_stop                             0x08003fb1   Thumb Code    30  coolant_control_1.o(.text.coolant_stop)
    coolant_sync                             0x08003fd1   Thumb Code   106  coolant_control_1.o(.text.coolant_sync)
    delay_ms                                 0x0800403d   Thumb Code     2  nuts_bolts_1.o(.text.delay_ms)
    delay_sec                                0x08004041   Thumb Code   118  nuts_bolts_1.o(.text.delay_sec)
    eeprom_flush                             0x080040b9   Thumb Code   132  eeprom_1.o(.text.eeprom_flush)
    eeprom_get_char                          0x0800413d   Thumb Code    12  eeprom_1.o(.text.eeprom_get_char)
    eeprom_init                              0x08004149   Thumb Code   284  eeprom_1.o(.text.eeprom_init)
    eeprom_put_char                          0x08004265   Thumb Code    12  eeprom_1.o(.text.eeprom_put_char)
    gc_execute_line                          0x08004271   Thumb Code  6392  gcode_1.o(.text.gc_execute_line)
    gc_init                                  0x08005b7d   Thumb Code    44  gcode_1.o(.text.gc_init)
    gc_sync_position                         0x08005ba9   Thumb Code    22  gcode_1.o(.text.gc_sync_position)
    hypot_f                                  0x08005bc1   Thumb Code    18  nuts_bolts_1.o(.text.hypot_f)
    inoutputs_init                           0x08005bd5   Thumb Code   208  inoutputs.o(.text.inoutputs_init)
    jog_execute                              0x08005ca9   Thumb Code   100  jog_1.o(.text.jog_execute)
    limit_value_by_axis_maximum              0x08005d0d   Thumb Code   292  nuts_bolts_1.o(.text.limit_value_by_axis_maximum)
    limits_disable                           0x08005e35   Thumb Code    24  limits_1.o(.text.limits_disable)
    limits_get_state                         0x08005e4d   Thumb Code   130  limits_1.o(.text.limits_get_state)
    limits_go_home                           0x08005ed1   Thumb Code  1934  limits_1.o(.text.limits_go_home)
    limits_init                              0x08006661   Thumb Code    54  limits_1.o(.text.limits_init)
    limits_soft_check                        0x08006699   Thumb Code    70  limits_1.o(.text.limits_soft_check)
    main                                     0x080066e1   Thumb Code   458  main.o(.text.main)
    mc_arc                                   0x080068b1   Thumb Code   952  motion_control_1.o(.text.mc_arc)
    mc_dwell                                 0x08006ca9   Thumb Code    48  motion_control_1.o(.text.mc_dwell)
    mc_homing_cycle                          0x08006cd9   Thumb Code    82  motion_control_1.o(.text.mc_homing_cycle)
    mc_line                                  0x08006d2d   Thumb Code   124  motion_control_1.o(.text.mc_line)
    mc_probe_cycle                           0x08006da9   Thumb Code   320  motion_control_1.o(.text.mc_probe_cycle)
    mc_reset                                 0x08006ee9   Thumb Code   114  motion_control_1.o(.text.mc_reset)
    memcpy_from_eeprom_with_checksum         0x08006f5d   Thumb Code   202  eeprom_1.o(.text.memcpy_from_eeprom_with_checksum)
    memcpy_to_eeprom_with_checksum           0x08007029   Thumb Code   228  eeprom_1.o(.text.memcpy_to_eeprom_with_checksum)
    outputs_analog_action                    0x0800710d   Thumb Code   132  inoutputs.o(.text.outputs_analog_action)
    outputs_analog_init                      0x08007191   Thumb Code    40  inoutputs.o(.text.outputs_analog_init)
    outputs_analog_set                       0x080071bd   Thumb Code   194  inoutputs.o(.text.outputs_analog_set)
    outputs_digital_action                   0x08007281   Thumb Code   264  inoutputs.o(.text.outputs_digital_action)
    plan_buffer_line                         0x08007389   Thumb Code  1368  planner_1.o(.text.plan_buffer_line)
    plan_check_full_buffer                   0x08007911   Thumb Code    22  planner_1.o(.text.plan_check_full_buffer)
    plan_compute_profile_nominal_speed       0x08007929   Thumb Code   192  planner_1.o(.text.plan_compute_profile_nominal_speed)
    plan_cycle_reinitialize                  0x080079f1   Thumb Code    26  planner_1.o(.text.plan_cycle_reinitialize)
    plan_discard_current_block               0x08007a0d   Thumb Code    42  planner_1.o(.text.plan_discard_current_block)
    plan_get_block_buffer_available          0x08007a39   Thumb Code    30  planner_1.o(.text.plan_get_block_buffer_available)
    plan_get_current_block                   0x08007a59   Thumb Code    30  planner_1.o(.text.plan_get_current_block)
    plan_get_exec_block_exit_speed_sqr       0x08007a79   Thumb Code    52  planner_1.o(.text.plan_get_exec_block_exit_speed_sqr)
    plan_get_system_motion_block             0x08007ab1   Thumb Code    24  planner_1.o(.text.plan_get_system_motion_block)
    plan_reset                               0x08007ac9   Thumb Code    26  planner_1.o(.text.plan_reset)
    plan_sync_position                       0x08007ae5   Thumb Code    46  planner_1.o(.text.plan_sync_position)
    plan_update_velocity_profile_parameters  0x08007b15   Thumb Code   148  planner_1.o(.text.plan_update_velocity_profile_parameters)
    printFloat                               0x08007d29   Thumb Code   504  print_1.o(.text.printFloat)
    printFloat_CoordValue                    0x08007f29   Thumb Code    64  print_1.o(.text.printFloat_CoordValue)
    printFloat_RateValue                     0x08007f71   Thumb Code    64  print_1.o(.text.printFloat_RateValue)
    printString                              0x08007fb9   Thumb Code    32  print_1.o(.text.printString)
    print_uint8_base10                       0x08007fd9   Thumb Code    96  print_1.o(.text.print_uint8_base10)
    probe_configure_invert_mask              0x08008039   Thumb Code    38  probe_1.o(.text.probe_configure_invert_mask)
    probe_get_state                          0x08008061   Thumb Code    34  probe_1.o(.text.probe_get_state)
    probe_init                               0x08008085   Thumb Code    30  probe_1.o(.text.probe_init)
    probe_state_monitor                      0x080080a5   Thumb Code    94  probe_1.o(.text.probe_state_monitor)
    protocol_auto_cycle_start                0x08008105   Thumb Code    22  protocol_1.o(.text.protocol_auto_cycle_start)
    protocol_buffer_synchronize              0x0800811d   Thumb Code    52  protocol_1.o(.text.protocol_buffer_synchronize)
    protocol_exec_rt_system                  0x08008151   Thumb Code   970  protocol_1.o(.text.protocol_exec_rt_system)
    protocol_execute_realtime                0x0800851d   Thumb Code   520  protocol_1.o(.text.protocol_execute_realtime)
    protocol_main_loop                       0x08008729   Thumb Code   336  protocol_1.o(.text.protocol_main_loop)
    read_float                               0x08008879   Thumb Code   376  nuts_bolts_1.o(.text.read_float)
    report_alarm_message                     0x08008a01   Thumb Code    40  report_1.o(.text.report_alarm_message)
    report_build_info                        0x08008a31   Thumb Code   108  report_1.o(.text.report_build_info)
    report_execute_startup_message           0x08008ac1   Thumb Code    76  report_1.o(.text.report_execute_startup_message)
    report_feedback_message                  0x08008b0d   Thumb Code    52  report_1.o(.text.report_feedback_message)
    report_gcode_modes                       0x08008b75   Thumb Code   340  report_1.o(.text.report_gcode_modes)
    report_grbl_help                         0x08008ce1   Thumb Code    12  report_1.o(.text.report_grbl_help)
    report_grbl_settings                     0x08008ced   Thumb Code  1906  report_1.o(.text.report_grbl_settings)
    report_init_message                      0x08009461   Thumb Code     8  report_1.o(.text.report_init_message)
    report_ngc_parameters                    0x0800948d   Thumb Code   300  report_1.o(.text.report_ngc_parameters)
    report_probe_parameters                  0x080095d5   Thumb Code   144  report_1.o(.text.report_probe_parameters)
    report_realtime_status                   0x0800966d   Thumb Code  1196  report_1.o(.text.report_realtime_status)
    report_startup_line                      0x08009b8d   Thumb Code    48  report_1.o(.text.report_startup_line)
    report_status_message                    0x08009bc1   Thumb Code    52  report_1.o(.text.report_status_message)
    serial_get_rx_buffer_available           0x08009c4d   Thumb Code    30  serial_1.o(.text.serial_get_rx_buffer_available)
    serial_init                              0x08009c6d   Thumb Code     2  serial_1.o(.text.serial_init)
    serial_read                              0x08009c71   Thumb Code    44  serial_1.o(.text.serial_read)
    serial_reset_read_buffer                 0x08009c9d   Thumb Code    14  serial_1.o(.text.serial_reset_read_buffer)
    serial_write                             0x08009cad   Thumb Code     4  serial_1.o(.text.serial_write)
    settings_init                            0x08009cb1   Thumb Code   108  settings_1.o(.text.settings_init)
    settings_read_build_info                 0x08009d1d   Thumb Code    42  settings_1.o(.text.settings_read_build_info)
    settings_read_coord_data                 0x08009d49   Thumb Code    64  settings_1.o(.text.settings_read_coord_data)
    settings_read_startup_line               0x08009d89   Thumb Code    54  settings_1.o(.text.settings_read_startup_line)
    settings_restore                         0x08009dc1   Thumb Code   458  settings_1.o(.text.settings_restore)
    settings_store_build_info                0x08009f8d   Thumb Code    12  settings_1.o(.text.settings_store_build_info)
    settings_store_global_setting            0x08009f99   Thumb Code  1012  settings_1.o(.text.settings_store_global_setting)
    settings_store_startup_line              0x0800a395   Thumb Code    32  settings_1.o(.text.settings_store_startup_line)
    settings_write_coord_data                0x0800a3b5   Thumb Code    32  settings_1.o(.text.settings_write_coord_data)
    spi_limits_init                          0x0800a3d5   Thumb Code    12  stm32utilities.o(.text.spi_limits_init)
    spindle_compute_pwm_value                0x0800a3e1   Thumb Code   216  spindle_control_1.o(.text.spindle_compute_pwm_value)
    spindle_get_state                        0x0800a4c1   Thumb Code    22  spindle_control_1.o(.text.spindle_get_state)
    spindle_init                             0x0800a4d9   Thumb Code    84  spindle_control_1.o(.text.spindle_init)
    spindle_set_speed                        0x0800a531   Thumb Code    24  spindle_control_1.o(.text.spindle_set_speed)
    spindle_set_state                        0x0800a549   Thumb Code   336  spindle_control_1.o(.text.spindle_set_state)
    spindle_stop                             0x0800a6a9   Thumb Code    16  spindle_control_1.o(.text.spindle_stop)
    spindle_sync                             0x0800a6b9   Thumb Code    50  spindle_control_1.o(.text.spindle_sync)
    st_generate_step_dir_invert_masks        0x0800a6ed   Thumb Code   226  stepper_1.o(.text.st_generate_step_dir_invert_masks)
    st_get_realtime_rate                     0x0800a7d1   Thumb Code    40  stepper_1.o(.text.st_get_realtime_rate)
    st_go_idle                               0x0800a7fd   Thumb Code   164  stepper_1.o(.text.st_go_idle)
    st_prep_buffer                           0x0800a8a1   Thumb Code  1752  stepper_1.o(.text.st_prep_buffer)
    st_reset                                 0x0800af7d   Thumb Code   232  stepper_1.o(.text.st_reset)
    st_update_plan_block_parameters          0x0800b065   Thumb Code    42  stepper_1.o(.text.st_update_plan_block_parameters)
    st_wake_up                               0x0800b091   Thumb Code   162  stepper_1.o(.text.st_wake_up)
    stepper_init                             0x0800b135   Thumb Code    90  stepper_1.o(.text.stepper_init)
    system_check_safety_door_ajar            0x0800b191   Thumb Code    32  system_1.o(.text.system_check_safety_door_ajar)
    system_check_travel_limits               0x0800b1b1   Thumb Code   192  system_1.o(.text.system_check_travel_limits)
    system_clear_exec_accessory_overrides    0x0800b271   Thumb Code    18  system_1.o(.text.system_clear_exec_accessory_overrides)
    system_clear_exec_alarm                  0x0800b285   Thumb Code    18  system_1.o(.text.system_clear_exec_alarm)
    system_clear_exec_motion_overrides       0x0800b299   Thumb Code    18  system_1.o(.text.system_clear_exec_motion_overrides)
    system_clear_exec_state_flag             0x0800b2ad   Thumb Code    22  system_1.o(.text.system_clear_exec_state_flag)
    system_control_get_state                 0x0800b2c5   Thumb Code    54  system_1.o(.text.system_control_get_state)
    system_convert_array_steps_to_mpos       0x0800b2fd   Thumb Code   156  system_1.o(.text.system_convert_array_steps_to_mpos)
    system_convert_corexy_to_x_axis_steps    0x0800b399   Thumb Code    14  system_1.o(.text.system_convert_corexy_to_x_axis_steps)
    system_convert_corexy_to_y_axis_steps    0x0800b3a9   Thumb Code    14  system_1.o(.text.system_convert_corexy_to_y_axis_steps)
    system_execute_line                      0x0800b3b9   Thumb Code  1208  system_1.o(.text.system_execute_line)
    system_execute_startup                   0x0800b875   Thumb Code    96  system_1.o(.text.system_execute_startup)
    system_flag_wco_change                   0x0800b8d5   Thumb Code    20  system_1.o(.text.system_flag_wco_change)
    system_init                              0x0800b8e9   Thumb Code     2  system_1.o(.text.system_init)
    system_set_exec_accessory_override_flag  0x0800b8ed   Thumb Code    20  system_1.o(.text.system_set_exec_accessory_override_flag)
    system_set_exec_alarm                    0x0800b901   Thumb Code    20  system_1.o(.text.system_set_exec_alarm)
    system_set_exec_motion_override_flag     0x0800b915   Thumb Code    20  system_1.o(.text.system_set_exec_motion_override_flag)
    system_set_exec_state_flag               0x0800b929   Thumb Code    20  system_1.o(.text.system_set_exec_state_flag)
    timing_init                              0x0800b93d   Thumb Code    56  stm32utilities.o(.text.timing_init)
    uart_init                                0x0800b979   Thumb Code    86  stm32utilities.o(.text.uart_init)
    uart_sendch                              0x0800b9d1   Thumb Code    42  stm32utilities.o(.text.uart_sendch)
    wait_on_input_action                     0x0800b9fd   Thumb Code   196  inoutputs.o(.text.wait_on_input_action)
    __ARM_fpclassifyf                        0x0800bac5   Thumb Code    38  fpclassifyf.o(i.__ARM_fpclassifyf)
    __hardfp_atan2f                          0x0800baed   Thumb Code   594  atan2f.o(i.__hardfp_atan2f)
    __hardfp_ceilf                           0x0800bd99   Thumb Code    98  ceilf.o(i.__hardfp_ceilf)
    __mathlib_ceilf                          0x0800bd99   Thumb Code     0  ceilf.o(i.__hardfp_ceilf)
    __hardfp_cosf                            0x0800be05   Thumb Code   280  cosf.o(i.__hardfp_cosf)
    __hardfp_floor                           0x0800bf59   Thumb Code   252  floor.o(i.__hardfp_floor)
    __hardfp_floorf                          0x0800c071   Thumb Code    98  floorf.o(i.__hardfp_floorf)
    __hardfp_lround                          0x0800c0e1   Thumb Code   210  lround.o(i.__hardfp_lround)
    __hardfp_roundf                          0x0800c1e1   Thumb Code   154  roundf.o(i.__hardfp_roundf)
    __hardfp_sinf                            0x0800c27d   Thumb Code   344  sinf.o(i.__hardfp_sinf)
    __hardfp_sqrt                            0x0800c40d   Thumb Code   122  sqrt.o(i.__hardfp_sqrt)
    __hardfp_truncf                          0x0800c487   Thumb Code    92  truncf.o(i.__hardfp_truncf)
    __mathlib_flt_infnan                     0x0800c4e3   Thumb Code     6  funder.o(i.__mathlib_flt_infnan)
    __mathlib_flt_infnan2                    0x0800c4e9   Thumb Code     6  funder.o(i.__mathlib_flt_infnan2)
    __mathlib_flt_invalid                    0x0800c4f1   Thumb Code    10  funder.o(i.__mathlib_flt_invalid)
    __mathlib_flt_underflow                  0x0800c501   Thumb Code    10  funder.o(i.__mathlib_flt_underflow)
    __mathlib_rredf2                         0x0800c511   Thumb Code   316  rredf.o(i.__mathlib_rredf2)
    __aeabi_d2f                              0x0800c665   Thumb Code     0  d2f.o(x$fpl$d2f)
    _d2f                                     0x0800c665   Thumb Code    98  d2f.o(x$fpl$d2f)
    __aeabi_dadd                             0x0800c6c9   Thumb Code     0  daddsub_clz.o(x$fpl$dadd)
    _dadd                                    0x0800c6c9   Thumb Code   332  daddsub_clz.o(x$fpl$dadd)
    __fpl_dcmp_Inf                           0x0800c819   Thumb Code    24  dcmpi.o(x$fpl$dcmpinf)
    __aeabi_ddiv                             0x0800c831   Thumb Code     0  ddiv.o(x$fpl$ddiv)
    _ddiv                                    0x0800c831   Thumb Code   560  ddiv.o(x$fpl$ddiv)
    __aeabi_cdcmpeq                          0x0800cae9   Thumb Code     0  deqf.o(x$fpl$deqf)
    _dcmpeq                                  0x0800cae9   Thumb Code   120  deqf.o(x$fpl$deqf)
    __aeabi_d2iz                             0x0800cb61   Thumb Code     0  dfix.o(x$fpl$dfix)
    _dfix                                    0x0800cb61   Thumb Code    94  dfix.o(x$fpl$dfix)
    _dfix_r                                  0x0800cbc1   Thumb Code   134  dfix.o(x$fpl$dfixr)
    __aeabi_ui2d                             0x0800cc47   Thumb Code     0  dflt_clz.o(x$fpl$dfltu)
    _dfltu                                   0x0800cc47   Thumb Code    38  dflt_clz.o(x$fpl$dfltu)
    __aeabi_cdcmpge                          0x0800cc6d   Thumb Code     0  dgeqf.o(x$fpl$dgeqf)
    _dcmpge                                  0x0800cc6d   Thumb Code   120  dgeqf.o(x$fpl$dgeqf)
    __aeabi_cdcmple                          0x0800cce5   Thumb Code     0  dleqf.o(x$fpl$dleqf)
    _dcmple                                  0x0800cce5   Thumb Code   120  dleqf.o(x$fpl$dleqf)
    __fpl_dcmple_InfNaN                      0x0800cd47   Thumb Code     0  dleqf.o(x$fpl$dleqf)
    __aeabi_dmul                             0x0800cd5d   Thumb Code     0  dmul.o(x$fpl$dmul)
    _dmul                                    0x0800cd5d   Thumb Code   332  dmul.o(x$fpl$dmul)
    __fpl_dnaninf                            0x0800ceb1   Thumb Code   156  dnaninf.o(x$fpl$dnaninf)
    __fpl_dretinf                            0x0800cf4d   Thumb Code    12  dretinf.o(x$fpl$dretinf)
    __aeabi_cdrcmple                         0x0800cf59   Thumb Code     0  drleqf.o(x$fpl$drleqf)
    _drcmple                                 0x0800cf59   Thumb Code   108  drleqf.o(x$fpl$drleqf)
    _drnd                                    0x0800cfc5   Thumb Code   180  drnd.o(x$fpl$drnd)
    __aeabi_drsub                            0x0800d079   Thumb Code     0  daddsub_clz.o(x$fpl$drsb)
    _drsb                                    0x0800d079   Thumb Code    22  daddsub_clz.o(x$fpl$drsb)
    _dsqrt                                   0x0800d091   Thumb Code   404  dsqrt_umaal.o(x$fpl$dsqrt)
    __aeabi_dsub                             0x0800d229   Thumb Code     0  daddsub_clz.o(x$fpl$dsub)
    _dsub                                    0x0800d229   Thumb Code   472  daddsub_clz.o(x$fpl$dsub)
    __aeabi_f2d                              0x0800d405   Thumb Code     0  f2d.o(x$fpl$f2d)
    _f2d                                     0x0800d405   Thumb Code    86  f2d.o(x$fpl$f2d)
    __aeabi_dcmpeq                           0x0800d45b   Thumb Code     0  dcmp.o(x$fpl$fcmp)
    _deq                                     0x0800d45b   Thumb Code    14  dcmp.o(x$fpl$fcmp)
    _dneq                                    0x0800d469   Thumb Code    14  dcmp.o(x$fpl$fcmp)
    __aeabi_dcmpgt                           0x0800d477   Thumb Code     0  dcmp.o(x$fpl$fcmp)
    _dgr                                     0x0800d477   Thumb Code    14  dcmp.o(x$fpl$fcmp)
    __aeabi_dcmpge                           0x0800d485   Thumb Code     0  dcmp.o(x$fpl$fcmp)
    _dgeq                                    0x0800d485   Thumb Code    14  dcmp.o(x$fpl$fcmp)
    __aeabi_dcmple                           0x0800d493   Thumb Code     0  dcmp.o(x$fpl$fcmp)
    _dleq                                    0x0800d493   Thumb Code    14  dcmp.o(x$fpl$fcmp)
    __aeabi_dcmplt                           0x0800d4a1   Thumb Code     0  dcmp.o(x$fpl$fcmp)
    _dls                                     0x0800d4a1   Thumb Code    14  dcmp.o(x$fpl$fcmp)
    __fpl_fnaninf                            0x0800d4af   Thumb Code   140  fnaninf.o(x$fpl$fnaninf)
    _fp_init                                 0x0800d53b   Thumb Code    26  fpinit.o(x$fpl$fpinit)
    __fplib_config_fpu_vfp                   0x0800d553   Thumb Code     0  fpinit.o(x$fpl$fpinit)
    __fplib_config_pureend_doubles           0x0800d553   Thumb Code     0  fpinit.o(x$fpl$fpinit)
    __fpl_fretinf                            0x0800d555   Thumb Code    10  fretinf.o(x$fpl$fretinf)
    _frnd                                    0x0800d561   Thumb Code    96  frnd.o(x$fpl$frnd)
    __I$use$fp                               0x0800d5c0   Number         0  usenofp.o(x$fpl$usenofp)
    AHBPrescTable                            0x0800d5e0   Data          16  system_stm32f4xx.o(.rodata.AHBPrescTable)
    APBPrescTable                            0x0800d5f0   Data           8  system_stm32f4xx.o(.rodata.APBPrescTable)
    ana_outputs_channel                      0x0800d5f8   Data          32  inoutputs.o(.rodata.ana_outputs_channel)
    direction_pin_mask                       0x0800d618   Data          12  stm32utilities.o(.rodata.direction_pin_mask)
    limit_pin_mask                           0x0800d624   Data          12  stm32utilities.o(.rodata.limit_pin_mask)
    outputs_pin_mask                         0x0800d630   Data          16  inoutputs.o(.rodata.outputs_pin_mask)
    step_pin_mask                            0x0800d640   Data          12  stm32utilities.o(.rodata.step_pin_mask)
    Region$$Table$$Base                      0x0800d748   Number         0  anon$$obj.o(Region$$Table)
    Region$$Table$$Limit                     0x0800d768   Number         0  anon$$obj.o(Region$$Table)
    uwTickFreq                               0x20000000   Data           1  stm32f4xx_hal.o(.data..L_MergedGlobals)
    uwTickPrio                               0x20000004   Data           4  stm32f4xx_hal.o(.data..L_MergedGlobals)
    SystemCoreClock                          0x20000008   Data           4  system_stm32f4xx.o(.data.SystemCoreClock)
    ana_outputs_timer                        0x2000000c   Data          32  inoutputs.o(.data.ana_outputs_timer)
    __libspace_start                         0x20000030   Data          96  libspace.o(.bss)
    __temporary_stack_top$libspace           0x20000090   Data           0  libspace.o(.bss)
    sys_probe_state                          0x20000090   Data           1  main.o(.bss..L_MergedGlobals)
    sys_rt_exec_state                        0x20000091   Data           1  main.o(.bss..L_MergedGlobals)
    sys_rt_exec_alarm                        0x20000092   Data           1  main.o(.bss..L_MergedGlobals)
    sys_rt_exec_motion_override              0x20000093   Data           1  main.o(.bss..L_MergedGlobals)
    sys_rt_exec_accessory_override           0x20000094   Data           1  main.o(.bss..L_MergedGlobals)
    sys                                      0x20000098   Data          20  main.o(.bss..L_MergedGlobals)
    sys_position                             0x200000ac   Data          24  main.o(.bss..L_MergedGlobals)
    sys_probe_position                       0x200000c4   Data          24  main.o(.bss..L_MergedGlobals)
    SPIDataC0W                               0x200000dc   Data           3  stm32utilities.o(.bss..L_MergedGlobals)
    SPIDataC0R                               0x200000df   Data           3  stm32utilities.o(.bss..L_MergedGlobals)
    SPIDataC1W                               0x200000e2   Data           3  stm32utilities.o(.bss..L_MergedGlobals)
    SPIDataC1R                               0x200000e5   Data           3  stm32utilities.o(.bss..L_MergedGlobals)
    uTICKS_PER_MICROSECOND                   0x200000e8   Data           4  stm32utilities.o(.bss..L_MergedGlobals)
    fTICKS_PER_MINUTE                        0x200000ec   Data           4  stm32utilities.o(.bss..L_MergedGlobals)
    pHSPI                                    0x200000f0   Data           4  stm32utilities.o(.bss..L_MergedGlobals)
    pDbgVal8a                                0x200000f4   Data           9  stm32utilities.o(.bss..L_MergedGlobals)
    pDbgVal8b                                0x200000fd   Data           9  stm32utilities.o(.bss..L_MergedGlobals)
    pDbgVal16                                0x20000106   Data          17  stm32utilities.o(.bss..L_MergedGlobals)
    serial_rx_buffer_head                    0x20000150   Data           1  serial_1.o(.bss..L_MergedGlobals)
    serial_rx_buffer_tail                    0x20000151   Data           1  serial_1.o(.bss..L_MergedGlobals)
    serial_tx_buffer_head                    0x20000152   Data           1  serial_1.o(.bss..L_MergedGlobals)
    serial_tx_buffer_tail                    0x20000153   Data           1  serial_1.o(.bss..L_MergedGlobals)
    EE_Buffer                                0x2000019c   Data        2048  eeprom_1.o(.bss.EE_Buffer)
    adjustments                              0x2000099c   Data          48  settings_1.o(.bss.adjustments)
    gc_block                                 0x20003bcc   Data         100  gcode_1.o(.bss.gc_block)
    gc_state                                 0x20003c30   Data         108  gcode_1.o(.bss.gc_state)
    hi2c1                                    0x20003c9c   Data          84  i2c.o(.bss.hi2c1)
    hspi3                                    0x20003cf0   Data          88  spi.o(.bss.hspi3)
    huart5                                   0x20003d48   Data          72  usart.o(.bss.huart5)
    pDbgStr                                  0x20003de0   Data          80  stm32utilities.o(.bss.pDbgStr)
    pFlash                                   0x20003e30   Data          32  stm32f4xx_hal_flash.o(.bss.pFlash)
    probe_invert_mask                        0x20003e50   Data           2  probe_1.o(.bss.probe_invert_mask)
    serial_rx_buffer                         0x20003f5c   Data         254  serial_1.o(.bss.serial_rx_buffer)
    settings                                 0x2000405c   Data         148  settings_1.o(.bss.settings)
    uwTick                                   0x20004514   Data           4  stm32f4xx_hal.o(.bss.uwTick)



==============================================================================

Memory Map of the image

  Image Entry point : 0x08000189

  Load Region LR_IROM1 (Base: 0x08000000, Size: 0x0000d798, Max: 0x00080000, ABSOLUTE)

    Execution Region ER_IROM1 (Exec base: 0x08000000, Load base: 0x08000000, Size: 0x0000d768, Max: 0x00080000, ABSOLUTE)

    Exec Addr    Load Addr    Size         Type   Attr      Idx    E Section Name        Object

    0x08000000   0x08000000   0x00000188   Data   RO            3    RESET               startup_stm32f407xx.o
    0x08000188   0x08000188   0x00000008   Code   RO         1647  * !!!main             c_w.l(__main.o)
    0x08000190   0x08000190   0x0000005c   Code   RO         1966    !!!scatter          c_w.l(__scatter.o)
    0x080001ec   0x080001ec   0x0000001a   Code   RO         1970    !!handler_copy      c_w.l(__scatter_copy.o)
    0x08000206   0x08000206   0x00000002   PAD
    0x08000208   0x08000208   0x00000002   Code   RO         1967    !!handler_null      c_w.l(__scatter.o)
    0x0800020a   0x0800020a   0x00000002   PAD
    0x0800020c   0x0800020c   0x0000001c   Code   RO         1972    !!handler_zi        c_w.l(__scatter_zi.o)
    0x08000228   0x08000228   0x00000000   Code   RO         1636    .ARM.Collect$$_printf_percent$$00000000  c_w.l(_printf_percent.o)
    0x08000228   0x08000228   0x00000006   Code   RO         1635    .ARM.Collect$$_printf_percent$$00000009  c_w.l(_printf_d.o)
    0x0800022e   0x0800022e   0x00000004   Code   RO         1744    .ARM.Collect$$_printf_percent$$00000017  c_w.l(_printf_percent_end.o)
    0x08000232   0x08000232   0x00000002   Code   RO         1831    .ARM.Collect$$libinit$$00000000  c_w.l(libinit.o)
    0x08000234   0x08000234   0x00000004   Code   RO         1840    .ARM.Collect$$libinit$$00000001  c_w.l(libinit2.o)
    0x08000238   0x08000238   0x00000000   Code   RO         1843    .ARM.Collect$$libinit$$00000004  c_w.l(libinit2.o)
    0x08000238   0x08000238   0x00000000   Code   RO         1845    .ARM.Collect$$libinit$$00000006  c_w.l(libinit2.o)
    0x08000238   0x08000238   0x00000000   Code   RO         1848    .ARM.Collect$$libinit$$0000000C  c_w.l(libinit2.o)
    0x08000238   0x08000238   0x00000000   Code   RO         1850    .ARM.Collect$$libinit$$0000000E  c_w.l(libinit2.o)
    0x08000238   0x08000238   0x00000000   Code   RO         1852    .ARM.Collect$$libinit$$00000010  c_w.l(libinit2.o)
    0x08000238   0x08000238   0x00000000   Code   RO         1855    .ARM.Collect$$libinit$$00000013  c_w.l(libinit2.o)
    0x08000238   0x08000238   0x00000000   Code   RO         1857    .ARM.Collect$$libinit$$00000015  c_w.l(libinit2.o)
    0x08000238   0x08000238   0x00000000   Code   RO         1859    .ARM.Collect$$libinit$$00000017  c_w.l(libinit2.o)
    0x08000238   0x08000238   0x00000000   Code   RO         1861    .ARM.Collect$$libinit$$00000019  c_w.l(libinit2.o)
    0x08000238   0x08000238   0x00000000   Code   RO         1863    .ARM.Collect$$libinit$$0000001B  c_w.l(libinit2.o)
    0x08000238   0x08000238   0x00000000   Code   RO         1865    .ARM.Collect$$libinit$$0000001D  c_w.l(libinit2.o)
    0x08000238   0x08000238   0x00000000   Code   RO         1867    .ARM.Collect$$libinit$$0000001F  c_w.l(libinit2.o)
    0x08000238   0x08000238   0x00000000   Code   RO         1869    .ARM.Collect$$libinit$$00000021  c_w.l(libinit2.o)
    0x08000238   0x08000238   0x00000000   Code   RO         1871    .ARM.Collect$$libinit$$00000023  c_w.l(libinit2.o)
    0x08000238   0x08000238   0x00000000   Code   RO         1873    .ARM.Collect$$libinit$$00000025  c_w.l(libinit2.o)
    0x08000238   0x08000238   0x00000000   Code   RO         1875    .ARM.Collect$$libinit$$00000027  c_w.l(libinit2.o)
    0x08000238   0x08000238   0x00000000   Code   RO         1879    .ARM.Collect$$libinit$$0000002E  c_w.l(libinit2.o)
    0x08000238   0x08000238   0x00000000   Code   RO         1881    .ARM.Collect$$libinit$$00000030  c_w.l(libinit2.o)
    0x08000238   0x08000238   0x00000000   Code   RO         1883    .ARM.Collect$$libinit$$00000032  c_w.l(libinit2.o)
    0x08000238   0x08000238   0x00000000   Code   RO         1885    .ARM.Collect$$libinit$$00000034  c_w.l(libinit2.o)
    0x08000238   0x08000238   0x00000002   Code   RO         1886    .ARM.Collect$$libinit$$00000035  c_w.l(libinit2.o)
    0x0800023a   0x0800023a   0x00000002   Code   RO         1921    .ARM.Collect$$libshutdown$$00000000  c_w.l(libshutdown.o)
    0x0800023c   0x0800023c   0x00000000   Code   RO         1949    .ARM.Collect$$libshutdown$$00000002  c_w.l(libshutdown2.o)
    0x0800023c   0x0800023c   0x00000000   Code   RO         1951    .ARM.Collect$$libshutdown$$00000004  c_w.l(libshutdown2.o)
    0x0800023c   0x0800023c   0x00000000   Code   RO         1954    .ARM.Collect$$libshutdown$$00000007  c_w.l(libshutdown2.o)
    0x0800023c   0x0800023c   0x00000000   Code   RO         1957    .ARM.Collect$$libshutdown$$0000000A  c_w.l(libshutdown2.o)
    0x0800023c   0x0800023c   0x00000000   Code   RO         1959    .ARM.Collect$$libshutdown$$0000000C  c_w.l(libshutdown2.o)
    0x0800023c   0x0800023c   0x00000000   Code   RO         1962    .ARM.Collect$$libshutdown$$0000000F  c_w.l(libshutdown2.o)
    0x0800023c   0x0800023c   0x00000002   Code   RO         1963    .ARM.Collect$$libshutdown$$00000010  c_w.l(libshutdown2.o)
    0x0800023e   0x0800023e   0x00000000   Code   RO         1731    .ARM.Collect$$rtentry$$00000000  c_w.l(__rtentry.o)
    0x0800023e   0x0800023e   0x00000000   Code   RO         1790    .ARM.Collect$$rtentry$$00000002  c_w.l(__rtentry2.o)
    0x0800023e   0x0800023e   0x00000006   Code   RO         1802    .ARM.Collect$$rtentry$$00000004  c_w.l(__rtentry4.o)
    0x08000244   0x08000244   0x00000000   Code   RO         1792    .ARM.Collect$$rtentry$$00000009  c_w.l(__rtentry2.o)
    0x08000244   0x08000244   0x00000004   Code   RO         1793    .ARM.Collect$$rtentry$$0000000A  c_w.l(__rtentry2.o)
    0x08000248   0x08000248   0x00000000   Code   RO         1795    .ARM.Collect$$rtentry$$0000000C  c_w.l(__rtentry2.o)
    0x08000248   0x08000248   0x00000008   Code   RO         1796    .ARM.Collect$$rtentry$$0000000D  c_w.l(__rtentry2.o)
    0x08000250   0x08000250   0x00000002   Code   RO         1832    .ARM.Collect$$rtexit$$00000000  c_w.l(rtexit.o)
    0x08000252   0x08000252   0x00000000   Code   RO         1892    .ARM.Collect$$rtexit$$00000002  c_w.l(rtexit2.o)
    0x08000252   0x08000252   0x00000004   Code   RO         1893    .ARM.Collect$$rtexit$$00000003  c_w.l(rtexit2.o)
    0x08000256   0x08000256   0x00000006   Code   RO         1894    .ARM.Collect$$rtexit$$00000004  c_w.l(rtexit2.o)
    0x0800025c   0x0800025c   0x00000040   Code   RO            4    .text               startup_stm32f407xx.o
    0x0800029c   0x0800029c   0x000000f0   Code   RO         1605    .text               c_w.l(lludivv7m.o)
    0x0800038c   0x0800038c   0x00000078   Code   RO         1613    .text               c_w.l(_printf_dec.o)
    0x08000404   0x08000404   0x00000058   Code   RO         1637    .text               c_w.l(memcmp.o)
    0x0800045c   0x0800045c   0x00000010   Code   RO         1639    .text               c_w.l(aeabi_memset.o)
    0x0800046c   0x0800046c   0x00000010   Code   RO         1641    .text               c_w.l(aeabi_memset4.o)
    0x0800047c   0x0800047c   0x0000004e   Code   RO         1643    .text               c_w.l(rt_memclr_w.o)
    0x080004ca   0x080004ca   0x00000006   Code   RO         1645    .text               c_w.l(heapauxi.o)
    0x080004d0   0x080004d0   0x00000016   Code   RO         1736    .text               c_w.l(_rserrno.o)
    0x080004e6   0x080004e6   0x000000b2   Code   RO         1738    .text               c_w.l(_printf_intcommon.o)
    0x08000598   0x08000598   0x00000044   Code   RO         1745    .text               c_w.l(rt_memclr.o)
    0x080005dc   0x080005dc   0x00000008   Code   RO         1809    .text               c_w.l(rt_errno_addr_intlibspace.o)
    0x080005e4   0x080005e4   0x00000008   Code   RO         1815    .text               c_w.l(libspace.o)
    0x080005ec   0x080005ec   0x0000004a   Code   RO         1818    .text               c_w.l(sys_stackheap_outer.o)
    0x08000636   0x08000636   0x00000012   Code   RO         1820    .text               c_w.l(exit.o)
    0x08000648   0x08000648   0x0000000c   Code   RO         1887    .text               c_w.l(sys_exit.o)
    0x08000654   0x08000654   0x00000002   Code   RO         1910    .text               c_w.l(use_no_semi.o)
    0x08000656   0x08000656   0x00000000   Code   RO         1912    .text               c_w.l(indicate_semi.o)
    0x08000656   0x08000656   0x00000002   PAD
    0x08000658   0x08000658   0x00000078   Code   RO           17    .text.Analog_Timer_Init  main.o
    0x080006d0   0x080006d0   0x00000002   Code   RO          110    .text.BusFault_Handler  stm32f4xx_it.o
    0x080006d2   0x080006d2   0x00000002   PAD
    0x080006d4   0x080006d4   0x00000002   Code   RO          116    .text.DebugMon_Handler  stm32f4xx_it.o
    0x080006d6   0x080006d6   0x00000002   PAD
    0x080006d8   0x080006d8   0x0000001c   Code   RO          122    .text.EXTI0_IRQHandler  stm32f4xx_it.o
    0x080006f4   0x080006f4   0x00000020   Code   RO          132    .text.EXTI15_10_IRQHandler  stm32f4xx_it.o
    0x08000714   0x08000714   0x0000001c   Code   RO          124    .text.EXTI1_IRQHandler  stm32f4xx_it.o
    0x08000730   0x08000730   0x0000001e   Code   RO          126    .text.EXTI2_IRQHandler  stm32f4xx_it.o
    0x0800074e   0x0800074e   0x00000002   PAD
    0x08000750   0x08000750   0x0000001e   Code   RO          128    .text.EXTI3_IRQHandler  stm32f4xx_it.o
    0x0800076e   0x0800076e   0x00000002   PAD
    0x08000770   0x08000770   0x000000d8   Code   RO         1144    .text.EnableLimitsINT  stm32utilities.o
    0x08000848   0x08000848   0x00000002   Code   RO           15    .text.Error_Handler  main.o
    0x0800084a   0x0800084a   0x00000002   PAD
    0x0800084c   0x0800084c   0x00000046   Code   RO          385    .text.FLASH_Erase_Sector  stm32f4xx_hal_flash_ex.o
    0x08000892   0x08000892   0x00000002   PAD
    0x08000894   0x08000894   0x000000fa   Code   RO          352    .text.FLASH_WaitForLastOperation  stm32f4xx_hal_flash.o
    0x0800098e   0x0800098e   0x00000002   PAD
    0x08000990   0x08000990   0x00000006   Code   RO         1132    .text.GPIO_ResetBits  stm32utilities.o
    0x08000996   0x08000996   0x00000002   PAD
    0x08000998   0x08000998   0x00000006   Code   RO         1134    .text.GPIO_SetBits  stm32utilities.o
    0x0800099e   0x0800099e   0x00000002   PAD
    0x080009a0   0x080009a0   0x00000162   Code   RO         1148    .text.GetLimitsState  stm32utilities.o
    0x08000b02   0x08000b02   0x00000002   PAD
    0x08000b04   0x08000b04   0x00000028   Code   RO          609    .text.HAL_Delay     stm32f4xx_hal.o
    0x08000b2c   0x08000b2c   0x00000014   Code   RO          364    .text.HAL_FLASH_Lock  stm32f4xx_hal_flash.o
    0x08000b40   0x08000b40   0x000000da   Code   RO          350    .text.HAL_FLASH_Program  stm32f4xx_hal_flash.o
    0x08000c1a   0x08000c1a   0x00000002   PAD
    0x08000c1c   0x08000c1c   0x0000002e   Code   RO          362    .text.HAL_FLASH_Unlock  stm32f4xx_hal_flash.o
    0x08000c4a   0x08000c4a   0x00000002   PAD
    0x08000c4c   0x08000c4c   0x00000002   Code   RO          418    .text.HAL_GPIO_EXTI_Callback  stm32f4xx_hal_gpio.o
    0x08000c4e   0x08000c4e   0x00000002   PAD
    0x08000c50   0x08000c50   0x00000016   Code   RO          416    .text.HAL_GPIO_EXTI_IRQHandler  stm32f4xx_hal_gpio.o
    0x08000c66   0x08000c66   0x00000002   PAD
    0x08000c68   0x08000c68   0x0000019e   Code   RO          404    .text.HAL_GPIO_Init  stm32f4xx_hal_gpio.o
    0x08000e06   0x08000e06   0x00000002   PAD
    0x08000e08   0x08000e08   0x0000000a   Code   RO          410    .text.HAL_GPIO_WritePin  stm32f4xx_hal_gpio.o
    0x08000e12   0x08000e12   0x00000002   PAD
    0x08000e14   0x08000e14   0x0000000c   Code   RO          601    .text.HAL_GetTick   stm32f4xx_hal.o
    0x08000e20   0x08000e20   0x00000068   Code   RO          932    .text.HAL_HalfDuplex_Init  stm32f4xx_hal_uart.o
    0x08000e88   0x08000e88   0x00000164   Code   RO          155    .text.HAL_I2C_Init  stm32f4xx_hal_i2c.o
    0x08000fec   0x08000fec   0x00000078   Code   RO           41    .text.HAL_I2C_MspInit  i2c.o
    0x08001064   0x08001064   0x0000001a   Code   RO          599    .text.HAL_IncTick   stm32f4xx_hal.o
    0x0800107e   0x0800107e   0x00000002   PAD
    0x08001080   0x08001080   0x00000036   Code   RO          589    .text.HAL_Init      stm32f4xx_hal.o
    0x080010b6   0x080010b6   0x00000002   PAD
    0x080010b8   0x080010b8   0x00000048   Code   RO          591    .text.HAL_InitTick  stm32f4xx_hal.o
    0x08001100   0x08001100   0x00000038   Code   RO          147    .text.HAL_MspInit   stm32f4xx_hal_msp.o
    0x08001138   0x08001138   0x00000022   Code   RO          571    .text.HAL_NVIC_ClearPendingIRQ  stm32f4xx_hal_cortex.o
    0x0800115a   0x0800115a   0x00000002   PAD
    0x0800115c   0x0800115c   0x00000022   Code   RO          541    .text.HAL_NVIC_EnableIRQ  stm32f4xx_hal_cortex.o
    0x0800117e   0x0800117e   0x00000002   PAD
    0x08001180   0x08001180   0x00000056   Code   RO          539    .text.HAL_NVIC_SetPriority  stm32f4xx_hal_cortex.o
    0x080011d6   0x080011d6   0x00000002   PAD
    0x080011d8   0x080011d8   0x00000020   Code   RO          537    .text.HAL_NVIC_SetPriorityGrouping  stm32f4xx_hal_cortex.o
    0x080011f8   0x080011f8   0x00000164   Code   RO          298    .text.HAL_RCC_ClockConfig  stm32f4xx_hal_rcc.o
    0x0800135c   0x0800135c   0x00000026   Code   RO          310    .text.HAL_RCC_GetPCLK1Freq  stm32f4xx_hal_rcc.o
    0x08001382   0x08001382   0x00000002   PAD
    0x08001384   0x08001384   0x00000026   Code   RO          312    .text.HAL_RCC_GetPCLK2Freq  stm32f4xx_hal_rcc.o
    0x080013aa   0x080013aa   0x00000002   PAD
    0x080013ac   0x080013ac   0x0000006a   Code   RO          300    .text.HAL_RCC_GetSysClockFreq  stm32f4xx_hal_rcc.o
    0x08001416   0x08001416   0x00000002   PAD
    0x08001418   0x08001418   0x000003ac   Code   RO          296    .text.HAL_RCC_OscConfig  stm32f4xx_hal_rcc.o
    0x080017c4   0x080017c4   0x000000b0   Code   RO          749    .text.HAL_SPI_Init  stm32f4xx_hal_spi.o
    0x08001874   0x08001874   0x000000ae   Code   RO           56    .text.HAL_SPI_MspInit  spi.o
    0x08001922   0x08001922   0x00000002   PAD
    0x08001924   0x08001924   0x00000200   Code   RO          759    .text.HAL_SPI_Receive  stm32f4xx_hal_spi.o
    0x08001b24   0x08001b24   0x0000027a   Code   RO          757    .text.HAL_SPI_Transmit  stm32f4xx_hal_spi.o
    0x08001d9e   0x08001d9e   0x00000002   PAD
    0x08001da0   0x08001da0   0x00000346   Code   RO          761    .text.HAL_SPI_TransmitReceive  stm32f4xx_hal_spi.o
    0x080020e6   0x080020e6   0x00000002   PAD
    0x080020e8   0x080020e8   0x0000002c   Code   RO          549    .text.HAL_SYSTICK_Config  stm32f4xx_hal_cortex.o
    0x08002114   0x08002114   0x00000076   Code   RO           91    .text.HAL_UART_MspInit  usart.o
    0x0800218a   0x0800218a   0x00000002   PAD
    0x0800218c   0x0800218c   0x000000a0   Code   RO         1560    .text.HandleControlIT  system_1.o
    0x0800222c   0x0800222c   0x000000ac   Code   RO         1241    .text.HandleLimitIT  limits_1.o
    0x080022d8   0x080022d8   0x0000001c   Code   RO         1530    .text.HandleStepResetIT  stepper_1.o
    0x080022f4   0x080022f4   0x000002de   Code   RO         1528    .text.HandleStepSetIT  stepper_1.o
    0x080025d2   0x080025d2   0x00000002   PAD
    0x080025d4   0x080025d4   0x0000018e   Code   RO         1452    .text.HandleUartIT  serial_1.o
    0x08002762   0x08002762   0x00000002   PAD
    0x08002764   0x08002764   0x00000002   Code   RO          106    .text.HardFault_Handler  stm32f4xx_it.o
    0x08002766   0x08002766   0x00000002   PAD
    0x08002768   0x08002768   0x000000f0   Code   RO          899    .text.LL_GPIO_Init  stm32f4xx_ll_gpio.o
    0x08002858   0x08002858   0x000000aa   Code   RO          681    .text.LL_RCC_GetSystemClocksFreq  stm32f4xx_ll_rcc.o
    0x08002902   0x08002902   0x00000002   PAD
    0x08002904   0x08002904   0x0000003c   Code   RO          887    .text.LL_TIM_BDTR_Init  stm32f4xx_ll_tim.o
    0x08002940   0x08002940   0x0000012e   Code   RO          867    .text.LL_TIM_Init   stm32f4xx_ll_tim.o
    0x08002a6e   0x08002a6e   0x00000002   PAD
    0x08002a70   0x08002a70   0x000001e8   Code   RO          871    .text.LL_TIM_OC_Init  stm32f4xx_ll_tim.o
    0x08002c58   0x08002c58   0x00000166   Code   RO         1050    .text.LL_USART_Init  stm32f4xx_ll_usart.o
    0x08002dbe   0x08002dbe   0x00000002   PAD
    0x08002dc0   0x08002dc0   0x0000015a   Code   RO           30    .text.MX_GPIO_Init  gpio.o
    0x08002f1a   0x08002f1a   0x00000002   PAD
    0x08002f1c   0x08002f1c   0x00000042   Code   RO           39    .text.MX_I2C1_Init  i2c.o
    0x08002f5e   0x08002f5e   0x00000002   PAD
    0x08002f60   0x08002f60   0x0000004c   Code   RO           54    .text.MX_SPI3_Init  spi.o
    0x08002fac   0x08002fac   0x00000172   Code   RO           69    .text.MX_TIM1_Init  tim.o
    0x0800311e   0x0800311e   0x00000002   PAD
    0x08003120   0x08003120   0x000000ec   Code   RO           71    .text.MX_TIM2_Init  tim.o
    0x0800320c   0x0800320c   0x00000160   Code   RO           73    .text.MX_TIM3_Init  tim.o
    0x0800336c   0x0800336c   0x00000096   Code   RO           75    .text.MX_TIM5_Init  tim.o
    0x08003402   0x08003402   0x00000002   PAD
    0x08003404   0x08003404   0x00000084   Code   RO           77    .text.MX_TIM7_Init  tim.o
    0x08003488   0x08003488   0x0000003c   Code   RO           87    .text.MX_UART5_Init  usart.o
    0x080034c4   0x080034c4   0x000000ae   Code   RO           89    .text.MX_USART1_UART_Init  usart.o
    0x08003572   0x08003572   0x00000002   PAD
    0x08003574   0x08003574   0x00000002   Code   RO          108    .text.MemManage_Handler  stm32f4xx_it.o
    0x08003576   0x08003576   0x00000002   PAD
    0x08003578   0x08003578   0x00000002   Code   RO          104    .text.NMI_Handler   stm32f4xx_it.o
    0x0800357a   0x0800357a   0x00000002   PAD
    0x0800357c   0x0800357c   0x00000002   Code   RO          118    .text.PendSV_Handler  stm32f4xx_it.o
    0x0800357e   0x0800357e   0x00000002   PAD
    0x08003580   0x08003580   0x00000060   Code   RO         1150    .text.ReadInputByte  stm32utilities.o
    0x080035e0   0x080035e0   0x0000047a   Code   RO         1140    .text.SPIInit       stm32utilities.o
    0x08003a5a   0x08003a5a   0x00000002   PAD
    0x08003a5c   0x08003a5c   0x00000120   Code   RO          853    .text.SPI_WaitFlagStateUntilTimeout  stm32f4xx_hal_spi.o
    0x08003b7c   0x08003b7c   0x00000002   Code   RO          114    .text.SVC_Handler   stm32f4xx_it.o
    0x08003b7e   0x08003b7e   0x00000002   PAD
    0x08003b80   0x08003b80   0x00000004   Code   RO          120    .text.SysTick_Handler  stm32f4xx_it.o
    0x08003b84   0x08003b84   0x00000056   Code   RO         1066    .text.SystemInit    system_stm32f4xx.o
    0x08003bda   0x08003bda   0x00000002   PAD
    0x08003bdc   0x08003bdc   0x0000001e   Code   RO          134    .text.TIM5_IRQHandler  stm32f4xx_it.o
    0x08003bfa   0x08003bfa   0x00000002   PAD
    0x08003bfc   0x08003bfc   0x00000034   Code   RO          136    .text.TIM7_IRQHandler  stm32f4xx_it.o
    0x08003c30   0x08003c30   0x000000e6   Code   RO          930    .text.UART_SetConfig  stm32f4xx_hal_uart.o
    0x08003d16   0x08003d16   0x00000002   PAD
    0x08003d18   0x08003d18   0x00000022   Code   RO          130    .text.USART1_IRQHandler  stm32f4xx_it.o
    0x08003d3a   0x08003d3a   0x00000002   PAD
    0x08003d3c   0x08003d3c   0x00000002   Code   RO          112    .text.UsageFault_Handler  stm32f4xx_it.o
    0x08003d3e   0x08003d3e   0x00000002   PAD
    0x08003d40   0x08003d40   0x000000da   Code   RO         1487    .text.acceleration_scaling  settings_1.o
    0x08003e1a   0x08003e1a   0x00000002   PAD
    0x08003e1c   0x08003e1c   0x000000e0   Code   RO         1285    .text.convert_delta_vector_to_unit_vector  nuts_bolts_1.o
    0x08003efc   0x08003efc   0x0000001a   Code   RO         1171    .text.coolant_get_state  coolant_control_1.o
    0x08003f16   0x08003f16   0x00000002   PAD
    0x08003f18   0x08003f18   0x0000001e   Code   RO         1169    .text.coolant_init  coolant_control_1.o
    0x08003f36   0x08003f36   0x00000002   PAD
    0x08003f38   0x08003f38   0x00000078   Code   RO         1175    .text.coolant_set_state  coolant_control_1.o
    0x08003fb0   0x08003fb0   0x0000001e   Code   RO         1173    .text.coolant_stop  coolant_control_1.o
    0x08003fce   0x08003fce   0x00000002   PAD
    0x08003fd0   0x08003fd0   0x0000006a   Code   RO         1177    .text.coolant_sync  coolant_control_1.o
    0x0800403a   0x0800403a   0x00000002   PAD
    0x0800403c   0x0800403c   0x00000002   Code   RO         1281    .text.delay_ms      nuts_bolts_1.o
    0x0800403e   0x0800403e   0x00000002   PAD
    0x08004040   0x08004040   0x00000076   Code   RO         1277    .text.delay_sec     nuts_bolts_1.o
    0x080040b6   0x080040b6   0x00000002   PAD
    0x080040b8   0x080040b8   0x00000084   Code   RO         1187    .text.eeprom_flush  eeprom_1.o
    0x0800413c   0x0800413c   0x0000000c   Code   RO         1191    .text.eeprom_get_char  eeprom_1.o
    0x08004148   0x08004148   0x0000011c   Code   RO         1189    .text.eeprom_init   eeprom_1.o
    0x08004264   0x08004264   0x0000000c   Code   RO         1193    .text.eeprom_put_char  eeprom_1.o
    0x08004270   0x08004270   0x0000190c   Code   RO         1212    .text.gc_execute_line  gcode_1.o
    0x08005b7c   0x08005b7c   0x0000002c   Code   RO         1208    .text.gc_init       gcode_1.o
    0x08005ba8   0x08005ba8   0x00000016   Code   RO         1210    .text.gc_sync_position  gcode_1.o
    0x08005bbe   0x08005bbe   0x00000002   PAD
    0x08005bc0   0x08005bc0   0x00000012   Code   RO         1283    .text.hypot_f       nuts_bolts_1.o
    0x08005bd2   0x08005bd2   0x00000002   PAD
    0x08005bd4   0x08005bd4   0x000000d4   Code   RO         1081    .text.inoutputs_init  inoutputs.o
    0x08005ca8   0x08005ca8   0x00000064   Code   RO         1224    .text.jog_execute   jog_1.o
    0x08005d0c   0x08005d0c   0x00000128   Code   RO         1287    .text.limit_value_by_axis_maximum  nuts_bolts_1.o
    0x08005e34   0x08005e34   0x00000018   Code   RO         1235    .text.limits_disable  limits_1.o
    0x08005e4c   0x08005e4c   0x00000082   Code   RO         1239    .text.limits_get_state  limits_1.o
    0x08005ece   0x08005ece   0x00000002   PAD
    0x08005ed0   0x08005ed0   0x0000078e   Code   RO         1243    .text.limits_go_home  limits_1.o
    0x0800665e   0x0800665e   0x00000002   PAD
    0x08006660   0x08006660   0x00000036   Code   RO         1233    .text.limits_init   limits_1.o
    0x08006696   0x08006696   0x00000002   PAD
    0x08006698   0x08006698   0x00000046   Code   RO         1245    .text.limits_soft_check  limits_1.o
    0x080066de   0x080066de   0x00000002   PAD
    0x080066e0   0x080066e0   0x000001ca   Code   RO           11    .text.main          main.o
    0x080068aa   0x080068aa   0x00000006   PAD
    0x080068b0   0x080068b0   0x000003f8   Code   RO         1257    .text.mc_arc        motion_control_1.o
    0x08006ca8   0x08006ca8   0x00000030   Code   RO         1259    .text.mc_dwell      motion_control_1.o
    0x08006cd8   0x08006cd8   0x00000052   Code   RO         1261    .text.mc_homing_cycle  motion_control_1.o
    0x08006d2a   0x08006d2a   0x00000002   PAD
    0x08006d2c   0x08006d2c   0x0000007c   Code   RO         1255    .text.mc_line       motion_control_1.o
    0x08006da8   0x08006da8   0x00000140   Code   RO         1263    .text.mc_probe_cycle  motion_control_1.o
    0x08006ee8   0x08006ee8   0x00000072   Code   RO         1265    .text.mc_reset      motion_control_1.o
    0x08006f5a   0x08006f5a   0x00000002   PAD
    0x08006f5c   0x08006f5c   0x000000ca   Code   RO         1197    .text.memcpy_from_eeprom_with_checksum  eeprom_1.o
    0x08007026   0x08007026   0x00000002   PAD
    0x08007028   0x08007028   0x000000e4   Code   RO         1195    .text.memcpy_to_eeprom_with_checksum  eeprom_1.o
    0x0800710c   0x0800710c   0x00000084   Code   RO         1101    .text.outputs_analog_action  inoutputs.o
    0x08007190   0x08007190   0x0000002c   Code   RO         1095    .text.outputs_analog_init  inoutputs.o
    0x080071bc   0x080071bc   0x000000c2   Code   RO         1083    .text.outputs_analog_set  inoutputs.o
    0x0800727e   0x0800727e   0x00000002   PAD
    0x08007280   0x08007280   0x00000108   Code   RO         1093    .text.outputs_digital_action  inoutputs.o
    0x08007388   0x08007388   0x00000588   Code   RO         1317    .text.plan_buffer_line  planner_1.o
    0x08007910   0x08007910   0x00000016   Code   RO         1311    .text.plan_check_full_buffer  planner_1.o
    0x08007926   0x08007926   0x00000002   PAD
    0x08007928   0x08007928   0x000000c8   Code   RO         1313    .text.plan_compute_profile_nominal_speed  planner_1.o
    0x080079f0   0x080079f0   0x0000001a   Code   RO         1325    .text.plan_cycle_reinitialize  planner_1.o
    0x08007a0a   0x08007a0a   0x00000002   PAD
    0x08007a0c   0x08007a0c   0x0000002a   Code   RO         1303    .text.plan_discard_current_block  planner_1.o
    0x08007a36   0x08007a36   0x00000002   PAD
    0x08007a38   0x08007a38   0x0000001e   Code   RO         1321    .text.plan_get_block_buffer_available  planner_1.o
    0x08007a56   0x08007a56   0x00000002   PAD
    0x08007a58   0x08007a58   0x0000001e   Code   RO         1307    .text.plan_get_current_block  planner_1.o
    0x08007a76   0x08007a76   0x00000002   PAD
    0x08007a78   0x08007a78   0x00000038   Code   RO         1309    .text.plan_get_exec_block_exit_speed_sqr  planner_1.o
    0x08007ab0   0x08007ab0   0x00000018   Code   RO         1305    .text.plan_get_system_motion_block  planner_1.o
    0x08007ac8   0x08007ac8   0x0000001a   Code   RO         1299    .text.plan_reset    planner_1.o
    0x08007ae2   0x08007ae2   0x00000002   PAD
    0x08007ae4   0x08007ae4   0x0000002e   Code   RO         1319    .text.plan_sync_position  planner_1.o
    0x08007b12   0x08007b12   0x00000002   PAD
    0x08007b14   0x08007b14   0x00000098   Code   RO         1315    .text.plan_update_velocity_profile_parameters  planner_1.o
    0x08007bac   0x08007bac   0x0000017c   Code   RO         1327    .text.planner_recalculate  planner_1.o
    0x08007d28   0x08007d28   0x000001fc   Code   RO         1349    .text.printFloat    print_1.o
    0x08007f24   0x08007f24   0x00000004   PAD
    0x08007f28   0x08007f28   0x00000048   Code   RO         1351    .text.printFloat_CoordValue  print_1.o
    0x08007f70   0x08007f70   0x00000048   Code   RO         1353    .text.printFloat_RateValue  print_1.o
    0x08007fb8   0x08007fb8   0x00000020   Code   RO         1339    .text.printString   print_1.o
    0x08007fd8   0x08007fd8   0x00000060   Code   RO         1341    .text.print_uint8_base10  print_1.o
    0x08008038   0x08008038   0x00000026   Code   RO         1365    .text.probe_configure_invert_mask  probe_1.o
    0x0800805e   0x0800805e   0x00000002   PAD
    0x08008060   0x08008060   0x00000022   Code   RO         1367    .text.probe_get_state  probe_1.o
    0x08008082   0x08008082   0x00000002   PAD
    0x08008084   0x08008084   0x0000001e   Code   RO         1363    .text.probe_init    probe_1.o
    0x080080a2   0x080080a2   0x00000002   PAD
    0x080080a4   0x080080a4   0x0000005e   Code   RO         1369    .text.probe_state_monitor  probe_1.o
    0x08008102   0x08008102   0x00000002   PAD
    0x08008104   0x08008104   0x00000016   Code   RO         1384    .text.protocol_auto_cycle_start  protocol_1.o
    0x0800811a   0x0800811a   0x00000002   PAD
    0x0800811c   0x0800811c   0x00000034   Code   RO         1382    .text.protocol_buffer_synchronize  protocol_1.o
    0x08008150   0x08008150   0x000003ca   Code   RO         1388    .text.protocol_exec_rt_system  protocol_1.o
    0x0800851a   0x0800851a   0x00000002   PAD
    0x0800851c   0x0800851c   0x0000020c   Code   RO         1386    .text.protocol_execute_realtime  protocol_1.o
    0x08008728   0x08008728   0x00000150   Code   RO         1380    .text.protocol_main_loop  protocol_1.o
    0x08008878   0x08008878   0x00000188   Code   RO         1275    .text.read_float    nuts_bolts_1.o
    0x08008a00   0x08008a00   0x00000030   Code   RO         1403    .text.report_alarm_message  report_1.o
    0x08008a30   0x08008a30   0x00000090   Code   RO         1425    .text.report_build_info  report_1.o
    0x08008ac0   0x08008ac0   0x0000004c   Code   RO         1423    .text.report_execute_startup_message  report_1.o
    0x08008b0c   0x08008b0c   0x00000068   Code   RO         1405    .text.report_feedback_message  report_1.o
    0x08008b74   0x08008b74   0x0000016c   Code   RO         1419    .text.report_gcode_modes  report_1.o
    0x08008ce0   0x08008ce0   0x0000000c   Code   RO         1409    .text.report_grbl_help  report_1.o
    0x08008cec   0x08008cec   0x00000772   Code   RO         1411    .text.report_grbl_settings  report_1.o
    0x0800945e   0x0800945e   0x00000002   PAD
    0x08009460   0x08009460   0x0000002c   Code   RO         1407    .text.report_init_message  report_1.o
    0x0800948c   0x0800948c   0x00000148   Code   RO         1417    .text.report_ngc_parameters  report_1.o
    0x080095d4   0x080095d4   0x00000098   Code   RO         1413    .text.report_probe_parameters  report_1.o
    0x0800966c   0x0800966c   0x00000520   Code   RO         1429    .text.report_realtime_status  report_1.o
    0x08009b8c   0x08009b8c   0x00000034   Code   RO         1421    .text.report_startup_line  report_1.o
    0x08009bc0   0x08009bc0   0x00000034   Code   RO         1401    .text.report_status_message  report_1.o
    0x08009bf4   0x08009bf4   0x00000056   Code   RO         1415    .text.report_util_axis_values  report_1.o
    0x08009c4a   0x08009c4a   0x00000002   PAD
    0x08009c4c   0x08009c4c   0x0000001e   Code   RO         1440    .text.serial_get_rx_buffer_available  serial_1.o
    0x08009c6a   0x08009c6a   0x00000002   PAD
    0x08009c6c   0x08009c6c   0x00000002   Code   RO         1446    .text.serial_init   serial_1.o
    0x08009c6e   0x08009c6e   0x00000002   PAD
    0x08009c70   0x08009c70   0x0000002c   Code   RO         1450    .text.serial_read   serial_1.o
    0x08009c9c   0x08009c9c   0x0000000e   Code   RO         1454    .text.serial_reset_read_buffer  serial_1.o
    0x08009caa   0x08009caa   0x00000002   PAD
    0x08009cac   0x08009cac   0x00000004   Code   RO         1448    .text.serial_write  serial_1.o
    0x08009cb0   0x08009cb0   0x0000006c   Code   RO         1489    .text.settings_init  settings_1.o
    0x08009d1c   0x08009d1c   0x0000002a   Code   RO         1479    .text.settings_read_build_info  settings_1.o
    0x08009d46   0x08009d46   0x00000002   PAD
    0x08009d48   0x08009d48   0x00000040   Code   RO         1481    .text.settings_read_coord_data  settings_1.o
    0x08009d88   0x08009d88   0x00000036   Code   RO         1477    .text.settings_read_startup_line  settings_1.o
    0x08009dbe   0x08009dbe   0x00000002   PAD
    0x08009dc0   0x08009dc0   0x000001ca   Code   RO         1475    .text.settings_restore  settings_1.o
    0x08009f8a   0x08009f8a   0x00000002   PAD
    0x08009f8c   0x08009f8c   0x0000000c   Code   RO         1469    .text.settings_store_build_info  settings_1.o
    0x08009f98   0x08009f98   0x000003fc   Code   RO         1485    .text.settings_store_global_setting  settings_1.o
    0x0800a394   0x0800a394   0x00000020   Code   RO         1467    .text.settings_store_startup_line  settings_1.o
    0x0800a3b4   0x0800a3b4   0x00000020   Code   RO         1471    .text.settings_write_coord_data  settings_1.o
    0x0800a3d4   0x0800a3d4   0x0000000c   Code   RO         1152    .text.spi_limits_init  stm32utilities.o
    0x0800a3e0   0x0800a3e0   0x000000e0   Code   RO         1509    .text.spindle_compute_pwm_value  spindle_control_1.o
    0x0800a4c0   0x0800a4c0   0x00000016   Code   RO         1503    .text.spindle_get_state  spindle_control_1.o
    0x0800a4d6   0x0800a4d6   0x00000002   PAD
    0x0800a4d8   0x0800a4d8   0x00000058   Code   RO         1501    .text.spindle_init  spindle_control_1.o
    0x0800a530   0x0800a530   0x00000018   Code   RO         1507    .text.spindle_set_speed  spindle_control_1.o
    0x0800a548   0x0800a548   0x00000160   Code   RO         1511    .text.spindle_set_state  spindle_control_1.o
    0x0800a6a8   0x0800a6a8   0x00000010   Code   RO         1505    .text.spindle_stop  spindle_control_1.o
    0x0800a6b8   0x0800a6b8   0x00000032   Code   RO         1513    .text.spindle_sync  spindle_control_1.o
    0x0800a6ea   0x0800a6ea   0x00000002   PAD
    0x0800a6ec   0x0800a6ec   0x000000e2   Code   RO         1532    .text.st_generate_step_dir_invert_masks  stepper_1.o
    0x0800a7ce   0x0800a7ce   0x00000002   PAD
    0x0800a7d0   0x0800a7d0   0x0000002c   Code   RO         1542    .text.st_get_realtime_rate  stepper_1.o
    0x0800a7fc   0x0800a7fc   0x000000a4   Code   RO         1526    .text.st_go_idle    stepper_1.o
    0x0800a8a0   0x0800a8a0   0x000006dc   Code   RO         1540    .text.st_prep_buffer  stepper_1.o
    0x0800af7c   0x0800af7c   0x000000e8   Code   RO         1534    .text.st_reset      stepper_1.o
    0x0800b064   0x0800b064   0x0000002a   Code   RO         1538    .text.st_update_plan_block_parameters  stepper_1.o
    0x0800b08e   0x0800b08e   0x00000002   PAD
    0x0800b090   0x0800b090   0x000000a2   Code   RO         1524    .text.st_wake_up    stepper_1.o
    0x0800b132   0x0800b132   0x00000002   PAD
    0x0800b134   0x0800b134   0x0000005a   Code   RO         1536    .text.stepper_init  stepper_1.o
    0x0800b18e   0x0800b18e   0x00000002   PAD
    0x0800b190   0x0800b190   0x00000020   Code   RO         1562    .text.system_check_safety_door_ajar  system_1.o
    0x0800b1b0   0x0800b1b0   0x000000c0   Code   RO         1580    .text.system_check_travel_limits  system_1.o
    0x0800b270   0x0800b270   0x00000012   Code   RO         1594    .text.system_clear_exec_accessory_overrides  system_1.o
    0x0800b282   0x0800b282   0x00000002   PAD
    0x0800b284   0x0800b284   0x00000012   Code   RO         1586    .text.system_clear_exec_alarm  system_1.o
    0x0800b296   0x0800b296   0x00000002   PAD
    0x0800b298   0x0800b298   0x00000012   Code   RO         1592    .text.system_clear_exec_motion_overrides  system_1.o
    0x0800b2aa   0x0800b2aa   0x00000002   PAD
    0x0800b2ac   0x0800b2ac   0x00000016   Code   RO         1582    .text.system_clear_exec_state_flag  system_1.o
    0x0800b2c2   0x0800b2c2   0x00000002   PAD
    0x0800b2c4   0x0800b2c4   0x00000036   Code   RO         1558    .text.system_control_get_state  system_1.o
    0x0800b2fa   0x0800b2fa   0x00000002   PAD
    0x0800b2fc   0x0800b2fc   0x0000009c   Code   RO         1578    .text.system_convert_array_steps_to_mpos  system_1.o
    0x0800b398   0x0800b398   0x0000000e   Code   RO         1574    .text.system_convert_corexy_to_x_axis_steps  system_1.o
    0x0800b3a6   0x0800b3a6   0x00000002   PAD
    0x0800b3a8   0x0800b3a8   0x0000000e   Code   RO         1576    .text.system_convert_corexy_to_y_axis_steps  system_1.o
    0x0800b3b6   0x0800b3b6   0x00000002   PAD
    0x0800b3b8   0x0800b3b8   0x000004bc   Code   RO         1566    .text.system_execute_line  system_1.o
    0x0800b874   0x0800b874   0x00000060   Code   RO         1564    .text.system_execute_startup  system_1.o
    0x0800b8d4   0x0800b8d4   0x00000014   Code   RO         1570    .text.system_flag_wco_change  system_1.o
    0x0800b8e8   0x0800b8e8   0x00000002   Code   RO         1556    .text.system_init   system_1.o
    0x0800b8ea   0x0800b8ea   0x00000002   PAD
    0x0800b8ec   0x0800b8ec   0x00000014   Code   RO         1590    .text.system_set_exec_accessory_override_flag  system_1.o
    0x0800b900   0x0800b900   0x00000014   Code   RO         1584    .text.system_set_exec_alarm  system_1.o
    0x0800b914   0x0800b914   0x00000014   Code   RO         1588    .text.system_set_exec_motion_override_flag  system_1.o
    0x0800b928   0x0800b928   0x00000014   Code   RO         1568    .text.system_set_exec_state_flag  system_1.o
    0x0800b93c   0x0800b93c   0x0000003c   Code   RO         1120    .text.timing_init   stm32utilities.o
    0x0800b978   0x0800b978   0x00000056   Code   RO         1126    .text.uart_init     stm32utilities.o
    0x0800b9ce   0x0800b9ce   0x00000002   PAD
    0x0800b9d0   0x0800b9d0   0x0000002a   Code   RO         1130    .text.uart_sendch   stm32utilities.o
    0x0800b9fa   0x0800b9fa   0x00000002   PAD
    0x0800b9fc   0x0800b9fc   0x000000c8   Code   RO         1105    .text.wait_on_input_action  inoutputs.o
    0x0800bac4   0x0800bac4   0x00000026   Code   RO         1770    i.__ARM_fpclassifyf  m_wm.l(fpclassifyf.o)
    0x0800baea   0x0800baea   0x00000002   PAD
    0x0800baec   0x0800baec   0x000002ac   Code   RO         1677    i.__hardfp_atan2f   m_wm.l(atan2f.o)
    0x0800bd98   0x0800bd98   0x0000006c   Code   RO         1683    i.__hardfp_ceilf    m_wm.l(ceilf.o)
    0x0800be04   0x0800be04   0x00000150   Code   RO         1689    i.__hardfp_cosf     m_wm.l(cosf.o)
    0x0800bf54   0x0800bf54   0x00000004   PAD
    0x0800bf58   0x0800bf58   0x00000118   Code   RO         1695    i.__hardfp_floor    m_wm.l(floor.o)
    0x0800c070   0x0800c070   0x00000070   Code   RO         1701    i.__hardfp_floorf   m_wm.l(floorf.o)
    0x0800c0e0   0x0800c0e0   0x00000100   Code   RO         1719    i.__hardfp_lround   m_wm.l(lround.o)
    0x0800c1e0   0x0800c1e0   0x0000009a   Code   RO         1723    i.__hardfp_roundf   m_wm.l(roundf.o)
    0x0800c27a   0x0800c27a   0x00000002   PAD
    0x0800c27c   0x0800c27c   0x00000190   Code   RO         1707    i.__hardfp_sinf     m_wm.l(sinf.o)
    0x0800c40c   0x0800c40c   0x0000007a   Code   RO         1713    i.__hardfp_sqrt     m_wm.l(sqrt.o)
    0x0800c486   0x0800c486   0x0000005c   Code   RO         1727    i.__hardfp_truncf   m_wm.l(truncf.o)
    0x0800c4e2   0x0800c4e2   0x00000006   Code   RO         1773    i.__mathlib_flt_infnan  m_wm.l(funder.o)
    0x0800c4e8   0x0800c4e8   0x00000006   Code   RO         1774    i.__mathlib_flt_infnan2  m_wm.l(funder.o)
    0x0800c4ee   0x0800c4ee   0x00000002   PAD
    0x0800c4f0   0x0800c4f0   0x00000010   Code   RO         1775    i.__mathlib_flt_invalid  m_wm.l(funder.o)
    0x0800c500   0x0800c500   0x00000010   Code   RO         1778    i.__mathlib_flt_underflow  m_wm.l(funder.o)
    0x0800c510   0x0800c510   0x00000154   Code   RO         1786    i.__mathlib_rredf2  m_wm.l(rredf.o)
    0x0800c664   0x0800c664   0x00000062   Code   RO         1649    x$fpl$d2f           fz_wm.l(d2f.o)
    0x0800c6c6   0x0800c6c6   0x00000002   PAD
    0x0800c6c8   0x0800c6c8   0x00000150   Code   RO         1651    x$fpl$dadd          fz_wm.l(daddsub_clz.o)
    0x0800c818   0x0800c818   0x00000018   Code   RO         1813    x$fpl$dcmpinf       fz_wm.l(dcmpi.o)
    0x0800c830   0x0800c830   0x000002b8   Code   RO         1660    x$fpl$ddiv          fz_wm.l(ddiv.o)
    0x0800cae8   0x0800cae8   0x00000078   Code   RO         1747    x$fpl$deqf          fz_wm.l(deqf.o)
    0x0800cb60   0x0800cb60   0x0000005e   Code   RO         1663    x$fpl$dfix          fz_wm.l(dfix.o)
    0x0800cbbe   0x0800cbbe   0x00000002   PAD
    0x0800cbc0   0x0800cbc0   0x00000086   Code   RO         1664    x$fpl$dfixr         fz_wm.l(dfix.o)
    0x0800cc46   0x0800cc46   0x00000026   Code   RO         1667    x$fpl$dfltu         fz_wm.l(dflt_clz.o)
    0x0800cc6c   0x0800cc6c   0x00000078   Code   RO         1749    x$fpl$dgeqf         fz_wm.l(dgeqf.o)
    0x0800cce4   0x0800cce4   0x00000078   Code   RO         1751    x$fpl$dleqf         fz_wm.l(dleqf.o)
    0x0800cd5c   0x0800cd5c   0x00000154   Code   RO         1673    x$fpl$dmul          fz_wm.l(dmul.o)
    0x0800ceb0   0x0800ceb0   0x0000009c   Code   RO         1753    x$fpl$dnaninf       fz_wm.l(dnaninf.o)
    0x0800cf4c   0x0800cf4c   0x0000000c   Code   RO         1755    x$fpl$dretinf       fz_wm.l(dretinf.o)
    0x0800cf58   0x0800cf58   0x0000006c   Code   RO         1757    x$fpl$drleqf        fz_wm.l(drleqf.o)
    0x0800cfc4   0x0800cfc4   0x000000b4   Code   RO         1759    x$fpl$drnd          fz_wm.l(drnd.o)
    0x0800d078   0x0800d078   0x00000016   Code   RO         1652    x$fpl$drsb          fz_wm.l(daddsub_clz.o)
    0x0800d08e   0x0800d08e   0x00000002   PAD
    0x0800d090   0x0800d090   0x00000198   Code   RO         1761    x$fpl$dsqrt         fz_wm.l(dsqrt_umaal.o)
    0x0800d228   0x0800d228   0x000001dc   Code   RO         1653    x$fpl$dsub          fz_wm.l(daddsub_clz.o)
    0x0800d404   0x0800d404   0x00000056   Code   RO         1675    x$fpl$f2d           fz_wm.l(f2d.o)
    0x0800d45a   0x0800d45a   0x00000054   Code   RO         1657    x$fpl$fcmp          fz_wm.l(dcmp.o)
    0x0800d4ae   0x0800d4ae   0x0000008c   Code   RO         1763    x$fpl$fnaninf       fz_wm.l(fnaninf.o)
    0x0800d53a   0x0800d53a   0x0000001a   Code   RO         1904    x$fpl$fpinit        fz_wm.l(fpinit.o)
    0x0800d554   0x0800d554   0x0000000a   Code   RO         1765    x$fpl$fretinf       fz_wm.l(fretinf.o)
    0x0800d55e   0x0800d55e   0x00000002   PAD
    0x0800d560   0x0800d560   0x00000060   Code   RO         1767    x$fpl$frnd          fz_wm.l(frnd.o)
    0x0800d5c0   0x0800d5c0   0x00000000   Code   RO         1769    x$fpl$usenofp       fz_wm.l(usenofp.o)
    0x0800d5c0   0x0800d5c0   0x00000020   Data   RO         1787    .constdata          m_wm.l(rredf.o)
    0x0800d5e0   0x0800d5e0   0x00000010   Data   RO         1071    .rodata.AHBPrescTable  system_stm32f4xx.o
    0x0800d5f0   0x0800d5f0   0x00000008   Data   RO         1072    .rodata.APBPrescTable  system_stm32f4xx.o
    0x0800d5f8   0x0800d5f8   0x00000020   Data   RO         1109    .rodata.ana_outputs_channel  inoutputs.o
    0x0800d618   0x0800d618   0x0000000c   Data   RO         1155    .rodata.direction_pin_mask  stm32utilities.o
    0x0800d624   0x0800d624   0x0000000c   Data   RO         1156    .rodata.limit_pin_mask  stm32utilities.o
    0x0800d630   0x0800d630   0x00000010   Data   RO         1107    .rodata.outputs_pin_mask  inoutputs.o
    0x0800d640   0x0800d640   0x0000000c   Data   RO         1154    .rodata.step_pin_mask  stm32utilities.o
    0x0800d64c   0x0800d64c   0x000000fa   Data   RO         1431    .rodata.str1.1      report_1.o
    0x0800d746   0x0800d746   0x00000002   PAD
    0x0800d748   0x0800d748   0x00000020   Data   RO         1965    Region$$Table       anon$$obj.o


    Execution Region RW_IRAM1 (Exec base: 0x20000000, Load base: 0x0800d768, Size: 0x00004b18, Max: 0x0001c000, ABSOLUTE)

    Exec Addr    Load Addr    Size         Type   Attr      Idx    E Section Name        Object

    0x20000000   0x0800d768   0x00000008   Data   RW          644    .data..L_MergedGlobals  stm32f4xx_hal.o
    0x20000008   0x0800d770   0x00000004   Data   RW         1070    .data.SystemCoreClock  system_stm32f4xx.o
    0x2000000c   0x0800d774   0x00000020   Data   RW         1108    .data.ana_outputs_timer  inoutputs.o
    0x2000002c   0x0800d794   0x00000004   PAD
    0x20000030        -       0x00000060   Zero   RW         1816    .bss                c_w.l(libspace.o)
    0x20000090        -       0x0000004c   Zero   RW           21    .bss..L_MergedGlobals  main.o
    0x200000dc        -       0x0000003b   Zero   RW         1160    .bss..L_MergedGlobals  stm32utilities.o
    0x20000117   0x0800d794   0x00000001   PAD
    0x20000118        -       0x00000038   Zero   RW         1330    .bss..L_MergedGlobals  planner_1.o
    0x20000150        -       0x00000004   Zero   RW         1458    .bss..L_MergedGlobals  serial_1.o
    0x20000154        -       0x00000048   Zero   RW         1547    .bss..L_MergedGlobals  stepper_1.o
    0x2000019c        -       0x00000800   Zero   RW         1199    .bss.EE_Buffer      eeprom_1.o
    0x2000099c        -       0x00000030   Zero   RW         1492    .bss.adjustments    settings_1.o
    0x200009cc        -       0x00003200   Zero   RW         1329    .bss.block_buffer   planner_1.o
    0x20003bcc        -       0x00000064   Zero   RW         1215    .bss.gc_block       gcode_1.o
    0x20003c30        -       0x0000006c   Zero   RW         1214    .bss.gc_state       gcode_1.o
    0x20003c9c        -       0x00000054   Zero   RW           45    .bss.hi2c1          i2c.o
    0x20003cf0        -       0x00000058   Zero   RW           60    .bss.hspi3          spi.o
    0x20003d48        -       0x00000048   Zero   RW           95    .bss.huart5         usart.o
    0x20003d90        -       0x00000050   Zero   RW         1390    .bss.line           protocol_1.o
    0x20003de0        -       0x00000050   Zero   RW         1159    .bss.pDbgStr        stm32utilities.o
    0x20003e30        -       0x00000020   Zero   RW          374    .bss.pFlash         stm32f4xx_hal_flash.o
    0x20003e50        -       0x00000002   Zero   RW         1371    .bss.probe_invert_mask  probe_1.o
    0x20003e52   0x0800d794   0x00000002   PAD
    0x20003e54        -       0x00000004   Zero   RW         1111    .bss.pwm_analog_gradient  inoutputs.o
    0x20003e58        -       0x00000004   Zero   RW         1515    .bss.pwm_gradient   spindle_control_1.o
    0x20003e5c        -       0x00000100   Zero   RW         1545    .bss.segment_buffer  stepper_1.o
    0x20003f5c        -       0x000000fe   Zero   RW         1456    .bss.serial_rx_buffer  serial_1.o
    0x2000405a   0x0800d794   0x00000002   PAD
    0x2000405c        -       0x00000094   Zero   RW         1491    .bss.settings       settings_1.o
    0x200040f0        -       0x00000044   Zero   RW         1544    .bss.st             stepper_1.o
    0x20004134        -       0x000003e0   Zero   RW         1546    .bss.st_block_buffer  stepper_1.o
    0x20004514        -       0x00000004   Zero   RW          643    .bss.uwTick         stm32f4xx_hal.o
    0x20004518        -       0x00000200   Zero   RW            2    HEAP                startup_stm32f407xx.o
    0x20004718        -       0x00000400   Zero   RW            1    STACK               startup_stm32f407xx.o


    Execution Region RW_IRAM2 (Exec base: 0x2001c000, Load base: 0x0800d798, Size: 0x00000000, Max: 0x00004000, ABSOLUTE)

    **** No section assigned to this execution region ****


==============================================================================

Image component sizes


      Code (inc. data)   RO Data    RW Data    ZI Data      Debug   Object Name

       312          0          0          0          0       2474   coolant_control_1.o
       870          0          0          0       2048       4999   eeprom_1.o
      6478        550          0          0        208      12784   gcode_1.o
       346          0          0          0          0       4148   gpio.o
       186          0          0          0         84       5233   i2c.o
      1046         12         48         32          4       9886   inoutputs.o
       100          0          0          0          0       1669   jog_1.o
      2384         20          0          0          0       9167   limits_1.o
       580          0          0          0         76       8532   main.o
      1704         64          0          0          0       7931   motion_control_1.o
      1050         24          0          0          0       3861   nuts_bolts_1.o
      2450         64          0          0      12856       8817   planner_1.o
       780         20          0          0          0       5532   print_1.o
       196          0          0          0          2       1831   probe_1.o
      1904          4          0          0         80       4147   protocol_1.o
      4680        394        250          0          0      14280   report_1.o
       492         30          0          0        258       2798   serial_1.o
      2040        112          0          0        196       7403   settings_1.o
       250          0          0          0         88       5143   spi.o
       776         28          0          0          4       4391   spindle_control_1.o
        64         26        392          0       1536        844   startup_stm32f407xx.o
      3478         24          0          0       1388      13977   stepper_1.o
       204          0          0          8          4       7310   stm32f4xx_hal.o
       230          0          0          0          0      10727   stm32f4xx_hal_cortex.o
       534          0          0          0         32       5609   stm32f4xx_hal_flash.o
        70          0          0          0          0       5875   stm32f4xx_hal_flash_ex.o
       448          0          0          0          0       5357   stm32f4xx_hal_gpio.o
       356          0          0          0          0      44412   stm32f4xx_hal_i2c.o
        56          0          0          0          0       1456   stm32f4xx_hal_msp.o
      1478          0          0          0          0       7390   stm32f4xx_hal_rcc.o
      2448          0          0          0          0      26352   stm32f4xx_hal_spi.o
       334          0          0          0          0      32149   stm32f4xx_hal_uart.o
       284          0          0          0          0       6656   stm32f4xx_it.o
       240          0          0          0          0       4228   stm32f4xx_ll_gpio.o
       170          0          0          0          0       9255   stm32f4xx_ll_rcc.o
       850          0          0          0          0      10798   stm32f4xx_ll_tim.o
       358          0          0          0          0       4915   stm32f4xx_ll_usart.o
      2024          4         36          0        139      12367   stm32utilities.o
      2108        162          0          0          0       9569   system_1.o
        86          0         24          4          0       2667   system_stm32f4xx.o
      1240          0          0          0          0      10918   tim.o
       352          0          0          0         72       6116   usart.o

    ----------------------------------------------------------------------
     46252       1542        784         44      19084     363973   Object Totals
         0          0         32          0          0          0   (incl. Generated)
       216          4          2          0          9          0   (incl. Padding)

    ----------------------------------------------------------------------

      Code (inc. data)   RO Data    RW Data    ZI Data      Debug   Library Member Name

         8          0          0          0          0         68   __main.o
         0          0          0          0          0          0   __rtentry.o
        12          0          0          0          0          0   __rtentry2.o
         6          0          0          0          0          0   __rtentry4.o
        94          8          0          0          0          0   __scatter.o
        26          0          0          0          0          0   __scatter_copy.o
        28          0          0          0          0          0   __scatter_zi.o
         6          0          0          0          0          0   _printf_d.o
       120         16          0          0          0         92   _printf_dec.o
       178          0          0          0          0         88   _printf_intcommon.o
         0          0          0          0          0          0   _printf_percent.o
         4          0          0          0          0          0   _printf_percent_end.o
        22          0          0          0          0        100   _rserrno.o
        16          0          0          0          0         68   aeabi_memset.o
        16          0          0          0          0         68   aeabi_memset4.o
        18          0          0          0          0         80   exit.o
         6          0          0          0          0        152   heapauxi.o
         0          0          0          0          0          0   indicate_semi.o
         2          0          0          0          0          0   libinit.o
         6          0          0          0          0          0   libinit2.o
         2          0          0          0          0          0   libshutdown.o
         2          0          0          0          0          0   libshutdown2.o
         8          4          0          0         96         68   libspace.o
       240          0          0          0          0        100   lludivv7m.o
        88          0          0          0          0         76   memcmp.o
         8          4          0          0          0         68   rt_errno_addr_intlibspace.o
        68          0          0          0          0         68   rt_memclr.o
        78          0          0          0          0         80   rt_memclr_w.o
         2          0          0          0          0          0   rtexit.o
        10          0          0          0          0          0   rtexit2.o
        12          4          0          0          0         68   sys_exit.o
        74          0          0          0          0         80   sys_stackheap_outer.o
         2          0          0          0          0         68   use_no_semi.o
        98          4          0          0          0        140   d2f.o
       834         16          0          0          0        516   daddsub_clz.o
        84          0          0          0          0        244   dcmp.o
        24          0          0          0          0        116   dcmpi.o
       696        140          0          0          0        264   ddiv.o
       120          4          0          0          0        140   deqf.o
       228          8          0          0          0        280   dfix.o
        38          0          0          0          0        116   dflt_clz.o
       120          4          0          0          0        140   dgeqf.o
       120          4          0          0          0        140   dleqf.o
       340         12          0          0          0        152   dmul.o
       156          4          0          0          0        140   dnaninf.o
        12          0          0          0          0        116   dretinf.o
       108          0          0          0          0        128   drleqf.o
       180          4          0          0          0        128   drnd.o
       408         56          0          0          0        168   dsqrt_umaal.o
        86          4          0          0          0        132   f2d.o
       140          4          0          0          0        132   fnaninf.o
        26          0          0          0          0        116   fpinit.o
        10          0          0          0          0        116   fretinf.o
        96          4          0          0          0        124   frnd.o
         0          0          0          0          0          0   usenofp.o
       684         90          0          0          0        208   atan2f.o
       108         10          0          0          0        116   ceilf.o
       336         56          0          0          0        136   cosf.o
       280         28          0          0          0        156   floor.o
       112         14          0          0          0        116   floorf.o
        38          0          0          0          0        116   fpclassifyf.o
        44         12          0          0          0        464   funder.o
       256         46          0          0          0        172   lround.o
       154          0          0          0          0        140   roundf.o
       340         24         32          0          0        160   rredf.o
       400         56          0          0          0        212   sinf.o
       122          0          0          0          0        148   sqrt.o
        92          0          0          0          0        136   truncf.o

    ----------------------------------------------------------------------
      8076        644         32          0         96       7220   Library Totals
        24          4          0          0          0          0   (incl. Padding)

    ----------------------------------------------------------------------

      Code (inc. data)   RO Data    RW Data    ZI Data      Debug   Library Name

      1162         36          0          0         96       1392   c_w.l
      3924        268          0          0          0       3548   fz_wm.l
      2966        336         32          0          0       2280   m_wm.l

    ----------------------------------------------------------------------
      8076        644         32          0         96       7220   Library Totals

    ----------------------------------------------------------------------

==============================================================================


      Code (inc. data)   RO Data    RW Data    ZI Data      Debug   

     54328       2186        816         44      19180     365985   Grand Totals
     54328       2186        816         44      19180     365985   ELF Image Totals
     54328       2186        816         44          0          0   ROM Totals

==============================================================================

    Total RO  Size (Code + RO Data)                55144 (  53.85kB)
    Total RW  Size (RW Data + ZI Data)             19224 (  18.77kB)
    Total ROM Size (Code + RO Data + RW Data)      55188 (  53.89kB)

==============================================================================

