<html>
<body>
<pre>
<h1>µVision Build Log</h1>
<h2>Tool Versions:</h2>
IDE-Version: ¦ÌVision V5.41.0.0
Copyright (C) 2024 ARM Ltd and ARM Germany GmbH. All rights reserved.
License Information: 1 Elephant, 1, LIC=VGXG8-3QP6Q-746S0-BI9Z2-FA8NG-M6D7G
 
Tool Versions:
Toolchain:       MDK-ARM Plus  Version: 5.41.0.0
Toolchain Path:  D:\d\software\keil\Core\ARM\ARMCLANG\Bin
C Compiler:      ArmClang.exe V6.22
Assembler:       Armasm.exe V6.22
Linker/Locator:  ArmLink.exe V6.22
Library Manager: ArmAr.exe V6.22
Hex Converter:   FromElf.exe V6.22
CPU DLL:         SARMCM3.DLL V5.41.0.0
Dialog DLL:      DCM.DLL V1.17.5.0
Target DLL:      STLink\ST-LINKIII-KEIL_SWO.dll V3.3.0.0
Dialog DLL:      TCM.DLL V1.56.4.0
 
<h2>Project:</h2>
D:\d\project\github\stm32Grbl\cubeide\F46\MDK-ARM\F46.uvprojx
Project File Date:  04/20/2025

<h2>Output:</h2>
*** Using Compiler 'V6.22', folder: 'D:\d\software\keil\Core\ARM\ARMCLANG\Bin'
Rebuild target 'F46'
Note: source file '..\App\grbl\coolant_control.c' - object file renamed from 'F46\coolant_control.o' to 'F46\coolant_control_1.o'.
Note: source file '..\App\grbl\eeprom.c' - object file renamed from 'F46\eeprom.o' to 'F46\eeprom_1.o'.
Note: source file '..\App\grbl\gcode.c' - object file renamed from 'F46\gcode.o' to 'F46\gcode_1.o'.
Note: source file '..\App\grbl\jog.c' - object file renamed from 'F46\jog.o' to 'F46\jog_1.o'.
Note: source file '..\App\grbl\limits.c' - object file renamed from 'F46\limits.o' to 'F46\limits_1.o'.
Note: source file '..\App\grbl\motion_control.c' - object file renamed from 'F46\motion_control.o' to 'F46\motion_control_1.o'.
Note: source file '..\App\grbl\nuts_bolts.c' - object file renamed from 'F46\nuts_bolts.o' to 'F46\nuts_bolts_1.o'.
Note: source file '..\App\grbl\planner.c' - object file renamed from 'F46\planner.o' to 'F46\planner_1.o'.
Note: source file '..\App\grbl\print.c' - object file renamed from 'F46\print.o' to 'F46\print_1.o'.
Note: source file '..\App\grbl\probe.c' - object file renamed from 'F46\probe.o' to 'F46\probe_1.o'.
Note: source file '..\App\grbl\protocol.c' - object file renamed from 'F46\protocol.o' to 'F46\protocol_1.o'.
Note: source file '..\App\grbl\report.c' - object file renamed from 'F46\report.o' to 'F46\report_1.o'.
Note: source file '..\App\grbl\serial.c' - object file renamed from 'F46\serial.o' to 'F46\serial_1.o'.
Note: source file '..\App\grbl\settings.c' - object file renamed from 'F46\settings.o' to 'F46\settings_1.o'.
Note: source file '..\App\grbl\spindle_control.c' - object file renamed from 'F46\spindle_control.o' to 'F46\spindle_control_1.o'.
Note: source file '..\App\grbl\stepper.c' - object file renamed from 'F46\stepper.o' to 'F46\stepper_1.o'.
Note: source file '..\App\grbl\system.c' - object file renamed from 'F46\system.o' to 'F46\system_1.o'.
compiling stm32f4xx_hal_i2c_ex.c...
compiling stm32f4xx_hal_rcc_ex.c...
compiling spi.c...
compiling main.c...
compiling stm32f4xx_hal_rcc.c...
assembling startup_stm32f407xx.s...
compiling stm32f4xx_hal_msp.c...
compiling gpio.c...
compiling stm32f4xx_it.c...
compiling tim.c...
compiling i2c.c...
compiling usart.c...
compiling stm32f4xx_hal_flash.c...
compiling stm32f4xx_hal_flash_ex.c...
compiling stm32f4xx_hal_flash_ramfunc.c...
compiling stm32f4xx_hal_gpio.c...
compiling stm32f4xx_hal_dma_ex.c...
compiling stm32f4xx_hal_dma.c...
compiling stm32f4xx_hal_pwr.c...
compiling stm32f4xx_hal_pwr_ex.c...
compiling stm32f4xx_hal_cortex.c...
compiling stm32f4xx_hal.c...
compiling stm32f4xx_hal_i2c.c...
compiling stm32f4xx_hal_exti.c...
compiling stm32f4xx_ll_exti.c...
compiling stm32f4xx_ll_rcc.c...
compiling stm32f4xx_ll_utils.c...
compiling stm32f4xx_ll_tim.c...
compiling stm32f4xx_ll_gpio.c...
compiling stm32f4xx_ll_dma.c...
compiling stm32f4xx_ll_usart.c...
compiling system_stm32f4xx.c...
compiling stm32f4xx_hal_spi.c...
compiling inoutputs.c...
compiling coolant_control.c...
compiling stm32utilities.c...
compiling stm32f4xx_hal_uart.c...
compiling eeprom.c...
compiling jog.c...
compiling limits.c...
compiling gcode.c...
compiling motion_control.c...
compiling nuts_bolts.c...
compiling planner.c...
compiling probe.c...
compiling print.c...
compiling protocol.c...
compiling serial.c...
compiling report.c...
compiling settings.c...
compiling spindle_control.c...
compiling stepper.c...
compiling system.c...
linking...
Program Size: Code=54352 RO-data=816 RW-data=44 ZI-data=19180  
FromELF: creating hex file...
"F46\F46.axf" - 0 Error(s), 0 Warning(s).

<h2>Software Packages used:</h2>

Package Vendor: ARM
                https://www.keil.com/pack/ARM.CMSIS.6.1.0.pack
                ARM::CMSIS@6.1.0
                CMSIS (Common Microcontroller Software Interface Standard)
   * Component: CORE Version: 6.1.0

Package Vendor: Keil
                https://www.keil.com/pack/Keil.STM32F4xx_DFP.3.0.0.pack
                Keil::STM32F4xx_DFP@3.0.0
                STMicroelectronics STM32F4 Series Device Support

<h2>Collection of Component include folders:</h2>
  ./RTE/_F46
  D:/d/software/keil/Packs/ARM/CMSIS/6.1.0/CMSIS/Core/Include

<h2>Collection of Component Files used:</h2>

   * Component: ARM::CMSIS:CORE@6.1.0
      Include file:  CMSIS/Core/Include/tz_context.h
Build Time Elapsed:  00:00:03
</pre>
</body>
</html>
